Component: ARM Compiler 5.06 update 6 (build 750) Tool: armlink [4d35ed]

==============================================================================

Section Cross References

    main.o(i.main) refers to driver.o(i.Driver_Init) for Driver_Init
    system_stm32f10x.o(i.SetSysClock) refers to system_stm32f10x.o(i.SetSysClockTo72) for SetSysClockTo72
    system_stm32f10x.o(i.SystemCoreClockUpdate) refers to system_stm32f10x.o(.data) for SystemCoreClock
    system_stm32f10x.o(i.SystemInit) refers to system_stm32f10x.o(i.SetSysClock) for SetSysClock
    startup_stm32f10x_hd.o(STACK) refers (Special) to heapauxi.o(.text) for __use_two_region_memory
    startup_stm32f10x_hd.o(HEAP) refers (Special) to heapauxi.o(.text) for __use_two_region_memory
    startup_stm32f10x_hd.o(RESET) refers (Special) to heapauxi.o(.text) for __use_two_region_memory
    startup_stm32f10x_hd.o(RESET) refers to startup_stm32f10x_hd.o(STACK) for __initial_sp
    startup_stm32f10x_hd.o(RESET) refers to startup_stm32f10x_hd.o(.text) for Reset_Handler
    startup_stm32f10x_hd.o(RESET) refers to stm32f10x_it.o(i.NMI_Handler) for NMI_Handler
    startup_stm32f10x_hd.o(RESET) refers to stm32f10x_it.o(i.HardFault_Handler) for HardFault_Handler
    startup_stm32f10x_hd.o(RESET) refers to stm32f10x_it.o(i.MemManage_Handler) for MemManage_Handler
    startup_stm32f10x_hd.o(RESET) refers to stm32f10x_it.o(i.BusFault_Handler) for BusFault_Handler
    startup_stm32f10x_hd.o(RESET) refers to stm32f10x_it.o(i.UsageFault_Handler) for UsageFault_Handler
    startup_stm32f10x_hd.o(RESET) refers to stm32f10x_it.o(i.SVC_Handler) for SVC_Handler
    startup_stm32f10x_hd.o(RESET) refers to stm32f10x_it.o(i.DebugMon_Handler) for DebugMon_Handler
    startup_stm32f10x_hd.o(RESET) refers to stm32f10x_it.o(i.PendSV_Handler) for PendSV_Handler
    startup_stm32f10x_hd.o(RESET) refers to delay.o(i.SysTick_Handler) for SysTick_Handler
    startup_stm32f10x_hd.o(RESET) refers to encoder.o(i.EXTI3_IRQHandler) for EXTI3_IRQHandler
    startup_stm32f10x_hd.o(RESET) refers to encoder.o(i.EXTI4_IRQHandler) for EXTI4_IRQHandler
    startup_stm32f10x_hd.o(RESET) refers to timer.o(i.TIM2_IRQHandler) for TIM2_IRQHandler
    startup_stm32f10x_hd.o(RESET) refers to timer.o(i.TIM3_IRQHandler) for TIM3_IRQHandler
    startup_stm32f10x_hd.o(RESET) refers to usart1.o(i.USART1_IRQHandler) for USART1_IRQHandler
    startup_stm32f10x_hd.o(RESET) refers to timer.o(i.TIM5_IRQHandler) for TIM5_IRQHandler
    startup_stm32f10x_hd.o(.text) refers (Special) to heapauxi.o(.text) for __use_two_region_memory
    startup_stm32f10x_hd.o(.text) refers to system_stm32f10x.o(i.SystemInit) for SystemInit
    startup_stm32f10x_hd.o(.text) refers to __main.o(!!!main) for __main
    startup_stm32f10x_hd.o(.text) refers to startup_stm32f10x_hd.o(HEAP) for Heap_Mem
    startup_stm32f10x_hd.o(.text) refers to startup_stm32f10x_hd.o(STACK) for Stack_Mem
    stm32f10x_adc.o(i.ADC_DeInit) refers to stm32f10x_rcc.o(i.RCC_APB2PeriphResetCmd) for RCC_APB2PeriphResetCmd
    stm32f10x_bkp.o(i.BKP_DeInit) refers to stm32f10x_rcc.o(i.RCC_BackupResetCmd) for RCC_BackupResetCmd
    stm32f10x_can.o(i.CAN_DeInit) refers to stm32f10x_rcc.o(i.RCC_APB1PeriphResetCmd) for RCC_APB1PeriphResetCmd
    stm32f10x_can.o(i.CAN_GetITStatus) refers to stm32f10x_can.o(i.CheckITStatus) for CheckITStatus
    stm32f10x_cec.o(i.CEC_DeInit) refers to stm32f10x_rcc.o(i.RCC_APB1PeriphResetCmd) for RCC_APB1PeriphResetCmd
    stm32f10x_dac.o(i.DAC_DeInit) refers to stm32f10x_rcc.o(i.RCC_APB1PeriphResetCmd) for RCC_APB1PeriphResetCmd
    stm32f10x_flash.o(i.FLASH_EnableWriteProtection) refers to stm32f10x_flash.o(i.FLASH_WaitForLastOperation) for FLASH_WaitForLastOperation
    stm32f10x_flash.o(i.FLASH_EraseAllBank1Pages) refers to stm32f10x_flash.o(i.FLASH_WaitForLastBank1Operation) for FLASH_WaitForLastBank1Operation
    stm32f10x_flash.o(i.FLASH_EraseAllPages) refers to stm32f10x_flash.o(i.FLASH_WaitForLastOperation) for FLASH_WaitForLastOperation
    stm32f10x_flash.o(i.FLASH_EraseOptionBytes) refers to stm32f10x_flash.o(i.FLASH_GetReadOutProtectionStatus) for FLASH_GetReadOutProtectionStatus
    stm32f10x_flash.o(i.FLASH_EraseOptionBytes) refers to stm32f10x_flash.o(i.FLASH_WaitForLastOperation) for FLASH_WaitForLastOperation
    stm32f10x_flash.o(i.FLASH_ErasePage) refers to stm32f10x_flash.o(i.FLASH_WaitForLastOperation) for FLASH_WaitForLastOperation
    stm32f10x_flash.o(i.FLASH_ProgramHalfWord) refers to stm32f10x_flash.o(i.FLASH_WaitForLastOperation) for FLASH_WaitForLastOperation
    stm32f10x_flash.o(i.FLASH_ProgramOptionByteData) refers to stm32f10x_flash.o(i.FLASH_WaitForLastOperation) for FLASH_WaitForLastOperation
    stm32f10x_flash.o(i.FLASH_ProgramWord) refers to stm32f10x_flash.o(i.FLASH_WaitForLastOperation) for FLASH_WaitForLastOperation
    stm32f10x_flash.o(i.FLASH_ReadOutProtection) refers to stm32f10x_flash.o(i.FLASH_WaitForLastOperation) for FLASH_WaitForLastOperation
[...]
    .ARM.Collect$$libinit$$0000001F          0x080001a6   Section        0  libinit2.o(.ARM.Collect$$libinit$$0000001F)
    .ARM.Collect$$libinit$$00000021          0x080001a6   Section        0  libinit2.o(.ARM.Collect$$libinit$$00000021)
    .ARM.Collect$$libinit$$00000023          0x080001a6   Section        0  libinit2.o(.ARM.Collect$$libinit$$00000023)
    .ARM.Collect$$libinit$$00000025          0x080001a6   Section        0  libinit2.o(.ARM.Collect$$libinit$$00000025)
    .ARM.Collect$$libinit$$0000002C          0x080001a6   Section        0  libinit2.o(.ARM.Collect$$libinit$$0000002C)
    .ARM.Collect$$libinit$$0000002E          0x080001a6   Section        0  libinit2.o(.ARM.Collect$$libinit$$0000002E)
    .ARM.Collect$$libinit$$00000030          0x080001a6   Section        0  libinit2.o(.ARM.Collect$$libinit$$00000030)
    .ARM.Collect$$libinit$$00000032          0x080001a6   Section        0  libinit2.o(.ARM.Collect$$libinit$$00000032)
    .ARM.Collect$$libinit$$00000033          0x080001a6   Section        2  libinit2.o(.ARM.Collect$$libinit$$00000033)
    .ARM.Collect$$libshutdown$$00000000      0x080001a8   Section        2  libshutdown.o(.ARM.Collect$$libshutdown$$00000000)
    .ARM.Collect$$libshutdown$$00000002      0x080001aa   Section        0  libshutdown2.o(.ARM.Collect$$libshutdown$$00000002)
    .ARM.Collect$$libshutdown$$00000004      0x080001aa   Section        0  libshutdown2.o(.ARM.Collect$$libshutdown$$00000004)
    .ARM.Collect$$libshutdown$$00000007      0x080001aa   Section        0  libshutdown2.o(.ARM.Collect$$libshutdown$$00000007)
    .ARM.Collect$$libshutdown$$0000000A      0x080001aa   Section        0  libshutdown2.o(.ARM.Collect$$libshutdown$$0000000A)
    .ARM.Collect$$libshutdown$$0000000C      0x080001aa   Section        0  libshutdown2.o(.ARM.Collect$$libshutdown$$0000000C)
    .ARM.Collect$$libshutdown$$0000000F      0x080001aa   Section        0  libshutdown2.o(.ARM.Collect$$libshutdown$$0000000F)
    .ARM.Collect$$libshutdown$$00000010      0x080001aa   Section        2  libshutdown2.o(.ARM.Collect$$libshutdown$$00000010)
    .ARM.Collect$$rtentry$$00000000          0x080001ac   Section        0  __rtentry.o(.ARM.Collect$$rtentry$$00000000)
    .ARM.Collect$$rtentry$$00000002          0x080001ac   Section        0  __rtentry2.o(.ARM.Collect$$rtentry$$00000002)
    .ARM.Collect$$rtentry$$00000004          0x080001ac   Section        6  __rtentry4.o(.ARM.Collect$$rtentry$$00000004)
    .ARM.Collect$$rtentry$$00000009          0x080001b2   Section        0  __rtentry2.o(.ARM.Collect$$rtentry$$00000009)
    .ARM.Collect$$rtentry$$0000000A          0x080001b2   Section        4  __rtentry2.o(.ARM.Collect$$rtentry$$0000000A)
    .ARM.Collect$$rtentry$$0000000C          0x080001b6   Section        0  __rtentry2.o(.ARM.Collect$$rtentry$$0000000C)
    .ARM.Collect$$rtentry$$0000000D          0x080001b6   Section        8  __rtentry2.o(.ARM.Collect$$rtentry$$0000000D)
    .ARM.Collect$$rtexit$$00000000           0x080001be   Section        2  rtexit.o(.ARM.Collect$$rtexit$$00000000)
    .ARM.Collect$$rtexit$$00000002           0x080001c0   Section        0  rtexit2.o(.ARM.Collect$$rtexit$$00000002)
    .ARM.Collect$$rtexit$$00000003           0x080001c0   Section        4  rtexit2.o(.ARM.Collect$$rtexit$$00000003)
    .ARM.Collect$$rtexit$$00000004           0x080001c4   Section        6  rtexit2.o(.ARM.Collect$$rtexit$$00000004)
    .text                                    0x080001cc   Section       64  startup_stm32f10x_hd.o(.text)
    .text                                    0x0800020c   Section        2  use_no_semi_2.o(.text)
    .text                                    0x0800020e   Section        0  heapauxi.o(.text)
    .text                                    0x08000214   Section        2  use_no_semi.o(.text)
    .text                                    0x08000216   Section       74  sys_stackheap_outer.o(.text)
    .text                                    0x08000260   Section        0  exit.o(.text)
    .text                                    0x08000274   Section        8  libspace.o(.text)
    i.ADC_Cmd                                0x0800027c   Section        0  stm32f10x_adc.o(i.ADC_Cmd)
    i.ADC_DeInit                             0x08000294   Section        0  stm32f10x_adc.o(i.ADC_DeInit)
    i.ADC_GetCalibrationStatus               0x080002f0   Section        0  stm32f10x_adc.o(i.ADC_GetCalibrationStatus)
    i.ADC_GetResetCalibrationStatus          0x08000304   Section        0  stm32f10x_adc.o(i.ADC_GetResetCalibrationStatus)
    i.ADC_Init                               0x08000318   Section        0  stm32f10x_adc.o(i.ADC_Init)
    i.ADC_ResetCalibration                   0x08000368   Section        0  stm32f10x_adc.o(i.ADC_ResetCalibration)
    i.ADC_StartCalibration                   0x08000372   Section        0  stm32f10x_adc.o(i.ADC_StartCalibration)
    i.ANO_DT_Send_MotoPWM                    0x0800037c   Section        0  datatransfer.o(i.ANO_DT_Send_MotoPWM)
    i.ANO_DT_Send_Senser                     0x080004a8   Section        0  datatransfer.o(i.ANO_DT_Send_Senser)
    i.Adc_Init                               0x08000624   Section        0  adc.o(i.Adc_Init)
    i.BusFault_Handler                       0x080006b0   Section        0  stm32f10x_it.o(i.BusFault_Handler)
    i.DMA_ClearFlag                          0x080006b4   Section        0  stm32f10x_dma.o(i.DMA_ClearFlag)
    i.DMA_Cmd                                0x080006d0   Section        0  stm32f10x_dma.o(i.DMA_Cmd)
    i.DMA_DeInit                             0x080006e8   Section        0  stm32f10x_dma.o(i.DMA_DeInit)
    i.DMA_Init                               0x08000834   Section        0  stm32f10x_dma.o(i.DMA_Init)
    i.DMA_SetCurrDataCounter                 0x08000870   Section        0  stm32f10x_dma.o(i.DMA_SetCurrDataCounter)
    i.Data_Send                              0x08000874   Section        0  datatransfer.o(i.Data_Send)
    Data_Send                                0x08000875   Thumb Code    16  datatransfer.o(i.Data_Send)
    i.DatatransferTask                       0x08000884   Section        0  datatransfer.o(i.DatatransferTask)
    i.DebugMon_Handler                       0x0800093c   Section        0  stm32f10x_it.o(i.DebugMon_Handler)
    i.Driver_Init                            0x0800093e   Section        0  driver.o(i.Driver_Init)
    i.Duty_1000ms                            0x0800096a   Section        0  dutytask.o(i.Duty_1000ms)
    i.Duty_100ms                             0x0800096c   Section        0  dutytask.o(i.Duty_100ms)
    i.Duty_10ms                              0x0800096e   Section        0  dutytask.o(i.Duty_10ms)
    i.Duty_20ms                              0x08000976   Section        0  dutytask.o(i.Duty_20ms)
    i.Duty_500ms                             0x0800097e   Section        0  dutytask.o(i.Duty_500ms)
    i.Duty_50ms                              0x08000988   Section        0  dutytask.o(i.Duty_50ms)
    i.EXTI3_IRQHandler                       0x080009ac   Section        0  encoder.o(i.EXTI3_IRQHandler)
    i.EXTI4_IRQHandler                       0x080009dc   Section        0  encoder.o(i.EXTI4_IRQHandler)
    i.EXTIX_Init                             0x08000a20   Section        0  encoder.o(i.EXTIX_Init)
    i.EXTI_ClearITPendingBit                 0x08000ac4   Section        0  stm32f10x_exti.o(i.EXTI_ClearITPendingBit)
    i.EXTI_GetITStatus                       0x08000ad0   Section        0  stm32f10x_exti.o(i.EXTI_GetITStatus)
    i.EXTI_Init                              0x08000af8   Section        0  stm32f10x_exti.o(i.EXTI_Init)
    i.FanMotor_Close                         0x08000b8c   Section        0  motor.o(i.FanMotor_Close)
    i.FanMotor_Open                          0x08000ba0   Section        0  motor.o(i.FanMotor_Open)
    i.GPIO_EXTILineConfig                    0x08000bb4   Section        0  stm32f10x_gpio.o(i.GPIO_EXTILineConfig)
    i.GPIO_Init                              0x08000bf4   Section        0  stm32f10x_gpio.o(i.GPIO_Init)
    i.GPIO_PinRemapConfig                    0x08000d0c   Section        0  stm32f10x_gpio.o(i.GPIO_PinRemapConfig)
    i.GPIO_ReadOutputDataBit                 0x08000d9c   Section        0  stm32f10x_gpio.o(i.GPIO_ReadOutputDataBit)
    i.GPIO_ResetBits                         0x08000dae   Section        0  stm32f10x_gpio.o(i.GPIO_ResetBits)
    i.GPIO_SetBits                           0x08000db2   Section        0  stm32f10x_gpio.o(i.GPIO_SetBits)
    i.GetCarInfo                             0x08000db8   Section        0  search.o(i.GetCarInfo)
    i.Get_Distance_Front                     0x08000e80   Section        0  measure.o(i.Get_Distance_Front)
    i.Get_Distance_Left                      0x08000f30   Section        0  measure.o(i.Get_Distance_Left)
    i.Get_Distance_Right                     0x08000ff4   Section        0  measure.o(i.Get_Distance_Right)
    i.HardFault_Handler                      0x080010b8   Section        0  stm32f10x_it.o(i.HardFault_Handler)
    i.LED_Init                               0x080010bc   Section        0  led.o(i.LED_Init)
    i.LED_TOGGLE                             0x080010f0   Section        0  led.o(i.LED_TOGGLE)
    i.MemManage_Handler                      0x08001114   Section        0  stm32f10x_it.o(i.MemManage_Handler)
    i.MotorLeft                              0x08001118   Section        0  motor.o(i.MotorLeft)
    i.MotorRight                             0x08001148   Section        0  motor.o(i.MotorRight)
    i.NMI_Handler                            0x0800117c   Section        0  stm32f10x_it.o(i.NMI_Handler)
    i.NVIC_Init                              0x08001180   Section        0  misc.o(i.NVIC_Init)
    i.NVIC_PriorityGroupConfig               0x080011f0   Section        0  misc.o(i.NVIC_PriorityGroupConfig)
    i.NVIC_RESETPRIMASK                      0x08001204   Section        0  system.o(i.NVIC_RESETPRIMASK)
    i.NVIC_SETPRIMASK                        0x08001208   Section        0  system.o(i.NVIC_SETPRIMASK)
    i.Navigate                               0x0800120c   Section        0  search.o(i.Navigate)
    i.PWM_Init                               0x08001230   Section        0  timer.o(i.PWM_Init)
    i.PendSV_Handler                         0x080012e4   Section        0  stm32f10x_it.o(i.PendSV_Handler)
    i.Pos_ControlEncoder                     0x080012e8   Section        0  pid.o(i.Pos_ControlEncoder)
    i.Pos_ControlRight                       0x0800134c   Section        0  pid.o(i.Pos_ControlRight)
    i.RCC_ADCCLKConfig                       0x080015d8   Section        0  stm32f10x_rcc.o(i.RCC_ADCCLKConfig)
    i.RCC_AHBPeriphClockCmd                  0x080015f0   Section        0  stm32f10x_rcc.o(i.RCC_AHBPeriphClockCmd)
    i.RCC_APB1PeriphClockCmd                 0x08001610   Section        0  stm32f10x_rcc.o(i.RCC_APB1PeriphClockCmd)
    i.RCC_APB2PeriphClockCmd                 0x08001630   Section        0  stm32f10x_rcc.o(i.RCC_APB2PeriphClockCmd)
    i.RCC_APB2PeriphResetCmd                 0x08001650   Section        0  stm32f10x_rcc.o(i.RCC_APB2PeriphResetCmd)
    i.RCC_GetClocksFreq                      0x08001670   Section        0  stm32f10x_rcc.o(i.RCC_GetClocksFreq)
    i.SVC_Handler                            0x08001744   Section        0  stm32f10x_it.o(i.SVC_Handler)
    i.SenserOffsetInit                       0x08001748   Section        0  parameters.o(i.SenserOffsetInit)
    i.SensordataReset                        0x08001784   Section        0  parameters.o(i.SensordataReset)
    i.SetSysClock                            0x080017ac   Section        0  system_stm32f10x.o(i.SetSysClock)
    SetSysClock                              0x080017ad   Thumb Code     8  system_stm32f10x.o(i.SetSysClock)
    i.SetSysClockTo72                        0x080017b4   Section        0  system_stm32f10x.o(i.SetSysClockTo72)
    SetSysClockTo72                          0x080017b5   Thumb Code   214  system_stm32f10x.o(i.SetSysClockTo72)
    i.SysTick_CLKSourceConfig                0x08001894   Section        0  misc.o(i.SysTick_CLKSourceConfig)
    i.SysTick_Handler                        0x080018bc   Section        0  delay.o(i.SysTick_Handler)
    i.SysTick_Init                           0x080018f8   Section        0  delay.o(i.SysTick_Init)
    i.SystemInit                             0x08001988   Section        0  system_stm32f10x.o(i.SystemInit)
    i.TI1_Config                             0x080019e8   Section        0  stm32f10x_tim.o(i.TI1_Config)
    TI1_Config                               0x080019e9   Thumb Code   108  stm32f10x_tim.o(i.TI1_Config)
    i.TI2_Config                             0x08001a68   Section        0  stm32f10x_tim.o(i.TI2_Config)
    TI2_Config                               0x08001a69   Thumb Code   130  stm32f10x_tim.o(i.TI2_Config)
    i.TI3_Config                             0x08001b00   Section        0  stm32f10x_tim.o(i.TI3_Config)
    TI3_Config                               0x08001b01   Thumb Code   122  stm32f10x_tim.o(i.TI3_Config)
    i.TI4_Config                             0x08001b90   Section        0  stm32f10x_tim.o(i.TI4_Config)
    TI4_Config                               0x08001b91   Thumb Code   130  stm32f10x_tim.o(i.TI4_Config)
    i.TIM2_IRQHandler                        0x08001c28   Section        0  timer.o(i.TIM2_IRQHandler)
    i.TIM3_IRQHandler                        0x08001ca0   Section        0  timer.o(i.TIM3_IRQHandler)
    i.TIM5_IRQHandler                        0x08001d1c   Section        0  timer.o(i.TIM5_IRQHandler)
    i.TIM_ARRPreloadConfig                   0x08001d98   Section        0  stm32f10x_tim.o(i.TIM_ARRPreloadConfig)
    i.TIM_ClearITPendingBit                  0x08001db0   Section        0  stm32f10x_tim.o(i.TIM_ClearITPendingBit)
    i.TIM_Cmd                                0x08001db6   Section        0  stm32f10x_tim.o(i.TIM_Cmd)
    i.TIM_CtrlPWMOutputs                     0x08001dce   Section        0  stm32f10x_tim.o(i.TIM_CtrlPWMOutputs)
    i.TIM_GetITStatus                        0x08001dec   Section        0  stm32f10x_tim.o(i.TIM_GetITStatus)
    i.TIM_ICInit                             0x08001e10   Section        0  stm32f10x_tim.o(i.TIM_ICInit)
    i.TIM_ITConfig                           0x08001ebc   Section        0  stm32f10x_tim.o(i.TIM_ITConfig)
    i.TIM_OC1Init                            0x08001ed0   Section        0  stm32f10x_tim.o(i.TIM_OC1Init)
    i.TIM_OC1PreloadConfig                   0x08001f68   Section        0  stm32f10x_tim.o(i.TIM_OC1PreloadConfig)
    i.TIM_OC2Init                            0x08001f7c   Section        0  stm32f10x_tim.o(i.TIM_OC2Init)
    i.TIM_OC2PolarityConfig                  0x08002020   Section        0  stm32f10x_tim.o(i.TIM_OC2PolarityConfig)
    i.TIM_OC2PreloadConfig                   0x0800203a   Section        0  stm32f10x_tim.o(i.TIM_OC2PreloadConfig)
    i.TIM_OC3PolarityConfig                  0x08002054   Section        0  stm32f10x_tim.o(i.TIM_OC3PolarityConfig)
    i.TIM_SetCompare1                        0x0800206e   Section        0  stm32f10x_tim.o(i.TIM_SetCompare1)
    i.TIM_SetCompare2                        0x08002072   Section        0  stm32f10x_tim.o(i.TIM_SetCompare2)
    i.TIM_SetIC1Prescaler                    0x08002076   Section        0  stm32f10x_tim.o(i.TIM_SetIC1Prescaler)
    i.TIM_SetIC2Prescaler                    0x08002088   Section        0  stm32f10x_tim.o(i.TIM_SetIC2Prescaler)
    i.TIM_SetIC3Prescaler                    0x080020a2   Section        0  stm32f10x_tim.o(i.TIM_SetIC3Prescaler)
    i.TIM_SetIC4Prescaler                    0x080020b4   Section        0  stm32f10x_tim.o(i.TIM_SetIC4Prescaler)
    i.TIM_TimeBaseInit                       0x080020d0   Section        0  stm32f10x_tim.o(i.TIM_TimeBaseInit)
    i.Turn                                   0x08002174   Section        0  search.o(i.Turn)
    i.TurnLeft_WithFW                        0x080021a4   Section        0  motor.o(i.TurnLeft_WithFW)
    i.TurnRight_WithFW                       0x080021c0   Section        0  motor.o(i.TurnRight_WithFW)
    i.USART1_IRQHandler                      0x080021dc   Section        0  usart1.o(i.USART1_IRQHandler)
    i.USART_Cmd                              0x08002218   Section        0  stm32f10x_usart.o(i.USART_Cmd)
    i.USART_DMACmd                           0x08002230   Section        0  stm32f10x_usart.o(i.USART_DMACmd)
    i.USART_GetITStatus                      0x08002242   Section        0  stm32f10x_usart.o(i.USART_GetITStatus)
    i.USART_ITConfig                         0x08002296   Section        0  stm32f10x_usart.o(i.USART_ITConfig)
    i.USART_Init                             0x080022e0   Section        0  stm32f10x_usart.o(i.USART_Init)
    i.UsageFault_Handler                     0x080023b8   Section        0  stm32f10x_it.o(i.UsageFault_Handler)
    i.Usart1_Init                            0x080023bc   Section        0  usart1.o(i.Usart1_Init)
    i.Usart1_Send                            0x080024ec   Section        0  usart1.o(i.Usart1_Send)
    i.Wave_Init                              0x08002530   Section        0  timer.o(i.Wave_Init)
    i._sys_exit                              0x08002774   Section        0  usart1.o(i._sys_exit)
    i.delay_ms                               0x08002778   Section        0  delay.o(i.delay_ms)
    i.delay_us                               0x0800278c   Section        0  delay.o(i.delay_us)
    i.fire_fighting                          0x080027dc   Section        0  fire_fighting.o(i.fire_fighting)
    i.kalmanfilter_l                         0x08002844   Section        0  filter.o(i.kalmanfilter_l)
    i.kalmanfilter_r                         0x08002938   Section        0  filter.o(i.kalmanfilter_r)
    i.main                                   0x08002a2c   Section        0  main.o(i.main)
    i.taskloop                               0x08002a34   Section        0  dutytask.o(i.taskloop)
    i.turn_left45                            0x08002aa8   Section        0  motor.o(i.turn_left45)
    i.turn_left45_return                     0x08002ac6   Section        0  motor.o(i.turn_left45_return)
    i.turn_left_withdelay                    0x08002ae6   Section        0  motor.o(i.turn_left_withdelay)
    i.turn_right45                           0x08002b0c   Section        0  motor.o(i.turn_right45)
    i.turn_right45_return                    0x08002b2a   Section        0  motor.o(i.turn_right45_return)
    i.turn_right_withdelay                   0x08002b4a   Section        0  motor.o(i.turn_right_withdelay)
    i.update_info                            0x08002b6c   Section        0  search.o(i.update_info)
    x$fpl$dcmpinf                            0x08002c28   Section       24  dcmpi.o(x$fpl$dcmpinf)
    x$fpl$dleqf                              0x08002c40   Section      120  dleqf.o(x$fpl$dleqf)
    x$fpl$dnaninf                            0x08002cb8   Section      156  dnaninf.o(x$fpl$dnaninf)
    x$fpl$dretinf                            0x08002d54   Section       12  dretinf.o(x$fpl$dretinf)
    x$fpl$drleqf                             0x08002d60   Section      108  drleqf.o(x$fpl$drleqf)
    x$fpl$f2d                                0x08002dcc   Section       86  f2d.o(x$fpl$f2d)
    x$fpl$fadd                               0x08002e24   Section      196  faddsub_clz.o(x$fpl$fadd)
    _fadd1                                   0x08002e33   Thumb Code     0  faddsub_clz.o(x$fpl$fadd)
    x$fpl$fcmpinf                            0x08002ee8   Section       24  fcmpi.o(x$fpl$fcmpinf)
    x$fpl$fdiv                               0x08002f00   Section      388  fdiv.o(x$fpl$fdiv)
    _fdiv1                                   0x08002f01   Thumb Code     0  fdiv.o(x$fpl$fdiv)
    x$fpl$feqf                               0x08003084   Section      104  feqf.o(x$fpl$feqf)
    x$fpl$ffix                               0x080030ec   Section       54  ffix.o(x$fpl$ffix)
    x$fpl$ffixu                              0x08003124   Section       62  ffixu.o(x$fpl$ffixu)
    x$fpl$fflt                               0x08003164   Section       48  fflt_clz.o(x$fpl$fflt)
    x$fpl$ffltu                              0x08003194   Section       38  fflt_clz.o(x$fpl$ffltu)
    x$fpl$fleqf                              0x080031bc   Section      104  fleqf.o(x$fpl$fleqf)
    x$fpl$fmul                               0x08003224   Section      258  fmul.o(x$fpl$fmul)
    x$fpl$fnaninf                            0x08003326   Section      140  fnaninf.o(x$fpl$fnaninf)
    x$fpl$fretinf                            0x080033b2   Section       10  fretinf.o(x$fpl$fretinf)
    x$fpl$frleqf                             0x080033bc   Section       98  frleqf.o(x$fpl$frleqf)
    x$fpl$frsb                               0x0800341e   Section       20  faddsub_clz.o(x$fpl$frsb)
    x$fpl$fsub                               0x08003434   Section      234  faddsub_clz.o(x$fpl$fsub)
    _fsub1                                   0x08003443   Thumb Code     0  faddsub_clz.o(x$fpl$fsub)
    x$fpl$usenofp                            0x0800351e   Section        0  usenofp.o(x$fpl$usenofp)
    .data                                    0x20000000   Section       20  system_stm32f10x.o(.data)
    .data                                    0x20000014   Section       20  stm32f10x_rcc.o(.data)
    APBAHBPrescTable                         0x20000014   Data          16  stm32f10x_rcc.o(.data)
    ADCPrescTable                            0x20000024   Data           4  stm32f10x_rcc.o(.data)
    .data                                    0x20000028   Section        1  delay.o(.data)
    fac_us                                   0x20000028   Data           1  delay.o(.data)
    .data                                    0x2000002c   Section        8  encoder.o(.data)
    .data                                    0x20000034   Section       12  timer.o(.data)
    .data                                    0x20000040   Section        1  driver.o(.data)
    .data                                    0x20000044   Section        4  dutytask.o(.data)
    system_10ms                              0x20000044   Data           4  dutytask.o(.data)
    .data                                    0x20000048   Section       42  pid.o(.data)
    pos_pidparam                             0x20000048   Data          20  pid.o(.data)
    pos_pidstate                             0x2000005c   Data           8  pid.o(.data)
    fuzzyparam                               0x20000064   Data           7  pid.o(.data)
    fuzzyd                                   0x2000006b   Data           7  pid.o(.data)
    .data                                    0x20000072   Section        6  measure.o(.data)
    .data                                    0x20000078   Section        2  datatransfer.o(.data)
    flag                                     0x20000078   Data           2  datatransfer.o(.data)
    .data                                    0x2000007a   Section        2  parameters.o(.data)
    count                                    0x2000007a   Data           2  parameters.o(.data)
    .data                                    0x2000007c   Section        1  judge_fire.o(.data)
    .data                                    0x20000080   Section       52  search.o(.data)
    last_leftcount                           0x200000ac   Data           4  search.o(.data)
    last_rightcount                          0x200000b0   Data           4  search.o(.data)
    .data                                    0x200000b4   Section       77  filter.o(.data)
    x_mid1                                   0x200000b4   Data           4  filter.o(.data)
    x_last1                                  0x200000b8   Data           4  filter.o(.data)
    p_mid1                                   0x200000bc   Data           4  filter.o(.data)
    p_last1                                  0x200000c0   Data           4  filter.o(.data)
    p_now1                                   0x200000c4   Data           4  filter.o(.data)
    x_now1                                   0x200000c8   Data           4  filter.o(.data)
    Q1                                       0x200000cc   Data           4  filter.o(.data)
    kg1                                      0x200000d0   Data           4  filter.o(.data)
    R1                                       0x200000d4   Data           4  filter.o(.data)
    init_flag1                               0x200000d8   Data           1  filter.o(.data)
    x_mid2                                   0x200000dc   Data           4  filter.o(.data)
    x_last2                                  0x200000e0   Data           4  filter.o(.data)
    p_mid2                                   0x200000e4   Data           4  filter.o(.data)
    p_last2                                  0x200000e8   Data           4  filter.o(.data)
    p_now2                                   0x200000ec   Data           4  filter.o(.data)
    x_now2                                   0x200000f0   Data           4  filter.o(.data)
    Q2                                       0x200000f4   Data           4  filter.o(.data)
    kg2                                      0x200000f8   Data           4  filter.o(.data)
    R2                                       0x200000fc   Data           4  filter.o(.data)
    init_flag2                               0x20000100   Data           1  filter.o(.data)
    .bss                                     0x20000104   Section      512  usart1.o(.bss)
    .bss                                     0x20000304   Section       84  datatransfer.o(.bss)
    .bss                                     0x20000358   Section       96  libspace.o(.bss)
    HEAP                                     0x200003b8   Section      512  startup_stm32f10x_hd.o(HEAP)
    Heap_Mem                                 0x200003b8   Data         512  startup_stm32f10x_hd.o(HEAP)
    STACK                                    0x200005b8   Section     1024  startup_stm32f10x_hd.o(STACK)
    Stack_Mem                                0x200005b8   Data        1024  startup_stm32f10x_hd.o(STACK)
    __initial_sp                             0x200009b8   Data           0  startup_stm32f10x_hd.o(STACK)

    Global Symbols

    Symbol Name                              Value     Ov Type        Size  Object(Section)

    BuildAttributes$$THM_ISAv4$P$D$K$B$S$PE$A:L22UL41UL21$X:L11$S22US41US21$IEEE1$IW$USESV6$~STKCKD$USESV7$~SHL$OSPACE$ROPI$EBA8$UX$STANDARDLIB$REQ8$PRES8$EABIv2 0x00000000   Number         0  anon$$obj.o ABSOLUTE
    __ARM_use_no_argv                        0x00000000   Number         0  main.o ABSOLUTE
    __ARM_exceptions_init                     - Undefined Weak Reference
    __alloca_initialize                       - Undefined Weak Reference
    __arm_preinit_                            - Undefined Weak Reference
    __cpp_initialize__aeabi_                  - Undefined Weak Reference
    __cxa_finalize                            - Undefined Weak Reference
    __rt_locale                               - Undefined Weak Reference
    __sigvec_lookup                           - Undefined Weak Reference
    _atexit_init                              - Undefined Weak Reference
    _call_atexit_fns                          - Undefined Weak Reference
    _clock_init                               - Undefined Weak Reference
    _fp_trap_init                             - Undefined Weak Reference
    _fp_trap_shutdown                         - Undefined Weak Reference
    _get_lc_collate                           - Undefined Weak Reference
    _get_lc_ctype                             - Undefined Weak Reference
    _get_lc_monetary                          - Undefined Weak Reference
    _get_lc_numeric                           - Undefined Weak Reference
    _get_lc_time                              - Undefined Weak Reference
    _getenv_init                              - Undefined Weak Reference
    _handle_redirection                       - Undefined Weak Reference
    _init_alloc                               - Undefined Weak Reference
    _init_user_alloc                          - Undefined Weak Reference
    _initio                                   - Undefined Weak Reference
    _rand_init                                - Undefined Weak Reference
    _signal_finish                            - Undefined Weak Reference
    _signal_init                              - Undefined Weak Reference
    _terminate_alloc                          - Undefined Weak Reference
    _terminate_user_alloc                     - Undefined Weak Reference
    _terminateio                              - Undefined Weak Reference
    __Vectors_Size                           0x00000130   Number         0  startup_stm32f10x_hd.o ABSOLUTE
    __Vectors                                0x08000000   Data           4  startup_stm32f10x_hd.o(RESET)
    __Vectors_End                            0x08000130   Data           0  startup_stm32f10x_hd.o(RESET)
    __main                                   0x08000131   Thumb Code     8  __main.o(!!!main)
    __scatterload                            0x08000139   Thumb Code     0  __scatter.o(!!!scatter)
    __scatterload_rt2                        0x08000139   Thumb Code    44  __scatter.o(!!!scatter)
    __scatterload_rt2_thumb_only             0x08000139   Thumb Code     0  __scatter.o(!!!scatter)
    __scatterload_null                       0x08000147   Thumb Code     0  __scatter.o(!!!scatter)
    __scatterload_copy                       0x0800016d   Thumb Code    26  __scatter_copy.o(!!handler_copy)
    __scatterload_zeroinit                   0x08000189   Thumb Code    28  __scatter_zi.o(!!handler_zi)
    __rt_lib_init                            0x080001a5   Thumb Code     0  libinit.o(.ARM.Collect$$libinit$$00000000)
    __rt_lib_init_alloca_1                   0x080001a7   Thumb Code     0  libinit2.o(.ARM.Collect$$libinit$$0000002E)
    __rt_lib_init_argv_1                     0x080001a7   Thumb Code     0  libinit2.o(.ARM.Collect$$libinit$$0000002C)
    __rt_lib_init_atexit_1                   0x080001a7   Thumb Code     0  libinit2.o(.ARM.Collect$$libinit$$0000001B)
    __rt_lib_init_clock_1                    0x080001a7   Thumb Code     0  libinit2.o(.ARM.Collect$$libinit$$00000021)
    __rt_lib_init_cpp_1                      0x080001a7   Thumb Code     0  libinit2.o(.ARM.Collect$$libinit$$00000032)
    __rt_lib_init_exceptions_1               0x080001a7   Thumb Code     0  libinit2.o(.ARM.Collect$$libinit$$00000030)
    __rt_lib_init_fp_1                       0x080001a7   Thumb Code     0  libinit2.o(.ARM.Collect$$libinit$$00000002)
    __rt_lib_init_fp_trap_1                  0x080001a7   Thumb Code     0  libinit2.o(.ARM.Collect$$libinit$$0000001F)
    __rt_lib_init_getenv_1                   0x080001a7   Thumb Code     0  libinit2.o(.ARM.Collect$$libinit$$00000023)
    __rt_lib_init_heap_1                     0x080001a7   Thumb Code     0  libinit2.o(.ARM.Collect$$libinit$$0000000A)
    __rt_lib_init_lc_collate_1               0x080001a7   Thumb Code     0  libinit2.o(.ARM.Collect$$libinit$$00000011)
    __rt_lib_init_lc_ctype_1                 0x080001a7   Thumb Code     0  libinit2.o(.ARM.Collect$$libinit$$00000013)
    __rt_lib_init_lc_monetary_1              0x080001a7   Thumb Code     0  libinit2.o(.ARM.Collect$$libinit$$00000015)
    __rt_lib_init_lc_numeric_1               0x080001a7   Thumb Code     0  libinit2.o(.ARM.Collect$$libinit$$00000017)
    __rt_lib_init_lc_time_1                  0x080001a7   Thumb Code     0  libinit2.o(.ARM.Collect$$libinit$$00000019)
    __rt_lib_init_preinit_1                  0x080001a7   Thumb Code     0  libinit2.o(.ARM.Collect$$libinit$$00000004)
    __rt_lib_init_rand_1                     0x080001a7   Thumb Code     0  libinit2.o(.ARM.Collect$$libinit$$0000000E)
    __rt_lib_init_return                     0x080001a7   Thumb Code     0  libinit2.o(.ARM.Collect$$libinit$$00000033)
    __rt_lib_init_signal_1                   0x080001a7   Thumb Code     0  libinit2.o(.ARM.Collect$$libinit$$0000001D)
    __rt_lib_init_stdio_1                    0x080001a7   Thumb Code     0  libinit2.o(.ARM.Collect$$libinit$$00000025)
    __rt_lib_init_user_alloc_1               0x080001a7   Thumb Code     0  libinit2.o(.ARM.Collect$$libinit$$0000000C)
    __rt_lib_shutdown                        0x080001a9   Thumb Code     0  libshutdown.o(.ARM.Collect$$libshutdown$$00000000)
    __rt_lib_shutdown_cpp_1                  0x080001ab   Thumb Code     0  libshutdown2.o(.ARM.Collect$$libshutdown$$00000002)
    __rt_lib_shutdown_fp_trap_1              0x080001ab   Thumb Code     0  libshutdown2.o(.ARM.Collect$$libshutdown$$00000007)
    __rt_lib_shutdown_heap_1                 0x080001ab   Thumb Code     0  libshutdown2.o(.ARM.Collect$$libshutdown$$0000000F)
    __rt_lib_shutdown_return                 0x080001ab   Thumb Code     0  libshutdown2.o(.ARM.Collect$$libshutdown$$00000010)
    __rt_lib_shutdown_signal_1               0x080001ab   Thumb Code     0  libshutdown2.o(.ARM.Collect$$libshutdown$$0000000A)
    __rt_lib_shutdown_stdio_1                0x080001ab   Thumb Code     0  libshutdown2.o(.ARM.Collect$$libshutdown$$00000004)
    __rt_lib_shutdown_user_alloc_1           0x080001ab   Thumb Code     0  libshutdown2.o(.ARM.Collect$$libshutdown$$0000000C)
    __rt_entry                               0x080001ad   Thumb Code     0  __rtentry.o(.ARM.Collect$$rtentry$$00000000)
    __rt_entry_presh_1                       0x080001ad   Thumb Code     0  __rtentry2.o(.ARM.Collect$$rtentry$$00000002)
    __rt_entry_sh                            0x080001ad   Thumb Code     0  __rtentry4.o(.ARM.Collect$$rtentry$$00000004)
    __rt_entry_li                            0x080001b3   Thumb Code     0  __rtentry2.o(.ARM.Collect$$rtentry$$0000000A)
    __rt_entry_postsh_1                      0x080001b3   Thumb Code     0  __rtentry2.o(.ARM.Collect$$rtentry$$00000009)
    __rt_entry_main                          0x080001b7   Thumb Code     0  __rtentry2.o(.ARM.Collect$$rtentry$$0000000D)
    __rt_entry_postli_1                      0x080001b7   Thumb Code     0  __rtentry2.o(.ARM.Collect$$rtentry$$0000000C)
    __rt_exit                                0x080001bf   Thumb Code     0  rtexit.o(.ARM.Collect$$rtexit$$00000000)
    __rt_exit_ls                             0x080001c1   Thumb Code     0  rtexit2.o(.ARM.Collect$$rtexit$$00000003)
    __rt_exit_prels_1                        0x080001c1   Thumb Code     0  rtexit2.o(.ARM.Collect$$rtexit$$00000002)
    __rt_exit_exit                           0x080001c5   Thumb Code     0  rtexit2.o(.ARM.Collect$$rtexit$$00000004)
    Reset_Handler                            0x080001cd   Thumb Code     8  startup_stm32f10x_hd.o(.text)
    ADC1_2_IRQHandler                        0x080001e7   Thumb Code     0  startup_stm32f10x_hd.o(.text)
    ADC3_IRQHandler                          0x080001e7   Thumb Code     0  startup_stm32f10x_hd.o(.text)
    CAN1_RX1_IRQHandler                      0x080001e7   Thumb Code     0  startup_stm32f10x_hd.o(.text)
    CAN1_SCE_IRQHandler                      0x080001e7   Thumb Code     0  startup_stm32f10x_hd.o(.text)
    DMA1_Channel1_IRQHandler                 0x080001e7   Thumb Code     0  startup_stm32f10x_hd.o(.text)
    DMA1_Channel2_IRQHandler                 0x080001e7   Thumb Code     0  startup_stm32f10x_hd.o(.text)
    DMA1_Channel3_IRQHandler                 0x080001e7   Thumb Code     0  startup_stm32f10x_hd.o(.text)
    DMA1_Channel4_IRQHandler                 0x080001e7   Thumb Code     0  startup_stm32f10x_hd.o(.text)
    DMA1_Channel5_IRQHandler                 0x080001e7   Thumb Code     0  startup_stm32f10x_hd.o(.text)
    DMA1_Channel6_IRQHandler                 0x080001e7   Thumb Code     0  startup_stm32f10x_hd.o(.text)
    DMA1_Channel7_IRQHandler                 0x080001e7   Thumb Code     0  startup_stm32f10x_hd.o(.text)
    DMA2_Channel1_IRQHandler                 0x080001e7   Thumb Code     0  startup_stm32f10x_hd.o(.text)
    DMA2_Channel2_IRQHandler                 0x080001e7   Thumb Code     0  startup_stm32f10x_hd.o(.text)
    DMA2_Channel3_IRQHandler                 0x080001e7   Thumb Code     0  startup_stm32f10x_hd.o(.text)
    DMA2_Channel4_5_IRQHandler               0x080001e7   Thumb Code     0  startup_stm32f10x_hd.o(.text)
    EXTI0_IRQHandler                         0x080001e7   Thumb Code     0  startup_stm32f10x_hd.o(.text)
    EXTI15_10_IRQHandler                     0x080001e7   Thumb Code     0  startup_stm32f10x_hd.o(.text)
    EXTI1_IRQHandler                         0x080001e7   Thumb Code     0  startup_stm32f10x_hd.o(.text)
    EXTI2_IRQHandler                         0x080001e7   Thumb Code     0  startup_stm32f10x_hd.o(.text)
    EXTI9_5_IRQHandler                       0x080001e7   Thumb Code     0  startup_stm32f10x_hd.o(.text)
    FLASH_IRQHandler                         0x080001e7   Thumb Code     0  startup_stm32f10x_hd.o(.text)
    FSMC_IRQHandler                          0x080001e7   Thumb Code     0  startup_stm32f10x_hd.o(.text)
    I2C1_ER_IRQHandler                       0x080001e7   Thumb Code     0  startup_stm32f10x_hd.o(.text)
    I2C1_EV_IRQHandler                       0x080001e7   Thumb Code     0  startup_stm32f10x_hd.o(.text)
    I2C2_ER_IRQHandler                       0x080001e7   Thumb Code     0  startup_stm32f10x_hd.o(.text)
    I2C2_EV_IRQHandler                       0x080001e7   Thumb Code     0  startup_stm32f10x_hd.o(.text)
    PVD_IRQHandler                           0x080001e7   Thumb Code     0  startup_stm32f10x_hd.o(.text)
    RCC_IRQHandler                           0x080001e7   Thumb Code     0  startup_stm32f10x_hd.o(.text)
    RTCAlarm_IRQHandler                      0x080001e7   Thumb Code     0  startup_stm32f10x_hd.o(.text)
    RTC_IRQHandler                           0x080001e7   Thumb Code     0  startup_stm32f10x_hd.o(.text)
    SDIO_IRQHandler                          0x080001e7   Thumb Code     0  startup_stm32f10x_hd.o(.text)
    SPI1_IRQHandler                          0x080001e7   Thumb Code     0  startup_stm32f10x_hd.o(.text)
    SPI2_IRQHandler                          0x080001e7   Thumb Code     0  startup_stm32f10x_hd.o(.text)
    SPI3_IRQHandler                          0x080001e7   Thumb Code     0  startup_stm32f10x_hd.o(.text)
    TAMPER_IRQHandler                        0x080001e7   Thumb Code     0  startup_stm32f10x_hd.o(.text)
    TIM1_BRK_IRQHandler                      0x080001e7   Thumb Code     0  startup_stm32f10x_hd.o(.text)
    TIM1_CC_IRQHandler                       0x080001e7   Thumb Code     0  startup_stm32f10x_hd.o(.text)
    TIM1_TRG_COM_IRQHandler                  0x080001e7   Thumb Code     0  startup_stm32f10x_hd.o(.text)
    TIM1_UP_IRQHandler                       0x080001e7   Thumb Code     0  startup_stm32f10x_hd.o(.text)
    TIM4_IRQHandler                          0x080001e7   Thumb Code     0  startup_stm32f10x_hd.o(.text)
    TIM6_IRQHandler                          0x080001e7   Thumb Code     0  startup_stm32f10x_hd.o(.text)
    TIM7_IRQHandler                          0x080001e7   Thumb Code     0  startup_stm32f10x_hd.o(.text)
    TIM8_BRK_IRQHandler                      0x080001e7   Thumb Code     0  startup_stm32f10x_hd.o(.text)
    TIM8_CC_IRQHandler                       0x080001e7   Thumb Code     0  startup_stm32f10x_hd.o(.text)
    TIM8_TRG_COM_IRQHandler                  0x080001e7   Thumb Code     0  startup_stm32f10x_hd.o(.text)
    TIM8_UP_IRQHandler                       0x080001e7   Thumb Code     0  startup_stm32f10x_hd.o(.text)
    UART4_IRQHandler                         0x080001e7   Thumb Code     0  startup_stm32f10x_hd.o(.text)
    UART5_IRQHandler                         0x080001e7   Thumb Code     0  startup_stm32f10x_hd.o(.text)
    USART2_IRQHandler                        0x080001e7   Thumb Code     0  startup_stm32f10x_hd.o(.text)
    USART3_IRQHandler                        0x080001e7   Thumb Code     0  startup_stm32f10x_hd.o(.text)
    USBWakeUp_IRQHandler                     0x080001e7   Thumb Code     0  startup_stm32f10x_hd.o(.text)
    USB_HP_CAN1_TX_IRQHandler                0x080001e7   Thumb Code     0  startup_stm32f10x_hd.o(.text)
    USB_LP_CAN1_RX0_IRQHandler               0x080001e7   Thumb Code     0  startup_stm32f10x_hd.o(.text)
    WWDG_IRQHandler                          0x080001e7   Thumb Code     0  startup_stm32f10x_hd.o(.text)
    __user_initial_stackheap                 0x080001e9   Thumb Code     0  startup_stm32f10x_hd.o(.text)
    __use_no_semihosting                     0x0800020d   Thumb Code     2  use_no_semi_2.o(.text)
    __use_two_region_memory                  0x0800020f   Thumb Code     2  heapauxi.o(.text)
    __rt_heap_escrow$2region                 0x08000211   Thumb Code     2  heapauxi.o(.text)
    __rt_heap_expand$2region                 0x08000213   Thumb Code     2  heapauxi.o(.text)
    __I$use$semihosting                      0x08000215   Thumb Code     0  use_no_semi.o(.text)
    __use_no_semihosting_swi                 0x08000215   Thumb Code     2  use_no_semi.o(.text)
    __user_setup_stackheap                   0x08000217   Thumb Code    74  sys_stackheap_outer.o(.text)
    exit                                     0x08000261   Thumb Code    18  exit.o(.text)
    __user_libspace                          0x08000275   Thumb Code     8  libspace.o(.text)
    __user_perproc_libspace                  0x08000275   Thumb Code     0  libspace.o(.text)
    __user_perthread_libspace                0x08000275   Thumb Code     0  libspace.o(.text)
    ADC_Cmd                                  0x0800027d   Thumb Code    22  stm32f10x_adc.o(i.ADC_Cmd)
    ADC_DeInit                               0x08000295   Thumb Code    78  stm32f10x_adc.o(i.ADC_DeInit)
    ADC_GetCalibrationStatus                 0x080002f1   Thumb Code    20  stm32f10x_adc.o(i.ADC_GetCalibrationStatus)
    ADC_GetResetCalibrationStatus            0x08000305   Thumb Code    20  stm32f10x_adc.o(i.ADC_GetResetCalibrationStatus)
    ADC_Init                                 0x08000319   Thumb Code    70  stm32f10x_adc.o(i.ADC_Init)
    ADC_ResetCalibration                     0x08000369   Thumb Code    10  stm32f10x_adc.o(i.ADC_ResetCalibration)
    ADC_StartCalibration                     0x08000373   Thumb Code    10  stm32f10x_adc.o(i.ADC_StartCalibration)
    ANO_DT_Send_MotoPWM                      0x0800037d   Thumb Code   294  datatransfer.o(i.ANO_DT_Send_MotoPWM)
    ANO_DT_Send_Senser                       0x080004a9   Thumb Code   374  datatransfer.o(i.ANO_DT_Send_Senser)
    Adc_Init                                 0x08000625   Thumb Code   132  adc.o(i.Adc_Init)
    BusFault_Handler                         0x080006b1   Thumb Code     4  stm32f10x_it.o(i.BusFault_Handler)
    DMA_ClearFlag                            0x080006b5   Thumb Code    18  stm32f10x_dma.o(i.DMA_ClearFlag)
    DMA_Cmd                                  0x080006d1   Thumb Code    24  stm32f10x_dma.o(i.DMA_Cmd)
    DMA_DeInit                               0x080006e9   Thumb Code   324  stm32f10x_dma.o(i.DMA_DeInit)
    DMA_Init                                 0x08000835   Thumb Code    60  stm32f10x_dma.o(i.DMA_Init)
    DMA_SetCurrDataCounter                   0x08000871   Thumb Code     4  stm32f10x_dma.o(i.DMA_SetCurrDataCounter)
    DatatransferTask                         0x08000885   Thumb Code   172  datatransfer.o(i.DatatransferTask)
    DebugMon_Handler                         0x0800093d   Thumb Code     2  stm32f10x_it.o(i.DebugMon_Handler)
    Driver_Init                              0x0800093f   Thumb Code    44  driver.o(i.Driver_Init)
    Duty_1000ms                              0x0800096b   Thumb Code     2  dutytask.o(i.Duty_1000ms)
    Duty_100ms                               0x0800096d   Thumb Code     2  dutytask.o(i.Duty_100ms)
    Duty_10ms                                0x0800096f   Thumb Code     8  dutytask.o(i.Duty_10ms)
    Duty_20ms                                0x08000977   Thumb Code     8  dutytask.o(i.Duty_20ms)
    Duty_500ms                               0x0800097f   Thumb Code     8  dutytask.o(i.Duty_500ms)
    Duty_50ms                                0x08000989   Thumb Code    26  dutytask.o(i.Duty_50ms)
    EXTI3_IRQHandler                         0x080009ad   Thumb Code    38  encoder.o(i.EXTI3_IRQHandler)
    EXTI4_IRQHandler                         0x080009dd   Thumb Code    54  encoder.o(i.EXTI4_IRQHandler)
    EXTIX_Init                               0x08000a21   Thumb Code   160  encoder.o(i.EXTIX_Init)
    EXTI_ClearITPendingBit                   0x08000ac5   Thumb Code     6  stm32f10x_exti.o(i.EXTI_ClearITPendingBit)
    EXTI_GetITStatus                         0x08000ad1   Thumb Code    34  stm32f10x_exti.o(i.EXTI_GetITStatus)
    EXTI_Init                                0x08000af9   Thumb Code   142  stm32f10x_exti.o(i.EXTI_Init)
    FanMotor_Close                           0x08000b8d   Thumb Code    14  motor.o(i.FanMotor_Close)
    FanMotor_Open                            0x08000ba1   Thumb Code    14  motor.o(i.FanMotor_Open)
    GPIO_EXTILineConfig                      0x08000bb5   Thumb Code    60  stm32f10x_gpio.o(i.GPIO_EXTILineConfig)
    GPIO_Init                                0x08000bf5   Thumb Code   278  stm32f10x_gpio.o(i.GPIO_Init)
    GPIO_PinRemapConfig                      0x08000d0d   Thumb Code   138  stm32f10x_gpio.o(i.GPIO_PinRemapConfig)
    GPIO_ReadOutputDataBit                   0x08000d9d   Thumb Code    18  stm32f10x_gpio.o(i.GPIO_ReadOutputDataBit)
    GPIO_ResetBits                           0x08000daf   Thumb Code     4  stm32f10x_gpio.o(i.GPIO_ResetBits)
    GPIO_SetBits                             0x08000db3   Thumb Code     4  stm32f10x_gpio.o(i.GPIO_SetBits)
    GetCarInfo                               0x08000db9   Thumb Code   170  search.o(i.GetCarInfo)
    Get_Distance_Front                       0x08000e81   Thumb Code   154  measure.o(i.Get_Distance_Front)
    Get_Distance_Left                        0x08000f31   Thumb Code   172  measure.o(i.Get_Distance_Left)
    Get_Distance_Right                       0x08000ff5   Thumb Code   172  measure.o(i.Get_Distance_Right)
    HardFault_Handler                        0x080010b9   Thumb Code     4  stm32f10x_it.o(i.HardFault_Handler)
    LED_Init                                 0x080010bd   Thumb Code    46  led.o(i.LED_Init)
    LED_TOGGLE                               0x080010f1   Thumb Code    32  led.o(i.LED_TOGGLE)
    MemManage_Handler                        0x08001115   Thumb Code     4  stm32f10x_it.o(i.MemManage_Handler)
    MotorLeft                                0x08001119   Thumb Code    40  motor.o(i.MotorLeft)
    MotorRight                               0x08001149   Thumb Code    42  motor.o(i.MotorRight)
    NMI_Handler                              0x0800117d   Thumb Code     2  stm32f10x_it.o(i.NMI_Handler)
    NVIC_Init                                0x08001181   Thumb Code   100  misc.o(i.NVIC_Init)
    NVIC_PriorityGroupConfig                 0x080011f1   Thumb Code    10  misc.o(i.NVIC_PriorityGroupConfig)
    NVIC_RESETPRIMASK                        0x08001205   Thumb Code     4  system.o(i.NVIC_RESETPRIMASK)
    NVIC_SETPRIMASK                          0x08001209   Thumb Code     4  system.o(i.NVIC_SETPRIMASK)
    Navigate                                 0x0800120d   Thumb Code    32  search.o(i.Navigate)
    PWM_Init                                 0x08001231   Thumb Code   170  timer.o(i.PWM_Init)
    PendSV_Handler                           0x080012e5   Thumb Code     2  stm32f10x_it.o(i.PendSV_Handler)
    Pos_ControlEncoder                       0x080012e9   Thumb Code    82  pid.o(i.Pos_ControlEncoder)
    Pos_ControlRight                         0x0800134d   Thumb Code   622  pid.o(i.Pos_ControlRight)
    RCC_ADCCLKConfig                         0x080015d9   Thumb Code    18  stm32f10x_rcc.o(i.RCC_ADCCLKConfig)
    RCC_AHBPeriphClockCmd                    0x080015f1   Thumb Code    26  stm32f10x_rcc.o(i.RCC_AHBPeriphClockCmd)
    RCC_APB1PeriphClockCmd                   0x08001611   Thumb Code    26  stm32f10x_rcc.o(i.RCC_APB1PeriphClockCmd)
    RCC_APB2PeriphClockCmd                   0x08001631   Thumb Code    26  stm32f10x_rcc.o(i.RCC_APB2PeriphClockCmd)
    RCC_APB2PeriphResetCmd                   0x08001651   Thumb Code    26  stm32f10x_rcc.o(i.RCC_APB2PeriphResetCmd)
    RCC_GetClocksFreq                        0x08001671   Thumb Code   192  stm32f10x_rcc.o(i.RCC_GetClocksFreq)
    SVC_Handler                              0x08001745   Thumb Code     2  stm32f10x_it.o(i.SVC_Handler)
    SenserOffsetInit                         0x08001749   Thumb Code    50  parameters.o(i.SenserOffsetInit)
    SensordataReset                          0x08001785   Thumb Code    28  parameters.o(i.SensordataReset)
    SysTick_CLKSourceConfig                  0x08001895   Thumb Code    40  misc.o(i.SysTick_CLKSourceConfig)
    SysTick_Handler                          0x080018bd   Thumb Code    54  delay.o(i.SysTick_Handler)
    SysTick_Init                             0x080018f9   Thumb Code   124  delay.o(i.SysTick_Init)
    SystemInit                               0x08001989   Thumb Code    78  system_stm32f10x.o(i.SystemInit)
    TIM2_IRQHandler                          0x08001c29   Thumb Code   112  timer.o(i.TIM2_IRQHandler)
    TIM3_IRQHandler                          0x08001ca1   Thumb Code   110  timer.o(i.TIM3_IRQHandler)
    TIM5_IRQHandler                          0x08001d1d   Thumb Code   110  timer.o(i.TIM5_IRQHandler)
    TIM_ARRPreloadConfig                     0x08001d99   Thumb Code    24  stm32f10x_tim.o(i.TIM_ARRPreloadConfig)
    TIM_ClearITPendingBit                    0x08001db1   Thumb Code     6  stm32f10x_tim.o(i.TIM_ClearITPendingBit)
    TIM_Cmd                                  0x08001db7   Thumb Code    24  stm32f10x_tim.o(i.TIM_Cmd)
    TIM_CtrlPWMOutputs                       0x08001dcf   Thumb Code    30  stm32f10x_tim.o(i.TIM_CtrlPWMOutputs)
    TIM_GetITStatus                          0x08001ded   Thumb Code    34  stm32f10x_tim.o(i.TIM_GetITStatus)
    TIM_ICInit                               0x08001e11   Thumb Code   150  stm32f10x_tim.o(i.TIM_ICInit)
    TIM_ITConfig                             0x08001ebd   Thumb Code    18  stm32f10x_tim.o(i.TIM_ITConfig)
    TIM_OC1Init                              0x08001ed1   Thumb Code   132  stm32f10x_tim.o(i.TIM_OC1Init)
    TIM_OC1PreloadConfig                     0x08001f69   Thumb Code    18  stm32f10x_tim.o(i.TIM_OC1PreloadConfig)
    TIM_OC2Init                              0x08001f7d   Thumb Code   154  stm32f10x_tim.o(i.TIM_OC2Init)
    TIM_OC2PolarityConfig                    0x08002021   Thumb Code    26  stm32f10x_tim.o(i.TIM_OC2PolarityConfig)
    TIM_OC2PreloadConfig                     0x0800203b   Thumb Code    26  stm32f10x_tim.o(i.TIM_OC2PreloadConfig)
    TIM_OC3PolarityConfig                    0x08002055   Thumb Code    26  stm32f10x_tim.o(i.TIM_OC3PolarityConfig)
    TIM_SetCompare1                          0x0800206f   Thumb Code     4  stm32f10x_tim.o(i.TIM_SetCompare1)
    TIM_SetCompare2                          0x08002073   Thumb Code     4  stm32f10x_tim.o(i.TIM_SetCompare2)
    TIM_SetIC1Prescaler                      0x08002077   Thumb Code    18  stm32f10x_tim.o(i.TIM_SetIC1Prescaler)
    TIM_SetIC2Prescaler                      0x08002089   Thumb Code    26  stm32f10x_tim.o(i.TIM_SetIC2Prescaler)
    TIM_SetIC3Prescaler                      0x080020a3   Thumb Code    18  stm32f10x_tim.o(i.TIM_SetIC3Prescaler)
    TIM_SetIC4Prescaler                      0x080020b5   Thumb Code    26  stm32f10x_tim.o(i.TIM_SetIC4Prescaler)
    TIM_TimeBaseInit                         0x080020d1   Thumb Code   122  stm32f10x_tim.o(i.TIM_TimeBaseInit)
    Turn                                     0x08002175   Thumb Code    44  search.o(i.Turn)
    TurnLeft_WithFW                          0x080021a5   Thumb Code    22  motor.o(i.TurnLeft_WithFW)
    TurnRight_WithFW                         0x080021c1   Thumb Code    22  motor.o(i.TurnRight_WithFW)
    USART1_IRQHandler                        0x080021dd   Thumb Code    52  usart1.o(i.USART1_IRQHandler)
    USART_Cmd                                0x08002219   Thumb Code    24  stm32f10x_usart.o(i.USART_Cmd)
    USART_DMACmd                             0x08002231   Thumb Code    18  stm32f10x_usart.o(i.USART_DMACmd)
    USART_GetITStatus                        0x08002243   Thumb Code    84  stm32f10x_usart.o(i.USART_GetITStatus)
    USART_ITConfig                           0x08002297   Thumb Code    74  stm32f10x_usart.o(i.USART_ITConfig)
    USART_Init                               0x080022e1   Thumb Code   210  stm32f10x_usart.o(i.USART_Init)
    UsageFault_Handler                       0x080023b9   Thumb Code     4  stm32f10x_it.o(i.UsageFault_Handler)
    Usart1_Init                              0x080023bd   Thumb Code   284  usart1.o(i.Usart1_Init)
    Usart1_Send                              0x080024ed   Thumb Code    58  usart1.o(i.Usart1_Send)
    Wave_Init                                0x08002531   Thumb Code   560  timer.o(i.Wave_Init)
    _sys_exit                                0x08002775   Thumb Code     4  usart1.o(i._sys_exit)
    delay_ms                                 0x08002779   Thumb Code    18  delay.o(i.delay_ms)
    delay_us                                 0x0800278d   Thumb Code    76  delay.o(i.delay_us)
    fire_fighting                            0x080027dd   Thumb Code    94  fire_fighting.o(i.fire_fighting)
    kalmanfilter_l                           0x08002845   Thumb Code   198  filter.o(i.kalmanfilter_l)
    kalmanfilter_r                           0x08002939   Thumb Code   198  filter.o(i.kalmanfilter_r)
    main                                     0x08002a2d   Thumb Code     8  main.o(i.main)
    taskloop                                 0x08002a35   Thumb Code   112  dutytask.o(i.taskloop)
    turn_left45                              0x08002aa9   Thumb Code    30  motor.o(i.turn_left45)
    turn_left45_return                       0x08002ac7   Thumb Code    32  motor.o(i.turn_left45_return)
    turn_left_withdelay                      0x08002ae7   Thumb Code    38  motor.o(i.turn_left_withdelay)
    turn_right45                             0x08002b0d   Thumb Code    30  motor.o(i.turn_right45)
    turn_right45_return                      0x08002b2b   Thumb Code    32  motor.o(i.turn_right45_return)
    turn_right_withdelay                     0x08002b4b   Thumb Code    32  motor.o(i.turn_right_withdelay)
    update_info                              0x08002b6d   Thumb Code   172  search.o(i.update_info)
    __fpl_dcmp_Inf                           0x08002c29   Thumb Code    24  dcmpi.o(x$fpl$dcmpinf)
    __aeabi_cdcmple                          0x08002c41   Thumb Code     0  dleqf.o(x$fpl$dleqf)
    _dcmple                                  0x08002c41   Thumb Code   120  dleqf.o(x$fpl$dleqf)
    __fpl_dcmple_InfNaN                      0x08002ca3   Thumb Code     0  dleqf.o(x$fpl$dleqf)
    __fpl_dnaninf                            0x08002cb9   Thumb Code   156  dnaninf.o(x$fpl$dnaninf)
    __fpl_dretinf                            0x08002d55   Thumb Code    12  dretinf.o(x$fpl$dretinf)
    __aeabi_cdrcmple                         0x08002d61   Thumb Code     0  drleqf.o(x$fpl$drleqf)
    _drcmple                                 0x08002d61   Thumb Code   108  drleqf.o(x$fpl$drleqf)
    __aeabi_f2d                              0x08002dcd   Thumb Code     0  f2d.o(x$fpl$f2d)
    _f2d                                     0x08002dcd   Thumb Code    86  f2d.o(x$fpl$f2d)
    __aeabi_fadd                             0x08002e25   Thumb Code     0  faddsub_clz.o(x$fpl$fadd)
    _fadd                                    0x08002e25   Thumb Code   196  faddsub_clz.o(x$fpl$fadd)
    __fpl_fcmp_Inf                           0x08002ee9   Thumb Code    24  fcmpi.o(x$fpl$fcmpinf)
    __aeabi_fdiv                             0x08002f01   Thumb Code     0  fdiv.o(x$fpl$fdiv)
    _fdiv                                    0x08002f01   Thumb Code   384  fdiv.o(x$fpl$fdiv)
    __aeabi_cfcmpeq                          0x08003085   Thumb Code     0  feqf.o(x$fpl$feqf)
    _fcmpeq                                  0x08003085   Thumb Code   104  feqf.o(x$fpl$feqf)
    __aeabi_f2iz                             0x080030ed   Thumb Code     0  ffix.o(x$fpl$ffix)
    _ffix                                    0x080030ed   Thumb Code    54  ffix.o(x$fpl$ffix)
    __aeabi_f2uiz                            0x08003125   Thumb Code     0  ffixu.o(x$fpl$ffixu)
    _ffixu                                   0x08003125   Thumb Code    62  ffixu.o(x$fpl$ffixu)
    __aeabi_i2f                              0x08003165   Thumb Code     0  fflt_clz.o(x$fpl$fflt)
    _fflt                                    0x08003165   Thumb Code    48  fflt_clz.o(x$fpl$fflt)
    __aeabi_ui2f                             0x08003195   Thumb Code     0  fflt_clz.o(x$fpl$ffltu)
    _ffltu                                   0x08003195   Thumb Code    38  fflt_clz.o(x$fpl$ffltu)
    __aeabi_cfcmple                          0x080031bd   Thumb Code     0  fleqf.o(x$fpl$fleqf)
    _fcmple                                  0x080031bd   Thumb Code   104  fleqf.o(x$fpl$fleqf)
    __fpl_fcmple_InfNaN                      0x0800320f   Thumb Code     0  fleqf.o(x$fpl$fleqf)
    __aeabi_fmul                             0x08003225   Thumb Code     0  fmul.o(x$fpl$fmul)
    _fmul                                    0x08003225   Thumb Code   258  fmul.o(x$fpl$fmul)
    __fpl_fnaninf                            0x08003327   Thumb Code   140  fnaninf.o(x$fpl$fnaninf)
    __fpl_fretinf                            0x080033b3   Thumb Code    10  fretinf.o(x$fpl$fretinf)
    __aeabi_cfrcmple                         0x080033bd   Thumb Code     0  frleqf.o(x$fpl$frleqf)
    _frcmple                                 0x080033bd   Thumb Code    98  frleqf.o(x$fpl$frleqf)
    __aeabi_frsub                            0x0800341f   Thumb Code     0  faddsub_clz.o(x$fpl$frsb)
    _frsb                                    0x0800341f   Thumb Code    20  faddsub_clz.o(x$fpl$frsb)
    __aeabi_fsub                             0x08003435   Thumb Code     0  faddsub_clz.o(x$fpl$fsub)
    _fsub                                    0x08003435   Thumb Code   234  faddsub_clz.o(x$fpl$fsub)
    __I$use$fp                               0x0800351e   Number         0  usenofp.o(x$fpl$usenofp)
    Region$$Table$$Base                      0x08003520   Number         0  anon$$obj.o(Region$$Table)
    Region$$Table$$Limit                     0x08003540   Number         0  anon$$obj.o(Region$$Table)
    SystemCoreClock                          0x20000000   Data           4  system_stm32f10x.o(.data)
    AHBPrescTable                            0x20000004   Data          16  system_stm32f10x.o(.data)
    left_encoder_count                       0x2000002c   Data           4  encoder.o(.data)
    right_encoder_count                      0x20000030   Data           4  encoder.o(.data)
    TIM2CH2_CAPTURE_STA                      0x20000034   Data           1  timer.o(.data)
    TIM2CH2_CAPTURE_VAL                      0x20000036   Data           2  timer.o(.data)
    TIM3CH3_CAPTURE_STA                      0x20000038   Data           1  timer.o(.data)
    TIM3CH3_CAPTURE_VAL                      0x2000003a   Data           2  timer.o(.data)
    TIM5CH3_CAPTURE_STA                      0x2000003c   Data           1  timer.o(.data)
    TIM5CH3_CAPTURE_VAL                      0x2000003e   Data           2  timer.o(.data)
    FSMflag                                  0x20000040   Data           1  driver.o(.data)
    distance                                 0x20000072   Data           6  measure.o(.data)
    judge_result                             0x2000007c   Data           1  judge_fire.o(.data)
    map                                      0x20000080   Data          36  search.o(.data)
    pid_flag                                 0x200000a4   Data           1  search.o(.data)
    turn_flag                                0x200000a5   Data           1  search.o(.data)
    car_info                                 0x200000a6   Data           3  search.o(.data)
    USART1_RXBUFF                            0x20000104   Data         256  usart1.o(.bss)
    USART1_TXBUFF                            0x20000204   Data         256  usart1.o(.bss)
    data_to_send                             0x20000304   Data          50  datatransfer.o(.bss)
    __Motordata                              0x20000336   Data          16  datatransfer.o(.bss)
    __Sensordata                             0x20000346   Data          18  datatransfer.o(.bss)
    __libspace_start                         0x20000358   Data          96  libspace.o(.bss)
    __temporary_stack_top$libspace           0x200003b8   Data           0  libspace.o(.bss)



==============================================================================

Memory Map of the image

  Image Entry point : 0x08000131

  Load Region LR_IROM1 (Base: 0x08000000, Size: 0x00003644, Max: 0x00040000, ABSOLUTE)

    Execution Region ER_IROM1 (Exec base: 0x08000000, Load base: 0x08000000, Size: 0x00003540, Max: 0x00040000, ABSOLUTE)

    Exec Addr    Load Addr    Size         Type   Attr      Idx    E Section Name        Object

    0x08000000   0x08000000   0x00000130   Data   RO          273    RESET               startup_stm32f10x_hd.o
    0x08000130   0x08000130   0x00000008   Code   RO         3919  * !!!main             c_w.l(__main.o)
    0x08000138   0x08000138   0x00000034   Code   RO         4133    !!!scatter          c_w.l(__scatter.o)
    0x0800016c   0x0800016c   0x0000001a   Code   RO         4135    !!handler_copy      c_w.l(__scatter_copy.o)
    0x08000186   0x08000186   0x00000002   PAD
    0x08000188   0x08000188   0x0000001c   Code   RO         4137    !!handler_zi        c_w.l(__scatter_zi.o)
    0x080001a4   0x080001a4   0x00000002   Code   RO         4007    .ARM.Collect$$libinit$$00000000  c_w.l(libinit.o)
    0x080001a6   0x080001a6   0x00000000   Code   RO         4014    .ARM.Collect$$libinit$$00000002  c_w.l(libinit2.o)
    0x080001a6   0x080001a6   0x00000000   Code   RO         4016    .ARM.Collect$$libinit$$00000004  c_w.l(libinit2.o)
    0x080001a6   0x080001a6   0x00000000   Code   RO         4019    .ARM.Collect$$libinit$$0000000A  c_w.l(libinit2.o)
    0x080001a6   0x080001a6   0x00000000   Code   RO         4021    .ARM.Collect$$libinit$$0000000C  c_w.l(libinit2.o)
    0x080001a6   0x080001a6   0x00000000   Code   RO         4023    .ARM.Collect$$libinit$$0000000E  c_w.l(libinit2.o)
    0x080001a6   0x080001a6   0x00000000   Code   RO         4026    .ARM.Collect$$libinit$$00000011  c_w.l(libinit2.o)
    0x080001a6   0x080001a6   0x00000000   Code   RO         4028    .ARM.Collect$$libinit$$00000013  c_w.l(libinit2.o)
    0x080001a6   0x080001a6   0x00000000   Code   RO         4030    .ARM.Collect$$libinit$$00000015  c_w.l(libinit2.o)
    0x080001a6   0x080001a6   0x00000000   Code   RO         4032    .ARM.Collect$$libinit$$00000017  c_w.l(libinit2.o)
    0x080001a6   0x080001a6   0x00000000   Code   RO         4034    .ARM.Collect$$libinit$$00000019  c_w.l(libinit2.o)
    0x080001a6   0x080001a6   0x00000000   Code   RO         4036    .ARM.Collect$$libinit$$0000001B  c_w.l(libinit2.o)
    0x080001a6   0x080001a6   0x00000000   Code   RO         4038    .ARM.Collect$$libinit$$0000001D  c_w.l(libinit2.o)
    0x080001a6   0x080001a6   0x00000000   Code   RO         4040    .ARM.Collect$$libinit$$0000001F  c_w.l(libinit2.o)
    0x080001a6   0x080001a6   0x00000000   Code   RO         4042    .ARM.Collect$$libinit$$00000021  c_w.l(libinit2.o)
    0x080001a6   0x080001a6   0x00000000   Code   RO         4044    .ARM.Collect$$libinit$$00000023  c_w.l(libinit2.o)
    0x080001a6   0x080001a6   0x00000000   Code   RO         4046    .ARM.Collect$$libinit$$00000025  c_w.l(libinit2.o)
    0x080001a6   0x080001a6   0x00000000   Code   RO         4050    .ARM.Collect$$libinit$$0000002C  c_w.l(libinit2.o)
    0x080001a6   0x080001a6   0x00000000   Code   RO         4052    .ARM.Collect$$libinit$$0000002E  c_w.l(libinit2.o)
    0x080001a6   0x080001a6   0x00000000   Code   RO         4054    .ARM.Collect$$libinit$$00000030  c_w.l(libinit2.o)
    0x080001a6   0x080001a6   0x00000000   Code   RO         4056    .ARM.Collect$$libinit$$00000032  c_w.l(libinit2.o)
    0x080001a6   0x080001a6   0x00000002   Code   RO         4057    .ARM.Collect$$libinit$$00000033  c_w.l(libinit2.o)
    0x080001a8   0x080001a8   0x00000002   Code   RO         4075    .ARM.Collect$$libshutdown$$00000000  c_w.l(libshutdown.o)
    0x080001aa   0x080001aa   0x00000000   Code   RO         4085    .ARM.Collect$$libshutdown$$00000002  c_w.l(libshutdown2.o)
    0x080001aa   0x080001aa   0x00000000   Code   RO         4087    .ARM.Collect$$libshutdown$$00000004  c_w.l(libshutdown2.o)
    0x080001aa   0x080001aa   0x00000000   Code   RO         4090    .ARM.Collect$$libshutdown$$00000007  c_w.l(libshutdown2.o)
    0x080001aa   0x080001aa   0x00000000   Code   RO         4093    .ARM.Collect$$libshutdown$$0000000A  c_w.l(libshutdown2.o)
    0x080001aa   0x080001aa   0x00000000   Code   RO         4095    .ARM.Collect$$libshutdown$$0000000C  c_w.l(libshutdown2.o)
    0x080001aa   0x080001aa   0x00000000   Code   RO         4098    .ARM.Collect$$libshutdown$$0000000F  c_w.l(libshutdown2.o)
    0x080001aa   0x080001aa   0x00000002   Code   RO         4099    .ARM.Collect$$libshutdown$$00000010  c_w.l(libshutdown2.o)
    0x080001ac   0x080001ac   0x00000000   Code   RO         3967    .ARM.Collect$$rtentry$$00000000  c_w.l(__rtentry.o)
    0x080001ac   0x080001ac   0x00000000   Code   RO         3982    .ARM.Collect$$rtentry$$00000002  c_w.l(__rtentry2.o)
    0x080001ac   0x080001ac   0x00000006   Code   RO         3994    .ARM.Collect$$rtentry$$00000004  c_w.l(__rtentry4.o)
    0x080001b2   0x080001b2   0x00000000   Code   RO         3984    .ARM.Collect$$rtentry$$00000009  c_w.l(__rtentry2.o)
    0x080001b2   0x080001b2   0x00000004   Code   RO         3985    .ARM.Collect$$rtentry$$0000000A  c_w.l(__rtentry2.o)
    0x080001b6   0x080001b6   0x00000000   Code   RO         3987    .ARM.Collect$$rtentry$$0000000C  c_w.l(__rtentry2.o)
    0x080001b6   0x080001b6   0x00000008   Code   RO         3988    .ARM.Collect$$rtentry$$0000000D  c_w.l(__rtentry2.o)
    0x080001be   0x080001be   0x00000002   Code   RO         4011    .ARM.Collect$$rtexit$$00000000  c_w.l(rtexit.o)
    0x080001c0   0x080001c0   0x00000000   Code   RO         4059    .ARM.Collect$$rtexit$$00000002  c_w.l(rtexit2.o)
    0x080001c0   0x080001c0   0x00000004   Code   RO         4060    .ARM.Collect$$rtexit$$00000003  c_w.l(rtexit2.o)
    0x080001c4   0x080001c4   0x00000006   Code   RO         4061    .ARM.Collect$$rtexit$$00000004  c_w.l(rtexit2.o)
    0x080001ca   0x080001ca   0x00000002   PAD
    0x080001cc   0x080001cc   0x00000040   Code   RO          274    .text               startup_stm32f10x_hd.o
    0x0800020c   0x0800020c   0x00000002   Code   RO         3915    .text               c_w.l(use_no_semi_2.o)
    0x0800020e   0x0800020e   0x00000006   Code   RO         3917    .text               c_w.l(heapauxi.o)
    0x08000214   0x08000214   0x00000002   Code   RO         3965    .text               c_w.l(use_no_semi.o)
    0x08000216   0x08000216   0x0000004a   Code   RO         3998    .text               c_w.l(sys_stackheap_outer.o)
    0x08000260   0x08000260   0x00000012   Code   RO         4000    .text               c_w.l(exit.o)
    0x08000272   0x08000272   0x00000002   PAD
    0x08000274   0x08000274   0x00000008   Code   RO         4008    .text               c_w.l(libspace.o)
    0x0800027c   0x0800027c   0x00000016   Code   RO          346    i.ADC_Cmd           stm32f10x_adc.o
    0x08000292   0x08000292   0x00000002   PAD
    0x08000294   0x08000294   0x0000005c   Code   RO          348    i.ADC_DeInit        stm32f10x_adc.o
    0x080002f0   0x080002f0   0x00000014   Code   RO          354    i.ADC_GetCalibrationStatus  stm32f10x_adc.o
    0x08000304   0x08000304   0x00000014   Code   RO          360    i.ADC_GetResetCalibrationStatus  stm32f10x_adc.o
    0x08000318   0x08000318   0x00000050   Code   RO          364    i.ADC_Init          stm32f10x_adc.o
    0x08000368   0x08000368   0x0000000a   Code   RO          369    i.ADC_ResetCalibration  stm32f10x_adc.o
    0x08000372   0x08000372   0x0000000a   Code   RO          373    i.ADC_StartCalibration  stm32f10x_adc.o
    0x0800037c   0x0800037c   0x0000012c   Code   RO         3642    i.ANO_DT_Send_MotoPWM  datatransfer.o
    0x080004a8   0x080004a8   0x0000017c   Code   RO         3645    i.ANO_DT_Send_Senser  datatransfer.o
    0x08000624   0x08000624   0x0000008c   Code   RO         3512    i.Adc_Init          adc.o
    0x080006b0   0x080006b0   0x00000004   Code   RO          169    i.BusFault_Handler  stm32f10x_it.o
    0x080006b4   0x080006b4   0x0000001c   Code   RO         1029    i.DMA_ClearFlag     stm32f10x_dma.o
    0x080006d0   0x080006d0   0x00000018   Code   RO         1031    i.DMA_Cmd           stm32f10x_dma.o
    0x080006e8   0x080006e8   0x0000014c   Code   RO         1032    i.DMA_DeInit        stm32f10x_dma.o
    0x08000834   0x08000834   0x0000003c   Code   RO         1037    i.DMA_Init          stm32f10x_dma.o
    0x08000870   0x08000870   0x00000004   Code   RO         1038    i.DMA_SetCurrDataCounter  stm32f10x_dma.o
    0x08000874   0x08000874   0x00000010   Code   RO         3647    i.Data_Send         datatransfer.o
    0x08000884   0x08000884   0x000000b8   Code   RO         3648    i.DatatransferTask  datatransfer.o
    0x0800093c   0x0800093c   0x00000002   Code   RO          170    i.DebugMon_Handler  stm32f10x_it.o
    0x0800093e   0x0800093e   0x0000002c   Code   RO         3476    i.Driver_Init       driver.o
    0x0800096a   0x0800096a   0x00000002   Code   RO         3536    i.Duty_1000ms       dutytask.o
    0x0800096c   0x0800096c   0x00000002   Code   RO         3537    i.Duty_100ms        dutytask.o
    0x0800096e   0x0800096e   0x00000008   Code   RO         3538    i.Duty_10ms         dutytask.o
    0x08000976   0x08000976   0x00000008   Code   RO         3539    i.Duty_20ms         dutytask.o
    0x0800097e   0x0800097e   0x00000008   Code   RO         3540    i.Duty_500ms        dutytask.o
    0x08000986   0x08000986   0x00000002   PAD
    0x08000988   0x08000988   0x00000024   Code   RO         3541    i.Duty_50ms         dutytask.o
    0x080009ac   0x080009ac   0x00000030   Code   RO         3330    i.EXTI3_IRQHandler  encoder.o
    0x080009dc   0x080009dc   0x00000044   Code   RO         3331    i.EXTI4_IRQHandler  encoder.o
    0x08000a20   0x08000a20   0x000000a4   Code   RO         3332    i.EXTIX_Init        encoder.o
    0x08000ac4   0x08000ac4   0x0000000c   Code   RO         1102    i.EXTI_ClearITPendingBit  stm32f10x_exti.o
    0x08000ad0   0x08000ad0   0x00000028   Code   RO         1106    i.EXTI_GetITStatus  stm32f10x_exti.o
    0x08000af8   0x08000af8   0x00000094   Code   RO         1107    i.EXTI_Init         stm32f10x_exti.o
    0x08000b8c   0x08000b8c   0x00000014   Code   RO         3701    i.FanMotor_Close    motor.o
    0x08000ba0   0x08000ba0   0x00000014   Code   RO         3703    i.FanMotor_Open     motor.o
    0x08000bb4   0x08000bb4   0x00000040   Code   RO         1452    i.GPIO_EXTILineConfig  stm32f10x_gpio.o
    0x08000bf4   0x08000bf4   0x00000116   Code   RO         1455    i.GPIO_Init         stm32f10x_gpio.o
    0x08000d0a   0x08000d0a   0x00000002   PAD
    0x08000d0c   0x08000d0c   0x00000090   Code   RO         1457    i.GPIO_PinRemapConfig  stm32f10x_gpio.o
    0x08000d9c   0x08000d9c   0x00000012   Code   RO         1461    i.GPIO_ReadOutputDataBit  stm32f10x_gpio.o
    0x08000dae   0x08000dae   0x00000004   Code   RO         1462    i.GPIO_ResetBits    stm32f10x_gpio.o
    0x08000db2   0x08000db2   0x00000004   Code   RO         1463    i.GPIO_SetBits      stm32f10x_gpio.o
    0x08000db6   0x08000db6   0x00000002   PAD
    0x08000db8   0x08000db8   0x000000c8   Code   RO         3852    i.GetCarInfo        search.o
    0x08000e80   0x08000e80   0x000000b0   Code   RO         3611    i.Get_Distance_Front  measure.o
    0x08000f30   0x08000f30   0x000000c4   Code   RO         3612    i.Get_Distance_Left  measure.o
    0x08000ff4   0x08000ff4   0x000000c4   Code   RO         3613    i.Get_Distance_Right  measure.o
    0x080010b8   0x080010b8   0x00000004   Code   RO          171    i.HardFault_Handler  stm32f10x_it.o
    0x080010bc   0x080010bc   0x00000034   Code   RO         3360    i.LED_Init          led.o
    0x080010f0   0x080010f0   0x00000024   Code   RO         3361    i.LED_TOGGLE        led.o
    0x08001114   0x08001114   0x00000004   Code   RO          172    i.MemManage_Handler  stm32f10x_it.o
    0x08001118   0x08001118   0x00000030   Code   RO         3704    i.MotorLeft         motor.o
    0x08001148   0x08001148   0x00000034   Code   RO         3705    i.MotorRight        motor.o
    0x0800117c   0x0800117c   0x00000002   Code   RO          173    i.NMI_Handler       stm32f10x_it.o
    0x0800117e   0x0800117e   0x00000002   PAD
    0x08001180   0x08001180   0x00000070   Code   RO          278    i.NVIC_Init         misc.o
    0x080011f0   0x080011f0   0x00000014   Code   RO          279    i.NVIC_PriorityGroupConfig  misc.o
    0x08001204   0x08001204   0x00000004   Code   RO         3494    i.NVIC_RESETPRIMASK  system.o
    0x08001208   0x08001208   0x00000004   Code   RO         3495    i.NVIC_SETPRIMASK   system.o
    0x0800120c   0x0800120c   0x00000024   Code   RO         3853    i.Navigate          search.o
    0x08001230   0x08001230   0x000000b4   Code   RO         3390    i.PWM_Init          timer.o
    0x080012e4   0x080012e4   0x00000002   Code   RO          174    i.PendSV_Handler    stm32f10x_it.o
    0x080012e6   0x080012e6   0x00000002   PAD
    0x080012e8   0x080012e8   0x00000064   Code   RO         3585    i.Pos_ControlEncoder  pid.o
    0x0800134c   0x0800134c   0x0000028c   Code   RO         3587    i.Pos_ControlRight  pid.o
    0x080015d8   0x080015d8   0x00000018   Code   RO         1869    i.RCC_ADCCLKConfig  stm32f10x_rcc.o
    0x080015f0   0x080015f0   0x00000020   Code   RO         1870    i.RCC_AHBPeriphClockCmd  stm32f10x_rcc.o
    0x08001610   0x08001610   0x00000020   Code   RO         1871    i.RCC_APB1PeriphClockCmd  stm32f10x_rcc.o
    0x08001630   0x08001630   0x00000020   Code   RO         1873    i.RCC_APB2PeriphClockCmd  stm32f10x_rcc.o
    0x08001650   0x08001650   0x00000020   Code   RO         1874    i.RCC_APB2PeriphResetCmd  stm32f10x_rcc.o
    0x08001670   0x08001670   0x000000d4   Code   RO         1881    i.RCC_GetClocksFreq  stm32f10x_rcc.o
    0x08001744   0x08001744   0x00000002   Code   RO          175    i.SVC_Handler       stm32f10x_it.o
    0x08001746   0x08001746   0x00000002   PAD
    0x08001748   0x08001748   0x0000003c   Code   RO         3803    i.SenserOffsetInit  parameters.o
    0x08001784   0x08001784   0x00000028   Code   RO         3804    i.SensordataReset   parameters.o
    0x080017ac   0x080017ac   0x00000008   Code   RO          226    i.SetSysClock       system_stm32f10x.o
    0x080017b4   0x080017b4   0x000000e0   Code   RO          227    i.SetSysClockTo72   system_stm32f10x.o
    0x08001894   0x08001894   0x00000028   Code   RO          282    i.SysTick_CLKSourceConfig  misc.o
    0x080018bc   0x080018bc   0x0000003c   Code   RO         3271    i.SysTick_Handler   delay.o
    0x080018f8   0x080018f8   0x00000090   Code   RO         3272    i.SysTick_Init      delay.o
    0x08001988   0x08001988   0x00000060   Code   RO          229    i.SystemInit        system_stm32f10x.o
    0x080019e8   0x080019e8   0x00000080   Code   RO         2489    i.TI1_Config        stm32f10x_tim.o
    0x08001a68   0x08001a68   0x00000098   Code   RO         2490    i.TI2_Config        stm32f10x_tim.o
    0x08001b00   0x08001b00   0x00000090   Code   RO         2491    i.TI3_Config        stm32f10x_tim.o
    0x08001b90   0x08001b90   0x00000098   Code   RO         2492    i.TI4_Config        stm32f10x_tim.o
    0x08001c28   0x08001c28   0x00000078   Code   RO         3391    i.TIM2_IRQHandler   timer.o
    0x08001ca0   0x08001ca0   0x0000007c   Code   RO         3392    i.TIM3_IRQHandler   timer.o
    0x08001d1c   0x08001d1c   0x0000007c   Code   RO         3393    i.TIM5_IRQHandler   timer.o
    0x08001d98   0x08001d98   0x00000018   Code   RO         2493    i.TIM_ARRPreloadConfig  stm32f10x_tim.o
    0x08001db0   0x08001db0   0x00000006   Code   RO         2500    i.TIM_ClearITPendingBit  stm32f10x_tim.o
    0x08001db6   0x08001db6   0x00000018   Code   RO         2505    i.TIM_Cmd           stm32f10x_tim.o
    0x08001dce   0x08001dce   0x0000001e   Code   RO         2507    i.TIM_CtrlPWMOutputs  stm32f10x_tim.o
    0x08001dec   0x08001dec   0x00000022   Code   RO         2526    i.TIM_GetITStatus   stm32f10x_tim.o
    0x08001e0e   0x08001e0e   0x00000002   PAD
    0x08001e10   0x08001e10   0x000000ac   Code   RO         2528    i.TIM_ICInit        stm32f10x_tim.o
    0x08001ebc   0x08001ebc   0x00000012   Code   RO         2530    i.TIM_ITConfig      stm32f10x_tim.o
    0x08001ece   0x08001ece   0x00000002   PAD
    0x08001ed0   0x08001ed0   0x00000098   Code   RO         2534    i.TIM_OC1Init       stm32f10x_tim.o
    0x08001f68   0x08001f68   0x00000012   Code   RO         2537    i.TIM_OC1PreloadConfig  stm32f10x_tim.o
    0x08001f7a   0x08001f7a   0x00000002   PAD
    0x08001f7c   0x08001f7c   0x000000a4   Code   RO         2539    i.TIM_OC2Init       stm32f10x_tim.o
    0x08002020   0x08002020   0x0000001a   Code   RO         2541    i.TIM_OC2PolarityConfig  stm32f10x_tim.o
    0x0800203a   0x0800203a   0x0000001a   Code   RO         2542    i.TIM_OC2PreloadConfig  stm32f10x_tim.o
    0x08002054   0x08002054   0x0000001a   Code   RO         2546    i.TIM_OC3PolarityConfig  stm32f10x_tim.o
    0x0800206e   0x0800206e   0x00000004   Code   RO         2566    i.TIM_SetCompare1   stm32f10x_tim.o
    0x08002072   0x08002072   0x00000004   Code   RO         2567    i.TIM_SetCompare2   stm32f10x_tim.o
    0x08002076   0x08002076   0x00000012   Code   RO         2571    i.TIM_SetIC1Prescaler  stm32f10x_tim.o
    0x08002088   0x08002088   0x0000001a   Code   RO         2572    i.TIM_SetIC2Prescaler  stm32f10x_tim.o
    0x080020a2   0x080020a2   0x00000012   Code   RO         2573    i.TIM_SetIC3Prescaler  stm32f10x_tim.o
    0x080020b4   0x080020b4   0x0000001a   Code   RO         2574    i.TIM_SetIC4Prescaler  stm32f10x_tim.o
    0x080020ce   0x080020ce   0x00000002   PAD
    0x080020d0   0x080020d0   0x000000a4   Code   RO         2576    i.TIM_TimeBaseInit  stm32f10x_tim.o
    0x08002174   0x08002174   0x00000030   Code   RO         3854    i.Turn              search.o
    0x080021a4   0x080021a4   0x0000001c   Code   RO         3706    i.TurnLeft_WithFW   motor.o
    0x080021c0   0x080021c0   0x0000001c   Code   RO         3708    i.TurnRight_WithFW  motor.o
    0x080021dc   0x080021dc   0x0000003c   Code   RO         3432    i.USART1_IRQHandler  usart1.o
    0x08002218   0x08002218   0x00000018   Code   RO         3041    i.USART_Cmd         stm32f10x_usart.o
    0x08002230   0x08002230   0x00000012   Code   RO         3042    i.USART_DMACmd      stm32f10x_usart.o
    0x08002242   0x08002242   0x00000054   Code   RO         3045    i.USART_GetITStatus  stm32f10x_usart.o
    0x08002296   0x08002296   0x0000004a   Code   RO         3047    i.USART_ITConfig    stm32f10x_usart.o
    0x080022e0   0x080022e0   0x000000d8   Code   RO         3048    i.USART_Init        stm32f10x_usart.o
    0x080023b8   0x080023b8   0x00000004   Code   RO          176    i.UsageFault_Handler  stm32f10x_it.o
    0x080023bc   0x080023bc   0x00000130   Code   RO         3433    i.Usart1_Init       usart1.o
    0x080024ec   0x080024ec   0x00000044   Code   RO         3434    i.Usart1_Send       usart1.o
    0x08002530   0x08002530   0x00000244   Code   RO         3394    i.Wave_Init         timer.o
    0x08002774   0x08002774   0x00000004   Code   RO         3435    i._sys_exit         usart1.o
    0x08002778   0x08002778   0x00000012   Code   RO         3273    i.delay_ms          delay.o
    0x0800278a   0x0800278a   0x00000002   PAD
    0x0800278c   0x0800278c   0x00000050   Code   RO         3274    i.delay_us          delay.o
    0x080027dc   0x080027dc   0x00000068   Code   RO         3822    i.fire_fighting     fire_fighting.o
    0x08002844   0x08002844   0x000000f4   Code   RO         3888    i.kalmanfilter_l    filter.o
    0x08002938   0x08002938   0x000000f4   Code   RO         3889    i.kalmanfilter_r    filter.o
    0x08002a2c   0x08002a2c   0x00000008   Code   RO            1    i.main              main.o
    0x08002a34   0x08002a34   0x00000074   Code   RO         3542    i.taskloop          dutytask.o
    0x08002aa8   0x08002aa8   0x0000001e   Code   RO         3710    i.turn_left45       motor.o
    0x08002ac6   0x08002ac6   0x00000020   Code   RO         3711    i.turn_left45_return  motor.o
    0x08002ae6   0x08002ae6   0x00000026   Code   RO         3712    i.turn_left_withdelay  motor.o
    0x08002b0c   0x08002b0c   0x0000001e   Code   RO         3714    i.turn_right45      motor.o
    0x08002b2a   0x08002b2a   0x00000020   Code   RO         3715    i.turn_right45_return  motor.o
    0x08002b4a   0x08002b4a   0x00000020   Code   RO         3716    i.turn_right_withdelay  motor.o
    0x08002b6a   0x08002b6a   0x00000002   PAD
    0x08002b6c   0x08002b6c   0x000000bc   Code   RO         3855    i.update_info       search.o
    0x08002c28   0x08002c28   0x00000018   Code   RO         3996    x$fpl$dcmpinf       fz_ws.l(dcmpi.o)
    0x08002c40   0x08002c40   0x00000078   Code   RO         3968    x$fpl$dleqf         fz_ws.l(dleqf.o)
    0x08002cb8   0x08002cb8   0x0000009c   Code   RO         3970    x$fpl$dnaninf       fz_ws.l(dnaninf.o)
    0x08002d54   0x08002d54   0x0000000c   Code   RO         3972    x$fpl$dretinf       fz_ws.l(dretinf.o)
    0x08002d60   0x08002d60   0x0000006c   Code   RO         3929    x$fpl$drleqf        fz_ws.l(drleqf.o)
    0x08002dcc   0x08002dcc   0x00000056   Code   RO         3931    x$fpl$f2d           fz_ws.l(f2d.o)
    0x08002e22   0x08002e22   0x00000002   PAD
    0x08002e24   0x08002e24   0x000000c4   Code   RO         3933    x$fpl$fadd          fz_ws.l(faddsub_clz.o)
    0x08002ee8   0x08002ee8   0x00000018   Code   RO         3974    x$fpl$fcmpinf       fz_ws.l(fcmpi.o)
    0x08002f00   0x08002f00   0x00000184   Code   RO         3940    x$fpl$fdiv          fz_ws.l(fdiv.o)
    0x08003084   0x08003084   0x00000068   Code   RO         3943    x$fpl$feqf          fz_ws.l(feqf.o)
    0x080030ec   0x080030ec   0x00000036   Code   RO         3945    x$fpl$ffix          fz_ws.l(ffix.o)
    0x08003122   0x08003122   0x00000002   PAD
    0x08003124   0x08003124   0x0000003e   Code   RO         3949    x$fpl$ffixu         fz_ws.l(ffixu.o)
    0x08003162   0x08003162   0x00000002   PAD
    0x08003164   0x08003164   0x00000030   Code   RO         3954    x$fpl$fflt          fz_ws.l(fflt_clz.o)
    0x08003194   0x08003194   0x00000026   Code   RO         3953    x$fpl$ffltu         fz_ws.l(fflt_clz.o)
    0x080031ba   0x080031ba   0x00000002   PAD
    0x080031bc   0x080031bc   0x00000068   Code   RO         3959    x$fpl$fleqf         fz_ws.l(fleqf.o)
    0x08003224   0x08003224   0x00000102   Code   RO         3961    x$fpl$fmul          fz_ws.l(fmul.o)
    0x08003326   0x08003326   0x0000008c   Code   RO         3976    x$fpl$fnaninf       fz_ws.l(fnaninf.o)
    0x080033b2   0x080033b2   0x0000000a   Code   RO         3978    x$fpl$fretinf       fz_ws.l(fretinf.o)
    0x080033bc   0x080033bc   0x00000062   Code   RO         3963    x$fpl$frleqf        fz_ws.l(frleqf.o)
    0x0800341e   0x0800341e   0x00000014   Code   RO         3934    x$fpl$frsb          fz_ws.l(faddsub_clz.o)
    0x08003432   0x08003432   0x00000002   PAD
    0x08003434   0x08003434   0x000000ea   Code   RO         3935    x$fpl$fsub          fz_ws.l(faddsub_clz.o)
    0x0800351e   0x0800351e   0x00000000   Code   RO         3980    x$fpl$usenofp       fz_ws.l(usenofp.o)
    0x0800351e   0x0800351e   0x00000002   PAD
    0x08003520   0x08003520   0x00000020   Data   RO         4131    Region$$Table       anon$$obj.o


    Execution Region RW_IRAM1 (Exec base: 0x20000000, Load base: 0x08003540, Size: 0x000009b8, Max: 0x0000c000, ABSOLUTE)

    Exec Addr    Load Addr    Size         Type   Attr      Idx    E Section Name        Object

    0x20000000   0x08003540   0x00000014   Data   RW          230    .data               system_stm32f10x.o
    0x20000014   0x08003554   0x00000014   Data   RW         1901    .data               stm32f10x_rcc.o
    0x20000028   0x08003568   0x00000001   Data   RW         3275    .data               delay.o
    0x20000029   0x08003569   0x00000003   PAD
    0x2000002c   0x0800356c   0x00000008   Data   RW         3333    .data               encoder.o
    0x20000034   0x08003574   0x0000000c   Data   RW         3395    .data               timer.o
    0x20000040   0x08003580   0x00000001   Data   RW         3477    .data               driver.o
    0x20000041   0x08003581   0x00000003   PAD
    0x20000044   0x08003584   0x00000004   Data   RW         3543    .data               dutytask.o
    0x20000048   0x08003588   0x0000002a   Data   RW         3588    .data               pid.o
    0x20000072   0x080035b2   0x00000006   Data   RW         3614    .data               measure.o
    0x20000078   0x080035b8   0x00000002   Data   RW         3650    .data               datatransfer.o
    0x2000007a   0x080035ba   0x00000002   Data   RW         3805    .data               parameters.o
    0x2000007c   0x080035bc   0x00000001   Data   RW         3835    .data               judge_fire.o
    0x2000007d   0x080035bd   0x00000003   PAD
    0x20000080   0x080035c0   0x00000034   Data   RW         3856    .data               search.o
    0x200000b4   0x080035f4   0x0000004d   Data   RW         3891    .data               filter.o
    0x20000101   0x08003641   0x00000003   PAD
    0x20000104        -       0x00000200   Zero   RW         3437    .bss                usart1.o
    0x20000304        -       0x00000054   Zero   RW         3649    .bss                datatransfer.o
    0x20000358        -       0x00000060   Zero   RW         4009    .bss                c_w.l(libspace.o)
    0x200003b8        -       0x00000200   Zero   RW          272    HEAP                startup_stm32f10x_hd.o
    0x200005b8        -       0x00000400   Zero   RW          271    STACK               startup_stm32f10x_hd.o


==============================================================================

Image component sizes


      Code (inc. data)   RO Data    RW Data    ZI Data      Debug   Object Name

       140          8          0          0          0        619   adc.o
         0          0          0          0          0         32   core_cm3.o
       880         24          0          2         84       4650   datatransfer.o
       302         36          0          1          0      17662   delay.o
        44          0          0          1          0        748   driver.o
       180         14          0          4          0       3403   dutytask.o
       280         28          0          8          0       1976   encoder.o
       488         92          0         77          0       1874   filter.o
       104         10          0          0          0        572   fire_fighting.o
         0          0          0          1          0        271   judge_fire.o
        88         10          0          0          0        976   led.o
         8          0          0          0          0      59123   main.o
       568         70          0          6          0       2477   measure.o
       172         22          0          0          0     218277   misc.o
       390         42          0          0          0       6076   motor.o
       100         22          0          2          0       1053   parameters.o
       752         48          0         42          0       1648   pid.o
       472         54          0         52          0       4067   search.o
        64         26        304          0       1536        832   startup_stm32f10x_hd.o
       254         24          0          0          0       6215   stm32f10x_adc.o
       448         18          0          0          0       4655   stm32f10x_dma.o
       200         18          0          0          0       2216   stm32f10x_exti.o
       512         10          0          0          0       5309   stm32f10x_gpio.o
        24          0          0          0          0       3520   stm32f10x_it.o
       364         50          0         20          0       6338   stm32f10x_rcc.o
      1556        180          0          0          0      16209   stm32f10x_tim.o
       416          6          0          0          0       5205   stm32f10x_usart.o
         8          0          0          0          0        906   system.o
       328         28          0         20          0       2217   system_stm32f10x.o
      1128         66          0         12          0       3815   timer.o
       436         38          0          0        512       4402   usart1.o

    ----------------------------------------------------------------------
     10732        944        336        260       2132     387343   Object Totals
         0          0         32          0          0          0   (incl. Generated)
        26          0          0         12          0          0   (incl. Padding)

    ----------------------------------------------------------------------

      Code (inc. data)   RO Data    RW Data    ZI Data      Debug   Library Member Name

         8          0          0          0          0         68   __main.o
         0          0          0          0          0          0   __rtentry.o
        12          0          0          0          0          0   __rtentry2.o
         6          0          0          0          0          0   __rtentry4.o
        52          8          0          0          0          0   __scatter.o
        26          0          0          0          0          0   __scatter_copy.o
        28          0          0          0          0          0   __scatter_zi.o
        18          0          0          0          0         80   exit.o
         6          0          0          0          0        152   heapauxi.o
         2          0          0          0          0          0   libinit.o
         2          0          0          0          0          0   libinit2.o
         2          0          0          0          0          0   libshutdown.o
         2          0          0          0          0          0   libshutdown2.o
         8          4          0          0         96         68   libspace.o
         2          0          0          0          0          0   rtexit.o
        10          0          0          0          0          0   rtexit2.o
        74          0          0          0          0         80   sys_stackheap_outer.o
         2          0          0          0          0         68   use_no_semi.o
         2          0          0          0          0         68   use_no_semi_2.o
        24          0          0          0          0         68   dcmpi.o
       120          4          0          0          0         92   dleqf.o
       156          4          0          0          0         92   dnaninf.o
        12          0          0          0          0         68   dretinf.o
       108          0          0          0          0         80   drleqf.o
        86          4          0          0          0         84   f2d.o
       450          8          0          0          0        236   faddsub_clz.o
        24          0          0          0          0         68   fcmpi.o
       388         76          0          0          0         96   fdiv.o
       104          4          0          0          0         84   feqf.o
        54          4          0          0          0         84   ffix.o
        62          4          0          0          0         84   ffixu.o
        86          0          0          0          0        136   fflt_clz.o
       104          4          0          0          0         84   fleqf.o
       258          4          0          0          0         84   fmul.o
       140          4          0          0          0         84   fnaninf.o
        10          0          0          0          0         68   fretinf.o
        98          0          0          0          0         68   frleqf.o
         0          0          0          0          0          0   usenofp.o

    ----------------------------------------------------------------------
      2564        132          0          0         96       2244   Library Totals
        18          0          0          0          0          0   (incl. Padding)

    ----------------------------------------------------------------------

      Code (inc. data)   RO Data    RW Data    ZI Data      Debug   Library Name

       262         12          0          0         96        584   c_w.l
      2284        120          0          0          0       1660   fz_ws.l

    ----------------------------------------------------------------------
      2564        132          0          0         96       2244   Library Totals

    ----------------------------------------------------------------------

==============================================================================


      Code (inc. data)   RO Data    RW Data    ZI Data      Debug   

     13296       1076        336        260       2228     381835   Grand Totals
     13296       1076        336        260       2228     381835   ELF Image Totals
     13296       1076        336        260          0          0   ROM Totals

==============================================================================

    Total RO  Size (Code + RO Data)                13632 (  13.31kB)
    Total RW  Size (RW Data + ZI Data)              2488 (   2.43kB)
    Total ROM Size (Code + RO Data + RW Data)      13892 (  13.57kB)

==============================================================================

