Component: ARM Compiler 5.06 update 6 (build 750) Tool: armlink [4d35ed]

==============================================================================

Section Cross References

    main.o(i.main) refers to driver.o(i.Driver_Init) for Driver_Init
    system_stm32f10x.o(i.SetSysClock) refers to system_stm32f10x.o(i.SetSysClockTo72) for SetSysClockTo72
    system_stm32f10x.o(i.SystemCoreClockUpdate) refers to system_stm32f10x.o(.data) for SystemCoreClock
    system_stm32f10x.o(i.SystemInit) refers to system_stm32f10x.o(i.SetSysClock) for SetSysClock
    startup_stm32f10x_hd.o(STACK) refers (Special) to heapauxi.o(.text) for __use_two_region_memory
    startup_stm32f10x_hd.o(HEAP) refers (Special) to heapauxi.o(.text) for __use_two_region_memory
    startup_stm32f10x_hd.o(RESET) refers (Special) to heapauxi.o(.text) for __use_two_region_memory
    startup_stm32f10x_hd.o(RESET) refers to startup_stm32f10x_hd.o(STACK) for __initial_sp
    startup_stm32f10x_hd.o(RESET) refers to startup_stm32f10x_hd.o(.text) for Reset_Handler
    startup_stm32f10x_hd.o(RESET) refers to stm32f10x_it.o(i.NMI_Handler) for NMI_Handler
    startup_stm32f10x_hd.o(RESET) refers to stm32f10x_it.o(i.HardFault_Handler) for HardFault_Handler
    startup_stm32f10x_hd.o(RESET) refers to stm32f10x_it.o(i.MemManage_Handler) for MemManage_Handler
    startup_stm32f10x_hd.o(RESET) refers to stm32f10x_it.o(i.BusFault_Handler) for BusFault_Handler
    startup_stm32f10x_hd.o(RESET) refers to stm32f10x_it.o(i.UsageFault_Handler) for UsageFault_Handler
    startup_stm32f10x_hd.o(RESET) refers to stm32f10x_it.o(i.SVC_Handler) for SVC_Handler
    startup_stm32f10x_hd.o(RESET) refers to stm32f10x_it.o(i.DebugMon_Handler) for DebugMon_Handler
    startup_stm32f10x_hd.o(RESET) refers to stm32f10x_it.o(i.PendSV_Handler) for PendSV_Handler
    startup_stm32f10x_hd.o(RESET) refers to delay.o(i.SysTick_Handler) for SysTick_Handler
    startup_stm32f10x_hd.o(RESET) refers to timer.o(i.TIM2_IRQHandler) for TIM2_IRQHandler
    startup_stm32f10x_hd.o(RESET) refers to timer.o(i.TIM3_IRQHandler) for TIM3_IRQHandler
    startup_stm32f10x_hd.o(RESET) refers to usart1.o(i.USART1_IRQHandler) for USART1_IRQHandler
    startup_stm32f10x_hd.o(RESET) refers to timer.o(i.TIM5_IRQHandler) for TIM5_IRQHandler
    startup_stm32f10x_hd.o(.text) refers (Special) to heapauxi.o(.text) for __use_two_region_memory
    startup_stm32f10x_hd.o(.text) refers to system_stm32f10x.o(i.SystemInit) for SystemInit
    startup_stm32f10x_hd.o(.text) refers to __main.o(!!!main) for __main
    startup_stm32f10x_hd.o(.text) refers to startup_stm32f10x_hd.o(HEAP) for Heap_Mem
    startup_stm32f10x_hd.o(.text) refers to startup_stm32f10x_hd.o(STACK) for Stack_Mem
    stm32f10x_adc.o(i.ADC_DeInit) refers to stm32f10x_rcc.o(i.RCC_APB2PeriphResetCmd) for RCC_APB2PeriphResetCmd
    stm32f10x_bkp.o(i.BKP_DeInit) refers to stm32f10x_rcc.o(i.RCC_BackupResetCmd) for RCC_BackupResetCmd
    stm32f10x_can.o(i.CAN_DeInit) refers to stm32f10x_rcc.o(i.RCC_APB1PeriphResetCmd) for RCC_APB1PeriphResetCmd
    stm32f10x_can.o(i.CAN_GetITStatus) refers to stm32f10x_can.o(i.CheckITStatus) for CheckITStatus
    stm32f10x_cec.o(i.CEC_DeInit) refers to stm32f10x_rcc.o(i.RCC_APB1PeriphResetCmd) for RCC_APB1PeriphResetCmd
    stm32f10x_dac.o(i.DAC_DeInit) refers to stm32f10x_rcc.o(i.RCC_APB1PeriphResetCmd) for RCC_APB1PeriphResetCmd
    stm32f10x_flash.o(i.FLASH_EnableWriteProtection) refers to stm32f10x_flash.o(i.FLASH_WaitForLastOperation) for FLASH_WaitForLastOperation
    stm32f10x_flash.o(i.FLASH_EraseAllBank1Pages) refers to stm32f10x_flash.o(i.FLASH_WaitForLastBank1Operation) for FLASH_WaitForLastBank1Operation
    stm32f10x_flash.o(i.FLASH_EraseAllPages) refers to stm32f10x_flash.o(i.FLASH_WaitForLastOperation) for FLASH_WaitForLastOperation
    stm32f10x_flash.o(i.FLASH_EraseOptionBytes) refers to stm32f10x_flash.o(i.FLASH_GetReadOutProtectionStatus) for FLASH_GetReadOutProtectionStatus
    stm32f10x_flash.o(i.FLASH_EraseOptionBytes) refers to stm32f10x_flash.o(i.FLASH_WaitForLastOperation) for FLASH_WaitForLastOperation
    stm32f10x_flash.o(i.FLASH_ErasePage) refers to stm32f10x_flash.o(i.FLASH_WaitForLastOperation) for FLASH_WaitForLastOperation
    stm32f10x_flash.o(i.FLASH_ProgramHalfWord) refers to stm32f10x_flash.o(i.FLASH_WaitForLastOperation) for FLASH_WaitForLastOperation
    stm32f10x_flash.o(i.FLASH_ProgramOptionByteData) refers to stm32f10x_flash.o(i.FLASH_WaitForLastOperation) for FLASH_WaitForLastOperation
    stm32f10x_flash.o(i.FLASH_ProgramWord) refers to stm32f10x_flash.o(i.FLASH_WaitForLastOperation) for FLASH_WaitForLastOperation
    stm32f10x_flash.o(i.FLASH_ReadOutProtection) refers to stm32f10x_flash.o(i.FLASH_WaitForLastOperation) for FLASH_WaitForLastOperation
    stm32f10x_flash.o(i.FLASH_UserOptionByteConfig) refers to stm32f10x_flash.o(i.FLASH_WaitForLastOperation) for FLASH_WaitForLastOperation
[...]
    Removing stm32f10x_tim.o(i.TIM_ForcedOC2Config), (26 bytes).
    Removing stm32f10x_tim.o(i.TIM_ForcedOC3Config), (18 bytes).
    Removing stm32f10x_tim.o(i.TIM_ForcedOC4Config), (26 bytes).
    Removing stm32f10x_tim.o(i.TIM_GenerateEvent), (4 bytes).
    Removing stm32f10x_tim.o(i.TIM_GetCapture1), (6 bytes).
    Removing stm32f10x_tim.o(i.TIM_GetCapture2), (6 bytes).
    Removing stm32f10x_tim.o(i.TIM_GetCapture4), (8 bytes).
    Removing stm32f10x_tim.o(i.TIM_GetCounter), (6 bytes).
    Removing stm32f10x_tim.o(i.TIM_GetFlagStatus), (18 bytes).
    Removing stm32f10x_tim.o(i.TIM_GetPrescaler), (6 bytes).
    Removing stm32f10x_tim.o(i.TIM_ICStructInit), (18 bytes).
    Removing stm32f10x_tim.o(i.TIM_ITRxExternalClockConfig), (24 bytes).
    Removing stm32f10x_tim.o(i.TIM_InternalClockConfig), (12 bytes).
    Removing stm32f10x_tim.o(i.TIM_OC1FastConfig), (18 bytes).
    Removing stm32f10x_tim.o(i.TIM_OC1NPolarityConfig), (18 bytes).
    Removing stm32f10x_tim.o(i.TIM_OC1PolarityConfig), (18 bytes).
    Removing stm32f10x_tim.o(i.TIM_OC2FastConfig), (26 bytes).
    Removing stm32f10x_tim.o(i.TIM_OC2NPolarityConfig), (26 bytes).
    Removing stm32f10x_tim.o(i.TIM_OC3FastConfig), (18 bytes).
    Removing stm32f10x_tim.o(i.TIM_OC3Init), (160 bytes).
    Removing stm32f10x_tim.o(i.TIM_OC3NPolarityConfig), (26 bytes).
    Removing stm32f10x_tim.o(i.TIM_OC3PreloadConfig), (18 bytes).
    Removing stm32f10x_tim.o(i.TIM_OC4FastConfig), (26 bytes).
    Removing stm32f10x_tim.o(i.TIM_OC4Init), (124 bytes).
    Removing stm32f10x_tim.o(i.TIM_OC4PolarityConfig), (26 bytes).
    Removing stm32f10x_tim.o(i.TIM_OC4PreloadConfig), (26 bytes).
    Removing stm32f10x_tim.o(i.TIM_OCStructInit), (20 bytes).
    Removing stm32f10x_tim.o(i.TIM_PWMIConfig), (124 bytes).
    Removing stm32f10x_tim.o(i.TIM_PrescalerConfig), (6 bytes).
    Removing stm32f10x_tim.o(i.TIM_SelectCCDMA), (24 bytes).
    Removing stm32f10x_tim.o(i.TIM_SelectCOM), (24 bytes).
    Removing stm32f10x_tim.o(i.TIM_SelectHallSensor), (24 bytes).
    Removing stm32f10x_tim.o(i.TIM_SelectInputTrigger), (18 bytes).
    Removing stm32f10x_tim.o(i.TIM_SelectMasterSlaveMode), (18 bytes).
    Removing stm32f10x_tim.o(i.TIM_SelectOCxM), (82 bytes).
    Removing stm32f10x_tim.o(i.TIM_SelectOnePulseMode), (18 bytes).
    Removing stm32f10x_tim.o(i.TIM_SelectOutputTrigger), (18 bytes).
    Removing stm32f10x_tim.o(i.TIM_SelectSlaveMode), (18 bytes).
    Removing stm32f10x_tim.o(i.TIM_SetAutoreload), (4 bytes).
    Removing stm32f10x_tim.o(i.TIM_SetClockDivision), (18 bytes).
    Removing stm32f10x_tim.o(i.TIM_SetCompare3), (4 bytes).
    Removing stm32f10x_tim.o(i.TIM_SetCompare4), (6 bytes).
    Removing stm32f10x_tim.o(i.TIM_TIxExternalClockConfig), (62 bytes).
    Removing stm32f10x_tim.o(i.TIM_TimeBaseStructInit), (18 bytes).
    Removing stm32f10x_tim.o(i.TIM_UpdateDisableConfig), (24 bytes).
    Removing stm32f10x_tim.o(i.TIM_UpdateRequestConfig), (24 bytes).
    Removing stm32f10x_usart.o(i.USART_ClearFlag), (18 bytes).
    Removing stm32f10x_usart.o(i.USART_ClearITPendingBit), (30 bytes).
    Removing stm32f10x_usart.o(i.USART_ClockInit), (34 bytes).
    Removing stm32f10x_usart.o(i.USART_ClockStructInit), (12 bytes).
    Removing stm32f10x_usart.o(i.USART_DeInit), (156 bytes).
    Removing stm32f10x_usart.o(i.USART_GetFlagStatus), (26 bytes).
    Removing stm32f10x_usart.o(i.USART_HalfDuplexCmd), (24 bytes).
    Removing stm32f10x_usart.o(i.USART_IrDACmd), (24 bytes).
    Removing stm32f10x_usart.o(i.USART_IrDAConfig), (18 bytes).
    Removing stm32f10x_usart.o(i.USART_LINBreakDetectLengthConfig), (18 bytes).
    Removing stm32f10x_usart.o(i.USART_LINCmd), (24 bytes).
    Removing stm32f10x_usart.o(i.USART_OneBitMethodCmd), (24 bytes).
    Removing stm32f10x_usart.o(i.USART_OverSampling8Cmd), (22 bytes).
    Removing stm32f10x_usart.o(i.USART_ReceiveData), (10 bytes).
    Removing stm32f10x_usart.o(i.USART_ReceiverWakeUpCmd), (24 bytes).
    Removing stm32f10x_usart.o(i.USART_SendBreak), (10 bytes).
    Removing stm32f10x_usart.o(i.USART_SendData), (8 bytes).
    Removing stm32f10x_usart.o(i.USART_SetAddress), (18 bytes).
    Removing stm32f10x_usart.o(i.USART_SetGuardTime), (16 bytes).
    Removing stm32f10x_usart.o(i.USART_SetPrescaler), (16 bytes).
    Removing stm32f10x_usart.o(i.USART_SmartCardCmd), (24 bytes).
    Removing stm32f10x_usart.o(i.USART_SmartCardNACKCmd), (24 bytes).
    Removing stm32f10x_usart.o(i.USART_StructInit), (24 bytes).
    Removing stm32f10x_usart.o(i.USART_WakeUpConfig), (18 bytes).
    Removing stm32f10x_wwdg.o(i.WWDG_ClearFlag), (12 bytes).
    Removing stm32f10x_wwdg.o(i.WWDG_DeInit), (22 bytes).
    Removing stm32f10x_wwdg.o(i.WWDG_Enable), (16 bytes).
    Removing stm32f10x_wwdg.o(i.WWDG_EnableIT), (12 bytes).
    Removing stm32f10x_wwdg.o(i.WWDG_GetFlagStatus), (12 bytes).
    Removing stm32f10x_wwdg.o(i.WWDG_SetCounter), (16 bytes).
    Removing stm32f10x_wwdg.o(i.WWDG_SetPrescaler), (24 bytes).
    Removing stm32f10x_wwdg.o(i.WWDG_SetWindowValue), (40 bytes).
    Removing delay.o(i.delay_ms), (18 bytes).
    Removing led.o(i.LED_TOGGLE), (36 bytes).
    Removing led.o(i.RED_OFF), (16 bytes).
    Removing led.o(i.RED_ON), (16 bytes).
    Removing usart1.o(i.fputc), (28 bytes).
    Removing usart1.o(.data), (4 bytes).
    Removing pid.o(i.Speed_Control), (96 bytes).
    Removing measure.o(i.Get_Distance_Left), (172 bytes).
    Removing measure.o(i.Get_Distance_Right), (172 bytes).
    Removing datatransfer.o(i.ANO_DT_Send_Check), (68 bytes).
    Removing datatransfer.o(i.ANO_DT_Send_PID), (524 bytes).
    Removing datatransfer.o(i.ANO_DT_Send_Power), (140 bytes).
    Removing datatransfer.o(i.ANO_DT_Send_Status), (324 bytes).

440 unused section(s) (total 17646 bytes) removed from the image.

==============================================================================

Image Symbol Table

    Local Symbols

    Symbol Name                              Value     Ov Type        Size  Object(Section)

    ../clib/angel/boardlib.s                 0x00000000   Number         0  boardinit3.o ABSOLUTE
    ../clib/angel/boardlib.s                 0x00000000   Number         0  boardinit2.o ABSOLUTE
    ../clib/angel/boardlib.s                 0x00000000   Number         0  boardinit1.o ABSOLUTE
    ../clib/angel/boardlib.s                 0x00000000   Number         0  boardshut.o ABSOLUTE
    ../clib/angel/handlers.s                 0x00000000   Number         0  __scatter_copy.o ABSOLUTE
    ../clib/angel/handlers.s                 0x00000000   Number         0  __scatter_zi.o ABSOLUTE
    ../clib/angel/kernel.s                   0x00000000   Number         0  rtexit2.o ABSOLUTE
    ../clib/angel/kernel.s                   0x00000000   Number         0  rtexit.o ABSOLUTE
    ../clib/angel/kernel.s                   0x00000000   Number         0  __rtentry4.o ABSOLUTE
    ../clib/angel/kernel.s                   0x00000000   Number         0  __rtentry2.o ABSOLUTE
    ../clib/angel/kernel.s                   0x00000000   Number         0  __rtentry.o ABSOLUTE
    ../clib/angel/rt.s                       0x00000000   Number         0  rt_raise.o ABSOLUTE
    ../clib/angel/scatter.s                  0x00000000   Number         0  __scatter.o ABSOLUTE
    ../clib/angel/startup.s                  0x00000000   Number         0  __main.o ABSOLUTE
    ../clib/angel/sys.s                      0x00000000   Number         0  use_no_semi_2.o ABSOLUTE
    ../clib/angel/sys.s                      0x00000000   Number         0  libspace.o ABSOLUTE
    ../clib/angel/sys.s                      0x00000000   Number         0  indicate_semi.o ABSOLUTE
    ../clib/angel/sys.s                      0x00000000   Number         0  sys_stackheap_outer.o ABSOLUTE
    ../clib/angel/sys.s                      0x00000000   Number         0  use_no_semi.o ABSOLUTE
    ../clib/angel/sysapp.c                   0x00000000   Number         0  sys_command.o ABSOLUTE
    ../clib/angel/sysapp.c                   0x00000000   Number         0  sys_wrch.o ABSOLUTE
    ../clib/armsys.c                         0x00000000   Number         0  argv_veneer.o ABSOLUTE
    ../clib/armsys.c                         0x00000000   Number         0  argv_veneer.o ABSOLUTE
    ../clib/armsys.c                         0x00000000   Number         0  _get_argv_nomalloc.o ABSOLUTE
    ../clib/armsys.c                         0x00000000   Number         0  no_argv.o ABSOLUTE
    ../clib/heapalloc.c                      0x00000000   Number         0  hrguard.o ABSOLUTE
    ../clib/heapaux.c                        0x00000000   Number         0  heapauxi.o ABSOLUTE
    ../clib/libinit.s                        0x00000000   Number         0  libshutdown2.o ABSOLUTE
    ../clib/libinit.s                        0x00000000   Number         0  libinit2.o ABSOLUTE
    ../clib/libinit.s                        0x00000000   Number         0  libinit.o ABSOLUTE
    ../clib/libinit.s                        0x00000000   Number         0  libshutdown.o ABSOLUTE
    ../clib/signal.c                         0x00000000   Number         0  defsig_pvfn_inner.o ABSOLUTE
    ../clib/signal.c                         0x00000000   Number         0  defsig_rtred_inner.o ABSOLUTE
    ../clib/signal.c                         0x00000000   Number         0  defsig_fpe_inner.o ABSOLUTE
    ../clib/signal.c                         0x00000000   Number         0  defsig_abrt_inner.o ABSOLUTE
    ../clib/signal.c                         0x00000000   Number         0  defsig_general.o ABSOLUTE
    ../clib/signal.c                         0x00000000   Number         0  __raise.o ABSOLUTE
    ../clib/signal.c                         0x00000000   Number         0  defsig_rtmem_inner.o ABSOLUTE
    ../clib/signal.c                         0x00000000   Number         0  defsig_exit.o ABSOLUTE
    ../clib/signal.c                         0x00000000   Number         0  defsig_rtmem_formal.o ABSOLUTE
    ../clib/signal.c                         0x00000000   Number         0  defsig_rtmem_outer.o ABSOLUTE
    ../clib/signal.c                         0x00000000   Number         0  defsig_segv_inner.o ABSOLUTE
    ../clib/signal.c                         0x00000000   Number         0  defsig_stak_inner.o ABSOLUTE
    ../clib/signal.c                         0x00000000   Number         0  defsig_other.o ABSOLUTE
    ../clib/signal.c                         0x00000000   Number         0  defsig_cppl_inner.o ABSOLUTE
    ../clib/signal.s                         0x00000000   Number         0  defsig.o ABSOLUTE
    ../clib/stdlib.c                         0x00000000   Number         0  exit.o ABSOLUTE
    ../fplib/daddsub.s                       0x00000000   Number         0  daddsub_clz.o ABSOLUTE
    ../fplib/dfix.s                          0x00000000   Number         0  dfix.o ABSOLUTE
    ../fplib/dflt.s                          0x00000000   Number         0  dflt_clz.o ABSOLUTE
    ../fplib/dmul.s                          0x00000000   Number         0  dmul.o ABSOLUTE
    ../fplib/dnaninf.s                       0x00000000   Number         0  dnaninf.o ABSOLUTE
    ../fplib/dretinf.s                       0x00000000   Number         0  dretinf.o ABSOLUTE
    ../fplib/faddsub.s                       0x00000000   Number         0  faddsub_clz.o ABSOLUTE
    ../fplib/fdiv.s                          0x00000000   Number         0  fdiv.o ABSOLUTE
    ../fplib/ffix.s                          0x00000000   Number         0  ffix.o ABSOLUTE
    ../fplib/fflt.s                          0x00000000   Number         0  fflt_clz.o ABSOLUTE
    ../fplib/fmul.s                          0x00000000   Number         0  fmul.o ABSOLUTE
    ../fplib/fnaninf.s                       0x00000000   Number         0  fnaninf.o ABSOLUTE
    ../fplib/fpinit.s                        0x00000000   Number         0  fpinit.o ABSOLUTE
    ../fplib/fretinf.s                       0x00000000   Number         0  fretinf.o ABSOLUTE
    ../fplib/usenofp.s                       0x00000000   Number         0  usenofp.o ABSOLUTE
    ..\APPLICATIONS\datatransfer.c           0x00000000   Number         0  datatransfer.o ABSOLUTE
    ..\APPLICATIONS\dutytask.c               0x00000000   Number         0  dutytask.o ABSOLUTE
    ..\APPLICATIONS\fliter.c                 0x00000000   Number         0  fliter.o ABSOLUTE
    ..\APPLICATIONS\measure.c                0x00000000   Number         0  measure.o ABSOLUTE
    ..\APPLICATIONS\motor.c                  0x00000000   Number         0  motor.o ABSOLUTE
    ..\APPLICATIONS\pid.c                    0x00000000   Number         0  pid.o ABSOLUTE
    ..\CORE\core_cm3.c                       0x00000000   Number         0  core_cm3.o ABSOLUTE
    ..\CORE\startup_stm32f10x_hd.s           0x00000000   Number         0  startup_stm32f10x_hd.o ABSOLUTE
    ..\DRIVERS\delay.c                       0x00000000   Number         0  delay.o ABSOLUTE
    ..\DRIVERS\driver.c                      0x00000000   Number         0  driver.o ABSOLUTE
    ..\DRIVERS\encoder.c                     0x00000000   Number         0  encoder.o ABSOLUTE
    ..\DRIVERS\led.c                         0x00000000   Number         0  led.o ABSOLUTE
    ..\DRIVERS\system.c                      0x00000000   Number         0  system.o ABSOLUTE
    ..\DRIVERS\timer.c                       0x00000000   Number         0  timer.o ABSOLUTE
    ..\DRIVERS\usart1.c                      0x00000000   Number         0  usart1.o ABSOLUTE
    ..\STM32F10x_FWLib\src\misc.c            0x00000000   Number         0  misc.o ABSOLUTE
    ..\STM32F10x_FWLib\src\stm32f10x_adc.c   0x00000000   Number         0  stm32f10x_adc.o ABSOLUTE
    ..\STM32F10x_FWLib\src\stm32f10x_bkp.c   0x00000000   Number         0  stm32f10x_bkp.o ABSOLUTE
    ..\STM32F10x_FWLib\src\stm32f10x_can.c   0x00000000   Number         0  stm32f10x_can.o ABSOLUTE
    ..\STM32F10x_FWLib\src\stm32f10x_cec.c   0x00000000   Number         0  stm32f10x_cec.o ABSOLUTE
    ..\STM32F10x_FWLib\src\stm32f10x_crc.c   0x00000000   Number         0  stm32f10x_crc.o ABSOLUTE
    ..\STM32F10x_FWLib\src\stm32f10x_dac.c   0x00000000   Number         0  stm32f10x_dac.o ABSOLUTE
    ..\STM32F10x_FWLib\src\stm32f10x_dbgmcu.c 0x00000000   Number         0  stm32f10x_dbgmcu.o ABSOLUTE
    ..\STM32F10x_FWLib\src\stm32f10x_dma.c   0x00000000   Number         0  stm32f10x_dma.o ABSOLUTE
    ..\STM32F10x_FWLib\src\stm32f10x_exti.c  0x00000000   Number         0  stm32f10x_exti.o ABSOLUTE
    ..\STM32F10x_FWLib\src\stm32f10x_flash.c 0x00000000   Number         0  stm32f10x_flash.o ABSOLUTE
    ..\STM32F10x_FWLib\src\stm32f10x_fsmc.c  0x00000000   Number         0  stm32f10x_fsmc.o ABSOLUTE
    ..\STM32F10x_FWLib\src\stm32f10x_gpio.c  0x00000000   Number         0  stm32f10x_gpio.o ABSOLUTE
    ..\STM32F10x_FWLib\src\stm32f10x_i2c.c   0x00000000   Number         0  stm32f10x_i2c.o ABSOLUTE
    ..\STM32F10x_FWLib\src\stm32f10x_iwdg.c  0x00000000   Number         0  stm32f10x_iwdg.o ABSOLUTE
    ..\STM32F10x_FWLib\src\stm32f10x_pwr.c   0x00000000   Number         0  stm32f10x_pwr.o ABSOLUTE
    ..\STM32F10x_FWLib\src\stm32f10x_rcc.c   0x00000000   Number         0  stm32f10x_rcc.o ABSOLUTE
    ..\STM32F10x_FWLib\src\stm32f10x_rtc.c   0x00000000   Number         0  stm32f10x_rtc.o ABSOLUTE
    ..\STM32F10x_FWLib\src\stm32f10x_sdio.c  0x00000000   Number         0  stm32f10x_sdio.o ABSOLUTE
    ..\STM32F10x_FWLib\src\stm32f10x_spi.c   0x00000000   Number         0  stm32f10x_spi.o ABSOLUTE
    ..\STM32F10x_FWLib\src\stm32f10x_tim.c   0x00000000   Number         0  stm32f10x_tim.o ABSOLUTE
    ..\STM32F10x_FWLib\src\stm32f10x_usart.c 0x00000000   Number         0  stm32f10x_usart.o ABSOLUTE
    ..\STM32F10x_FWLib\src\stm32f10x_wwdg.c  0x00000000   Number         0  stm32f10x_wwdg.o ABSOLUTE
    ..\\CORE\\core_cm3.c                     0x00000000   Number         0  core_cm3.o ABSOLUTE
    dc.s                                     0x00000000   Number         0  dc.o ABSOLUTE
    main.c                                   0x00000000   Number         0  main.o ABSOLUTE
    stm32f10x_it.c                           0x00000000   Number         0  stm32f10x_it.o ABSOLUTE
    system_stm32f10x.c                       0x00000000   Number         0  system_stm32f10x.o ABSOLUTE
    RESET                                    0x08000000   Section      304  startup_stm32f10x_hd.o(RESET)
    !!!main                                  0x08000130   Section        8  __main.o(!!!main)
    !!!scatter                               0x08000138   Section       52  __scatter.o(!!!scatter)
    !!handler_copy                           0x0800016c   Section       26  __scatter_copy.o(!!handler_copy)
    !!handler_zi                             0x08000188   Section       28  __scatter_zi.o(!!handler_zi)
    .ARM.Collect$$libinit$$00000000          0x080001a4   Section        2  libinit.o(.ARM.Collect$$libinit$$00000000)
    .ARM.Collect$$libinit$$00000002          0x080001a6   Section        0  libinit2.o(.ARM.Collect$$libinit$$00000002)
    .ARM.Collect$$libinit$$00000004          0x080001a6   Section        0  libinit2.o(.ARM.Collect$$libinit$$00000004)
    .ARM.Collect$$libinit$$0000000A          0x080001a6   Section        0  libinit2.o(.ARM.Collect$$libinit$$0000000A)
    .ARM.Collect$$libinit$$0000000C          0x080001a6   Section        0  libinit2.o(.ARM.Collect$$libinit$$0000000C)
    .ARM.Collect$$libinit$$0000000E          0x080001a6   Section        0  libinit2.o(.ARM.Collect$$libinit$$0000000E)
    .ARM.Collect$$libinit$$00000011          0x080001a6   Section        0  libinit2.o(.ARM.Collect$$libinit$$00000011)
    .ARM.Collect$$libinit$$00000013          0x080001a6   Section        0  libinit2.o(.ARM.Collect$$libinit$$00000013)
    .ARM.Collect$$libinit$$00000015          0x080001a6   Section        0  libinit2.o(.ARM.Collect$$libinit$$00000015)
    .ARM.Collect$$libinit$$00000017          0x080001a6   Section        0  libinit2.o(.ARM.Collect$$libinit$$00000017)
    .ARM.Collect$$libinit$$00000019          0x080001a6   Section        0  libinit2.o(.ARM.Collect$$libinit$$00000019)
    .ARM.Collect$$libinit$$0000001B          0x080001a6   Section        0  libinit2.o(.ARM.Collect$$libinit$$0000001B)
    .ARM.Collect$$libinit$$0000001D          0x080001a6   Section        0  libinit2.o(.ARM.Collect$$libinit$$0000001D)
    .ARM.Collect$$libinit$$0000001F          0x080001a6   Section        0  libinit2.o(.ARM.Collect$$libinit$$0000001F)
    .ARM.Collect$$libinit$$00000021          0x080001a6   Section        0  libinit2.o(.ARM.Collect$$libinit$$00000021)
    .ARM.Collect$$libinit$$00000023          0x080001a6   Section        0  libinit2.o(.ARM.Collect$$libinit$$00000023)
    .ARM.Collect$$libinit$$00000025          0x080001a6   Section        0  libinit2.o(.ARM.Collect$$libinit$$00000025)
    .ARM.Collect$$libinit$$0000002C          0x080001a6   Section        0  libinit2.o(.ARM.Collect$$libinit$$0000002C)
    .ARM.Collect$$libinit$$0000002E          0x080001a6   Section        0  libinit2.o(.ARM.Collect$$libinit$$0000002E)
    .ARM.Collect$$libinit$$00000030          0x080001a6   Section        0  libinit2.o(.ARM.Collect$$libinit$$00000030)
    .ARM.Collect$$libinit$$00000032          0x080001a6   Section        0  libinit2.o(.ARM.Collect$$libinit$$00000032)
    .ARM.Collect$$libinit$$00000033          0x080001a6   Section        2  libinit2.o(.ARM.Collect$$libinit$$00000033)
    .ARM.Collect$$libshutdown$$00000000      0x080001a8   Section        2  libshutdown.o(.ARM.Collect$$libshutdown$$00000000)
    .ARM.Collect$$libshutdown$$00000002      0x080001aa   Section        0  libshutdown2.o(.ARM.Collect$$libshutdown$$00000002)
    .ARM.Collect$$libshutdown$$00000004      0x080001aa   Section        0  libshutdown2.o(.ARM.Collect$$libshutdown$$00000004)
    .ARM.Collect$$libshutdown$$00000007      0x080001aa   Section        0  libshutdown2.o(.ARM.Collect$$libshutdown$$00000007)
    .ARM.Collect$$libshutdown$$0000000A      0x080001aa   Section        0  libshutdown2.o(.ARM.Collect$$libshutdown$$0000000A)
    .ARM.Collect$$libshutdown$$0000000C      0x080001aa   Section        0  libshutdown2.o(.ARM.Collect$$libshutdown$$0000000C)
    .ARM.Collect$$libshutdown$$0000000F      0x080001aa   Section        0  libshutdown2.o(.ARM.Collect$$libshutdown$$0000000F)
    .ARM.Collect$$libshutdown$$00000010      0x080001aa   Section        2  libshutdown2.o(.ARM.Collect$$libshutdown$$00000010)
    .ARM.Collect$$rtentry$$00000000          0x080001ac   Section        0  __rtentry.o(.ARM.Collect$$rtentry$$00000000)
    .ARM.Collect$$rtentry$$00000002          0x080001ac   Section        0  __rtentry2.o(.ARM.Collect$$rtentry$$00000002)
    .ARM.Collect$$rtentry$$00000004          0x080001ac   Section        6  __rtentry4.o(.ARM.Collect$$rtentry$$00000004)
    .ARM.Collect$$rtentry$$00000009          0x080001b2   Section        0  __rtentry2.o(.ARM.Collect$$rtentry$$00000009)
    .ARM.Collect$$rtentry$$0000000A          0x080001b2   Section        4  __rtentry2.o(.ARM.Collect$$rtentry$$0000000A)
    .ARM.Collect$$rtentry$$0000000C          0x080001b6   Section        0  __rtentry2.o(.ARM.Collect$$rtentry$$0000000C)
    .ARM.Collect$$rtentry$$0000000D          0x080001b6   Section        8  __rtentry2.o(.ARM.Collect$$rtentry$$0000000D)
    .ARM.Collect$$rtexit$$00000000           0x080001be   Section        2  rtexit.o(.ARM.Collect$$rtexit$$00000000)
    .ARM.Collect$$rtexit$$00000002           0x080001c0   Section        0  rtexit2.o(.ARM.Collect$$rtexit$$00000002)
    .ARM.Collect$$rtexit$$00000003           0x080001c0   Section        4  rtexit2.o(.ARM.Collect$$rtexit$$00000003)
    .ARM.Collect$$rtexit$$00000004           0x080001c4   Section        6  rtexit2.o(.ARM.Collect$$rtexit$$00000004)
    .text                                    0x080001cc   Section       64  startup_stm32f10x_hd.o(.text)
    .text                                    0x0800020c   Section        2  use_no_semi_2.o(.text)
    .text                                    0x0800020e   Section        0  heapauxi.o(.text)
    .text                                    0x08000214   Section        2  use_no_semi.o(.text)
    .text                                    0x08000216   Section       74  sys_stackheap_outer.o(.text)
    .text                                    0x08000260   Section        0  exit.o(.text)
    .text                                    0x08000274   Section        8  libspace.o(.text)
    i.ANO_DT_Send_MotoPWM                    0x0800027c   Section        0  datatransfer.o(i.ANO_DT_Send_MotoPWM)
    i.ANO_DT_Send_Senser                     0x080003a8   Section        0  datatransfer.o(i.ANO_DT_Send_Senser)
    i.BusFault_Handler                       0x08000524   Section        0  stm32f10x_it.o(i.BusFault_Handler)
    i.DMA_ClearFlag                          0x08000528   Section        0  stm32f10x_dma.o(i.DMA_ClearFlag)
    i.DMA_Cmd                                0x08000544   Section        0  stm32f10x_dma.o(i.DMA_Cmd)
    i.DMA_DeInit                             0x0800055c   Section        0  stm32f10x_dma.o(i.DMA_DeInit)
    i.DMA_Init                               0x080006a8   Section        0  stm32f10x_dma.o(i.DMA_Init)
    i.DMA_SetCurrDataCounter                 0x080006e4   Section        0  stm32f10x_dma.o(i.DMA_SetCurrDataCounter)
    i.Data_Send                              0x080006e8   Section        0  datatransfer.o(i.Data_Send)
    Data_Send                                0x080006e9   Thumb Code    16  datatransfer.o(i.Data_Send)
    i.DatatransferTask                       0x080006f8   Section        0  datatransfer.o(i.DatatransferTask)
    i.DebugMon_Handler                       0x080007b8   Section        0  stm32f10x_it.o(i.DebugMon_Handler)
    i.Driver_Init                            0x080007ba   Section        0  driver.o(i.Driver_Init)
    i.Duty_100ms                             0x080007de   Section        0  dutytask.o(i.Duty_100ms)
    i.Duty_10ms                              0x080007e0   Section        0  dutytask.o(i.Duty_10ms)
    i.Duty_20ms                              0x080007e8   Section        0  dutytask.o(i.Duty_20ms)
    i.Duty_50ms                              0x080007ea   Section        0  dutytask.o(i.Duty_50ms)
    i.Duty_5ms                               0x080007f2   Section        0  dutytask.o(i.Duty_5ms)
    i.GPIO_Init                              0x080007f4   Section        0  stm32f10x_gpio.o(i.GPIO_Init)
    i.GPIO_PinRemapConfig                    0x0800090c   Section        0  stm32f10x_gpio.o(i.GPIO_PinRemapConfig)
    i.GPIO_ResetBits                         0x0800099c   Section        0  stm32f10x_gpio.o(i.GPIO_ResetBits)
    i.GPIO_SetBits                           0x080009a0   Section        0  stm32f10x_gpio.o(i.GPIO_SetBits)
    i.Get_Distance_Front                     0x080009a4   Section        0  measure.o(i.Get_Distance_Front)
    i.HardFault_Handler                      0x08000a4c   Section        0  stm32f10x_it.o(i.HardFault_Handler)
    i.LED_Init                               0x08000a50   Section        0  led.o(i.LED_Init)
    i.MemManage_Handler                      0x08000a84   Section        0  stm32f10x_it.o(i.MemManage_Handler)
    i.MotorLeft                              0x08000a88   Section        0  motor.o(i.MotorLeft)
    i.MotorRight                             0x08000ab8   Section        0  motor.o(i.MotorRight)
    i.NMI_Handler                            0x08000aec   Section        0  stm32f10x_it.o(i.NMI_Handler)
    i.NVIC_Init                              0x08000af0   Section        0  misc.o(i.NVIC_Init)
    i.NVIC_PriorityGroupConfig               0x08000b60   Section        0  misc.o(i.NVIC_PriorityGroupConfig)
    i.NVIC_RESETPRIMASK                      0x08000b74   Section        0  system.o(i.NVIC_RESETPRIMASK)
    i.NVIC_SETPRIMASK                        0x08000b78   Section        0  system.o(i.NVIC_SETPRIMASK)
    i.PWM_Init                               0x08000b7c   Section        0  timer.o(i.PWM_Init)
    i.PendSV_Handler                         0x08000c30   Section        0  stm32f10x_it.o(i.PendSV_Handler)
    i.Pos_Control                            0x08000c34   Section        0  pid.o(i.Pos_Control)
    i.RCC_AHBPeriphClockCmd                  0x08000cd8   Section        0  stm32f10x_rcc.o(i.RCC_AHBPeriphClockCmd)
    i.RCC_APB1PeriphClockCmd                 0x08000cf8   Section        0  stm32f10x_rcc.o(i.RCC_APB1PeriphClockCmd)
    i.RCC_APB2PeriphClockCmd                 0x08000d18   Section        0  stm32f10x_rcc.o(i.RCC_APB2PeriphClockCmd)
    i.RCC_GetClocksFreq                      0x08000d38   Section        0  stm32f10x_rcc.o(i.RCC_GetClocksFreq)
    i.SVC_Handler                            0x08000e0c   Section        0  stm32f10x_it.o(i.SVC_Handler)
    i.SetSysClock                            0x08000e0e   Section        0  system_stm32f10x.o(i.SetSysClock)
    SetSysClock                              0x08000e0f   Thumb Code     8  system_stm32f10x.o(i.SetSysClock)
    i.SetSysClockTo72                        0x08000e18   Section        0  system_stm32f10x.o(i.SetSysClockTo72)
    SetSysClockTo72                          0x08000e19   Thumb Code   214  system_stm32f10x.o(i.SetSysClockTo72)
    i.SysTick_CLKSourceConfig                0x08000ef8   Section        0  misc.o(i.SysTick_CLKSourceConfig)
    i.SysTick_Handler                        0x08000f20   Section        0  delay.o(i.SysTick_Handler)
    i.SysTick_Init                           0x08000f28   Section        0  delay.o(i.SysTick_Init)
    i.SystemInit                             0x08000fb8   Section        0  system_stm32f10x.o(i.SystemInit)
    i.TI1_Config                             0x08001018   Section        0  stm32f10x_tim.o(i.TI1_Config)
    TI1_Config                               0x08001019   Thumb Code   108  stm32f10x_tim.o(i.TI1_Config)
    i.TI2_Config                             0x08001098   Section        0  stm32f10x_tim.o(i.TI2_Config)
    TI2_Config                               0x08001099   Thumb Code   130  stm32f10x_tim.o(i.TI2_Config)
    i.TI3_Config                             0x08001130   Section        0  stm32f10x_tim.o(i.TI3_Config)
    TI3_Config                               0x08001131   Thumb Code   122  stm32f10x_tim.o(i.TI3_Config)
    i.TI4_Config                             0x080011c0   Section        0  stm32f10x_tim.o(i.TI4_Config)
    TI4_Config                               0x080011c1   Thumb Code   130  stm32f10x_tim.o(i.TI4_Config)
    i.TIM2_IRQHandler                        0x08001258   Section        0  timer.o(i.TIM2_IRQHandler)
    i.TIM3_IRQHandler                        0x08001314   Section        0  timer.o(i.TIM3_IRQHandler)
    i.TIM5_IRQHandler                        0x080013d0   Section        0  timer.o(i.TIM5_IRQHandler)
    i.TIM_ARRPreloadConfig                   0x0800148c   Section        0  stm32f10x_tim.o(i.TIM_ARRPreloadConfig)
    i.TIM_ClearITPendingBit                  0x080014a4   Section        0  stm32f10x_tim.o(i.TIM_ClearITPendingBit)
    i.TIM_Cmd                                0x080014aa   Section        0  stm32f10x_tim.o(i.TIM_Cmd)
    i.TIM_CtrlPWMOutputs                     0x080014c2   Section        0  stm32f10x_tim.o(i.TIM_CtrlPWMOutputs)
    i.TIM_GetCapture3                        0x080014e0   Section        0  stm32f10x_tim.o(i.TIM_GetCapture3)
    i.TIM_GetITStatus                        0x080014e6   Section        0  stm32f10x_tim.o(i.TIM_GetITStatus)
    i.TIM_ICInit                             0x08001508   Section        0  stm32f10x_tim.o(i.TIM_ICInit)
    i.TIM_ITConfig                           0x080015b4   Section        0  stm32f10x_tim.o(i.TIM_ITConfig)
    i.TIM_OC1Init                            0x080015c8   Section        0  stm32f10x_tim.o(i.TIM_OC1Init)
    i.TIM_OC1PreloadConfig                   0x08001660   Section        0  stm32f10x_tim.o(i.TIM_OC1PreloadConfig)
    i.TIM_OC2Init                            0x08001674   Section        0  stm32f10x_tim.o(i.TIM_OC2Init)
    i.TIM_OC2PolarityConfig                  0x08001718   Section        0  stm32f10x_tim.o(i.TIM_OC2PolarityConfig)
    i.TIM_OC2PreloadConfig                   0x08001732   Section        0  stm32f10x_tim.o(i.TIM_OC2PreloadConfig)
    i.TIM_OC3PolarityConfig                  0x0800174c   Section        0  stm32f10x_tim.o(i.TIM_OC3PolarityConfig)
    i.TIM_SetCompare1                        0x08001766   Section        0  stm32f10x_tim.o(i.TIM_SetCompare1)
    i.TIM_SetCompare2                        0x0800176a   Section        0  stm32f10x_tim.o(i.TIM_SetCompare2)
    i.TIM_SetCounter                         0x0800176e   Section        0  stm32f10x_tim.o(i.TIM_SetCounter)
    i.TIM_SetIC1Prescaler                    0x08001772   Section        0  stm32f10x_tim.o(i.TIM_SetIC1Prescaler)
    i.TIM_SetIC2Prescaler                    0x08001784   Section        0  stm32f10x_tim.o(i.TIM_SetIC2Prescaler)
    i.TIM_SetIC3Prescaler                    0x0800179e   Section        0  stm32f10x_tim.o(i.TIM_SetIC3Prescaler)
    i.TIM_SetIC4Prescaler                    0x080017b0   Section        0  stm32f10x_tim.o(i.TIM_SetIC4Prescaler)
    i.TIM_TimeBaseInit                       0x080017cc   Section        0  stm32f10x_tim.o(i.TIM_TimeBaseInit)
    i.USART1_IRQHandler                      0x08001870   Section        0  usart1.o(i.USART1_IRQHandler)
    i.USART_Cmd                              0x080018ac   Section        0  stm32f10x_usart.o(i.USART_Cmd)
    i.USART_DMACmd                           0x080018c4   Section        0  stm32f10x_usart.o(i.USART_DMACmd)
    i.USART_GetITStatus                      0x080018d6   Section        0  stm32f10x_usart.o(i.USART_GetITStatus)
    i.USART_ITConfig                         0x0800192a   Section        0  stm32f10x_usart.o(i.USART_ITConfig)
    i.USART_Init                             0x08001974   Section        0  stm32f10x_usart.o(i.USART_Init)
    i.UsageFault_Handler                     0x08001a4c   Section        0  stm32f10x_it.o(i.UsageFault_Handler)
    i.Usart1_Init                            0x08001a50   Section        0  usart1.o(i.Usart1_Init)
    i.Usart1_Send                            0x08001b80   Section        0  usart1.o(i.Usart1_Send)
    i.Wave_Init                              0x08001bc4   Section        0  timer.o(i.Wave_Init)
    i._sys_exit                              0x08001e10   Section        0  usart1.o(i._sys_exit)
    i.delay_us                               0x08001e14   Section        0  delay.o(i.delay_us)
    i.kalmanfilter                           0x08001e64   Section        0  fliter.o(i.kalmanfilter)
    i.limitfilter                            0x08001f4c   Section        0  fliter.o(i.limitfilter)
    i.main                                   0x08001f5e   Section        0  main.o(i.main)
    i.taskloop                               0x08001f68   Section        0  dutytask.o(i.taskloop)
    x$fpl$dadd                               0x08001fc4   Section      336  daddsub_clz.o(x$fpl$dadd)
    _dadd1                                   0x08001fd5   Thumb Code     0  daddsub_clz.o(x$fpl$dadd)
    x$fpl$dfix                               0x08002114   Section       94  dfix.o(x$fpl$dfix)
    x$fpl$dflt                               0x08002172   Section       46  dflt_clz.o(x$fpl$dflt)
    x$fpl$dmul                               0x080021a0   Section      340  dmul.o(x$fpl$dmul)
    x$fpl$dnaninf                            0x080022f4   Section      156  dnaninf.o(x$fpl$dnaninf)
    x$fpl$dretinf                            0x08002390   Section       12  dretinf.o(x$fpl$dretinf)
    x$fpl$dsub                               0x0800239c   Section      468  daddsub_clz.o(x$fpl$dsub)
    _dsub1                                   0x080023ad   Thumb Code     0  daddsub_clz.o(x$fpl$dsub)
    x$fpl$fadd                               0x08002570   Section      196  faddsub_clz.o(x$fpl$fadd)
    _fadd1                                   0x0800257f   Thumb Code     0  faddsub_clz.o(x$fpl$fadd)
    x$fpl$fdiv                               0x08002634   Section      388  fdiv.o(x$fpl$fdiv)
    _fdiv1                                   0x08002635   Thumb Code     0  fdiv.o(x$fpl$fdiv)
    x$fpl$ffix                               0x080027b8   Section       54  ffix.o(x$fpl$ffix)
    x$fpl$fflt                               0x080027f0   Section       48  fflt_clz.o(x$fpl$fflt)
    x$fpl$fmul                               0x08002820   Section      258  fmul.o(x$fpl$fmul)
    x$fpl$fnaninf                            0x08002922   Section      140  fnaninf.o(x$fpl$fnaninf)
    x$fpl$fretinf                            0x080029ae   Section       10  fretinf.o(x$fpl$fretinf)
    x$fpl$fsub                               0x080029b8   Section      234  faddsub_clz.o(x$fpl$fsub)
    _fsub1                                   0x080029c7   Thumb Code     0  faddsub_clz.o(x$fpl$fsub)
    x$fpl$usenofp                            0x08002aa2   Section        0  usenofp.o(x$fpl$usenofp)
    .data                                    0x20000000   Section       20  system_stm32f10x.o(.data)
    .data                                    0x20000014   Section       20  stm32f10x_rcc.o(.data)
    APBAHBPrescTable                         0x20000014   Data          16  stm32f10x_rcc.o(.data)
    ADCPrescTable                            0x20000024   Data           4  stm32f10x_rcc.o(.data)
    .data                                    0x20000028   Section        1  delay.o(.data)
    fac_us                                   0x20000028   Data           1  delay.o(.data)
    .data                                    0x2000002a   Section       12  timer.o(.data)
    .data                                    0x20000038   Section        4  dutytask.o(.data)
    system_5ms                               0x20000038   Data           4  dutytask.o(.data)
    .data                                    0x2000003c   Section       12  pid.o(.data)
    now_dis                                  0x2000003c   Data           2  pid.o(.data)
    last_dis                                 0x2000003e   Data           2  pid.o(.data)
    now_diff                                 0x20000040   Data           2  pid.o(.data)
    last_diff                                0x20000042   Data           2  pid.o(.data)
    speed                                    0x20000044   Data           2  pid.o(.data)
    speed_flag                               0x20000046   Data           2  pid.o(.data)
    .data                                    0x20000048   Section        6  measure.o(.data)
    .data                                    0x2000004e   Section        1  datatransfer.o(.data)
    flag                                     0x2000004e   Data           1  datatransfer.o(.data)
    .data                                    0x20000050   Section       37  fliter.o(.data)
    x_mid                                    0x20000050   Data           4  fliter.o(.data)
    x_last                                   0x20000054   Data           4  fliter.o(.data)
    p_mid                                    0x20000058   Data           4  fliter.o(.data)
    p_last                                   0x2000005c   Data           4  fliter.o(.data)
    p_now                                    0x20000060   Data           4  fliter.o(.data)
    x_now                                    0x20000064   Data           4  fliter.o(.data)
    Q                                        0x20000068   Data           4  fliter.o(.data)
    kg                                       0x2000006c   Data           4  fliter.o(.data)
    R                                        0x20000070   Data           4  fliter.o(.data)
    init_flag                                0x20000074   Data           1  fliter.o(.data)
    .bss                                     0x20000078   Section      512  usart1.o(.bss)
    .bss                                     0x20000278   Section       84  datatransfer.o(.bss)
    .bss                                     0x200002cc   Section       96  libspace.o(.bss)
    HEAP                                     0x20000330   Section      512  startup_stm32f10x_hd.o(HEAP)
    Heap_Mem                                 0x20000330   Data         512  startup_stm32f10x_hd.o(HEAP)
    STACK                                    0x20000530   Section     1024  startup_stm32f10x_hd.o(STACK)
    Stack_Mem                                0x20000530   Data        1024  startup_stm32f10x_hd.o(STACK)
    __initial_sp                             0x20000930   Data           0  startup_stm32f10x_hd.o(STACK)

    Global Symbols

    Symbol Name                              Value     Ov Type        Size  Object(Section)

    BuildAttributes$$THM_ISAv4$P$D$K$B$S$PE$A:L22UL41UL21$X:L11$S22US41US21$IEEE1$IW$USESV6$~STKCKD$USESV7$~SHL$OSPACE$ROPI$EBA8$UX$STANDARDLIB$REQ8$PRES8$EABIv2 0x00000000   Number         0  anon$$obj.o ABSOLUTE
    __ARM_use_no_argv                        0x00000000   Number         0  main.o ABSOLUTE
    __ARM_exceptions_init                     - Undefined Weak Reference
    __alloca_initialize                       - Undefined Weak Reference
    __arm_preinit_                            - Undefined Weak Reference
    __cpp_initialize__aeabi_                  - Undefined Weak Reference
    __cxa_finalize                            - Undefined Weak Reference
    __rt_locale                               - Undefined Weak Reference
    __sigvec_lookup                           - Undefined Weak Reference
    _atexit_init                              - Undefined Weak Reference
    _call_atexit_fns                          - Undefined Weak Reference
    _clock_init                               - Undefined Weak Reference
    _fp_trap_init                             - Undefined Weak Reference
    _fp_trap_shutdown                         - Undefined Weak Reference
    _get_lc_collate                           - Undefined Weak Reference
    _get_lc_ctype                             - Undefined Weak Reference
    _get_lc_monetary                          - Undefined Weak Reference
    _get_lc_numeric                           - Undefined Weak Reference
    _get_lc_time                              - Undefined Weak Reference
    _getenv_init                              - Undefined Weak Reference
    _handle_redirection                       - Undefined Weak Reference
    _init_alloc                               - Undefined Weak Reference
    _init_user_alloc                          - Undefined Weak Reference
    _initio                                   - Undefined Weak Reference
    _rand_init                                - Undefined Weak Reference
    _signal_finish                            - Undefined Weak Reference
    _signal_init                              - Undefined Weak Reference
    _terminate_alloc                          - Undefined Weak Reference
    _terminate_user_alloc                     - Undefined Weak Reference
    _terminateio                              - Undefined Weak Reference
    __Vectors_Size                           0x00000130   Number         0  startup_stm32f10x_hd.o ABSOLUTE
    __Vectors                                0x08000000   Data           4  startup_stm32f10x_hd.o(RESET)
    __Vectors_End                            0x08000130   Data           0  startup_stm32f10x_hd.o(RESET)
    __main                                   0x08000131   Thumb Code     8  __main.o(!!!main)
    __scatterload                            0x08000139   Thumb Code     0  __scatter.o(!!!scatter)
    __scatterload_rt2                        0x08000139   Thumb Code    44  __scatter.o(!!!scatter)
    __scatterload_rt2_thumb_only             0x08000139   Thumb Code     0  __scatter.o(!!!scatter)
    __scatterload_null                       0x08000147   Thumb Code     0  __scatter.o(!!!scatter)
    __scatterload_copy                       0x0800016d   Thumb Code    26  __scatter_copy.o(!!handler_copy)
    __scatterload_zeroinit                   0x08000189   Thumb Code    28  __scatter_zi.o(!!handler_zi)
    __rt_lib_init                            0x080001a5   Thumb Code     0  libinit.o(.ARM.Collect$$libinit$$00000000)
    __rt_lib_init_alloca_1                   0x080001a7   Thumb Code     0  libinit2.o(.ARM.Collect$$libinit$$0000002E)
    __rt_lib_init_argv_1                     0x080001a7   Thumb Code     0  libinit2.o(.ARM.Collect$$libinit$$0000002C)
    __rt_lib_init_atexit_1                   0x080001a7   Thumb Code     0  libinit2.o(.ARM.Collect$$libinit$$0000001B)
    __rt_lib_init_clock_1                    0x080001a7   Thumb Code     0  libinit2.o(.ARM.Collect$$libinit$$00000021)
    __rt_lib_init_cpp_1                      0x080001a7   Thumb Code     0  libinit2.o(.ARM.Collect$$libinit$$00000032)
    __rt_lib_init_exceptions_1               0x080001a7   Thumb Code     0  libinit2.o(.ARM.Collect$$libinit$$00000030)
    __rt_lib_init_fp_1                       0x080001a7   Thumb Code     0  libinit2.o(.ARM.Collect$$libinit$$00000002)
    __rt_lib_init_fp_trap_1                  0x080001a7   Thumb Code     0  libinit2.o(.ARM.Collect$$libinit$$0000001F)
    __rt_lib_init_getenv_1                   0x080001a7   Thumb Code     0  libinit2.o(.ARM.Collect$$libinit$$00000023)
    __rt_lib_init_heap_1                     0x080001a7   Thumb Code     0  libinit2.o(.ARM.Collect$$libinit$$0000000A)
    __rt_lib_init_lc_collate_1               0x080001a7   Thumb Code     0  libinit2.o(.ARM.Collect$$libinit$$00000011)
    __rt_lib_init_lc_ctype_1                 0x080001a7   Thumb Code     0  libinit2.o(.ARM.Collect$$libinit$$00000013)
    __rt_lib_init_lc_monetary_1              0x080001a7   Thumb Code     0  libinit2.o(.ARM.Collect$$libinit$$00000015)
    __rt_lib_init_lc_numeric_1               0x080001a7   Thumb Code     0  libinit2.o(.ARM.Collect$$libinit$$00000017)
    __rt_lib_init_lc_time_1                  0x080001a7   Thumb Code     0  libinit2.o(.ARM.Collect$$libinit$$00000019)
    __rt_lib_init_preinit_1                  0x080001a7   Thumb Code     0  libinit2.o(.ARM.Collect$$libinit$$00000004)
    __rt_lib_init_rand_1                     0x080001a7   Thumb Code     0  libinit2.o(.ARM.Collect$$libinit$$0000000E)
    __rt_lib_init_return                     0x080001a7   Thumb Code     0  libinit2.o(.ARM.Collect$$libinit$$00000033)
    __rt_lib_init_signal_1                   0x080001a7   Thumb Code     0  libinit2.o(.ARM.Collect$$libinit$$0000001D)
    __rt_lib_init_stdio_1                    0x080001a7   Thumb Code     0  libinit2.o(.ARM.Collect$$libinit$$00000025)
    __rt_lib_init_user_alloc_1               0x080001a7   Thumb Code     0  libinit2.o(.ARM.Collect$$libinit$$0000000C)
    __rt_lib_shutdown                        0x080001a9   Thumb Code     0  libshutdown.o(.ARM.Collect$$libshutdown$$00000000)
    __rt_lib_shutdown_cpp_1                  0x080001ab   Thumb Code     0  libshutdown2.o(.ARM.Collect$$libshutdown$$00000002)
    __rt_lib_shutdown_fp_trap_1              0x080001ab   Thumb Code     0  libshutdown2.o(.ARM.Collect$$libshutdown$$00000007)
    __rt_lib_shutdown_heap_1                 0x080001ab   Thumb Code     0  libshutdown2.o(.ARM.Collect$$libshutdown$$0000000F)
    __rt_lib_shutdown_return                 0x080001ab   Thumb Code     0  libshutdown2.o(.ARM.Collect$$libshutdown$$00000010)
    __rt_lib_shutdown_signal_1               0x080001ab   Thumb Code     0  libshutdown2.o(.ARM.Collect$$libshutdown$$0000000A)
    __rt_lib_shutdown_stdio_1                0x080001ab   Thumb Code     0  libshutdown2.o(.ARM.Collect$$libshutdown$$00000004)
    __rt_lib_shutdown_user_alloc_1           0x080001ab   Thumb Code     0  libshutdown2.o(.ARM.Collect$$libshutdown$$0000000C)
    __rt_entry                               0x080001ad   Thumb Code     0  __rtentry.o(.ARM.Collect$$rtentry$$00000000)
    __rt_entry_presh_1                       0x080001ad   Thumb Code     0  __rtentry2.o(.ARM.Collect$$rtentry$$00000002)
    __rt_entry_sh                            0x080001ad   Thumb Code     0  __rtentry4.o(.ARM.Collect$$rtentry$$00000004)
    __rt_entry_li                            0x080001b3   Thumb Code     0  __rtentry2.o(.ARM.Collect$$rtentry$$0000000A)
    __rt_entry_postsh_1                      0x080001b3   Thumb Code     0  __rtentry2.o(.ARM.Collect$$rtentry$$00000009)
    __rt_entry_main                          0x080001b7   Thumb Code     0  __rtentry2.o(.ARM.Collect$$rtentry$$0000000D)
    __rt_entry_postli_1                      0x080001b7   Thumb Code     0  __rtentry2.o(.ARM.Collect$$rtentry$$0000000C)
    __rt_exit                                0x080001bf   Thumb Code     0  rtexit.o(.ARM.Collect$$rtexit$$00000000)
    __rt_exit_ls                             0x080001c1   Thumb Code     0  rtexit2.o(.ARM.Collect$$rtexit$$00000003)
    __rt_exit_prels_1                        0x080001c1   Thumb Code     0  rtexit2.o(.ARM.Collect$$rtexit$$00000002)
    __rt_exit_exit                           0x080001c5   Thumb Code     0  rtexit2.o(.ARM.Collect$$rtexit$$00000004)
    Reset_Handler                            0x080001cd   Thumb Code     8  startup_stm32f10x_hd.o(.text)
    ADC1_2_IRQHandler                        0x080001e7   Thumb Code     0  startup_stm32f10x_hd.o(.text)
    ADC3_IRQHandler                          0x080001e7   Thumb Code     0  startup_stm32f10x_hd.o(.text)
    CAN1_RX1_IRQHandler                      0x080001e7   Thumb Code     0  startup_stm32f10x_hd.o(.text)
    CAN1_SCE_IRQHandler                      0x080001e7   Thumb Code     0  startup_stm32f10x_hd.o(.text)
    DMA1_Channel1_IRQHandler                 0x080001e7   Thumb Code     0  startup_stm32f10x_hd.o(.text)
    DMA1_Channel2_IRQHandler                 0x080001e7   Thumb Code     0  startup_stm32f10x_hd.o(.text)
    DMA1_Channel3_IRQHandler                 0x080001e7   Thumb Code     0  startup_stm32f10x_hd.o(.text)
    DMA1_Channel4_IRQHandler                 0x080001e7   Thumb Code     0  startup_stm32f10x_hd.o(.text)
    DMA1_Channel5_IRQHandler                 0x080001e7   Thumb Code     0  startup_stm32f10x_hd.o(.text)
    DMA1_Channel6_IRQHandler                 0x080001e7   Thumb Code     0  startup_stm32f10x_hd.o(.text)
    DMA1_Channel7_IRQHandler                 0x080001e7   Thumb Code     0  startup_stm32f10x_hd.o(.text)
    DMA2_Channel1_IRQHandler                 0x080001e7   Thumb Code     0  startup_stm32f10x_hd.o(.text)
    DMA2_Channel2_IRQHandler                 0x080001e7   Thumb Code     0  startup_stm32f10x_hd.o(.text)
    DMA2_Channel3_IRQHandler                 0x080001e7   Thumb Code     0  startup_stm32f10x_hd.o(.text)
    DMA2_Channel4_5_IRQHandler               0x080001e7   Thumb Code     0  startup_stm32f10x_hd.o(.text)
    EXTI0_IRQHandler                         0x080001e7   Thumb Code     0  startup_stm32f10x_hd.o(.text)
    EXTI15_10_IRQHandler                     0x080001e7   Thumb Code     0  startup_stm32f10x_hd.o(.text)
    EXTI1_IRQHandler                         0x080001e7   Thumb Code     0  startup_stm32f10x_hd.o(.text)
    EXTI2_IRQHandler                         0x080001e7   Thumb Code     0  startup_stm32f10x_hd.o(.text)
    EXTI3_IRQHandler                         0x080001e7   Thumb Code     0  startup_stm32f10x_hd.o(.text)
    EXTI4_IRQHandler                         0x080001e7   Thumb Code     0  startup_stm32f10x_hd.o(.text)
    EXTI9_5_IRQHandler                       0x080001e7   Thumb Code     0  startup_stm32f10x_hd.o(.text)
    FLASH_IRQHandler                         0x080001e7   Thumb Code     0  startup_stm32f10x_hd.o(.text)
    FSMC_IRQHandler                          0x080001e7   Thumb Code     0  startup_stm32f10x_hd.o(.text)
    I2C1_ER_IRQHandler                       0x080001e7   Thumb Code     0  startup_stm32f10x_hd.o(.text)
    I2C1_EV_IRQHandler                       0x080001e7   Thumb Code     0  startup_stm32f10x_hd.o(.text)
    I2C2_ER_IRQHandler                       0x080001e7   Thumb Code     0  startup_stm32f10x_hd.o(.text)
    I2C2_EV_IRQHandler                       0x080001e7   Thumb Code     0  startup_stm32f10x_hd.o(.text)
    PVD_IRQHandler                           0x080001e7   Thumb Code     0  startup_stm32f10x_hd.o(.text)
    RCC_IRQHandler                           0x080001e7   Thumb Code     0  startup_stm32f10x_hd.o(.text)
    RTCAlarm_IRQHandler                      0x080001e7   Thumb Code     0  startup_stm32f10x_hd.o(.text)
    RTC_IRQHandler                           0x080001e7   Thumb Code     0  startup_stm32f10x_hd.o(.text)
    SDIO_IRQHandler                          0x080001e7   Thumb Code     0  startup_stm32f10x_hd.o(.text)
    SPI1_IRQHandler                          0x080001e7   Thumb Code     0  startup_stm32f10x_hd.o(.text)
    SPI2_IRQHandler                          0x080001e7   Thumb Code     0  startup_stm32f10x_hd.o(.text)
    SPI3_IRQHandler                          0x080001e7   Thumb Code     0  startup_stm32f10x_hd.o(.text)
    TAMPER_IRQHandler                        0x080001e7   Thumb Code     0  startup_stm32f10x_hd.o(.text)
    TIM1_BRK_IRQHandler                      0x080001e7   Thumb Code     0  startup_stm32f10x_hd.o(.text)
    TIM1_CC_IRQHandler                       0x080001e7   Thumb Code     0  startup_stm32f10x_hd.o(.text)
    TIM1_TRG_COM_IRQHandler                  0x080001e7   Thumb Code     0  startup_stm32f10x_hd.o(.text)
    TIM1_UP_IRQHandler                       0x080001e7   Thumb Code     0  startup_stm32f10x_hd.o(.text)
    TIM4_IRQHandler                          0x080001e7   Thumb Code     0  startup_stm32f10x_hd.o(.text)
    TIM6_IRQHandler                          0x080001e7   Thumb Code     0  startup_stm32f10x_hd.o(.text)
    TIM7_IRQHandler                          0x080001e7   Thumb Code     0  startup_stm32f10x_hd.o(.text)
    TIM8_BRK_IRQHandler                      0x080001e7   Thumb Code     0  startup_stm32f10x_hd.o(.text)
    TIM8_CC_IRQHandler                       0x080001e7   Thumb Code     0  startup_stm32f10x_hd.o(.text)
    TIM8_TRG_COM_IRQHandler                  0x080001e7   Thumb Code     0  startup_stm32f10x_hd.o(.text)
    TIM8_UP_IRQHandler                       0x080001e7   Thumb Code     0  startup_stm32f10x_hd.o(.text)
    UART4_IRQHandler                         0x080001e7   Thumb Code     0  startup_stm32f10x_hd.o(.text)
    UART5_IRQHandler                         0x080001e7   Thumb Code     0  startup_stm32f10x_hd.o(.text)
    USART2_IRQHandler                        0x080001e7   Thumb Code     0  startup_stm32f10x_hd.o(.text)
    USART3_IRQHandler                        0x080001e7   Thumb Code     0  startup_stm32f10x_hd.o(.text)
    USBWakeUp_IRQHandler                     0x080001e7   Thumb Code     0  startup_stm32f10x_hd.o(.text)
    USB_HP_CAN1_TX_IRQHandler                0x080001e7   Thumb Code     0  startup_stm32f10x_hd.o(.text)
    USB_LP_CAN1_RX0_IRQHandler               0x080001e7   Thumb Code     0  startup_stm32f10x_hd.o(.text)
    WWDG_IRQHandler                          0x080001e7   Thumb Code     0  startup_stm32f10x_hd.o(.text)
    __user_initial_stackheap                 0x080001e9   Thumb Code     0  startup_stm32f10x_hd.o(.text)
    __use_no_semihosting                     0x0800020d   Thumb Code     2  use_no_semi_2.o(.text)
    __use_two_region_memory                  0x0800020f   Thumb Code     2  heapauxi.o(.text)
    __rt_heap_escrow$2region                 0x08000211   Thumb Code     2  heapauxi.o(.text)
    __rt_heap_expand$2region                 0x08000213   Thumb Code     2  heapauxi.o(.text)
    __I$use$semihosting                      0x08000215   Thumb Code     0  use_no_semi.o(.text)
    __use_no_semihosting_swi                 0x08000215   Thumb Code     2  use_no_semi.o(.text)
    __user_setup_stackheap                   0x08000217   Thumb Code    74  sys_stackheap_outer.o(.text)
    exit                                     0x08000261   Thumb Code    18  exit.o(.text)
    __user_libspace                          0x08000275   Thumb Code     8  libspace.o(.text)
    __user_perproc_libspace                  0x08000275   Thumb Code     0  libspace.o(.text)
    __user_perthread_libspace                0x08000275   Thumb Code     0  libspace.o(.text)
    ANO_DT_Send_MotoPWM                      0x0800027d   Thumb Code   294  datatransfer.o(i.ANO_DT_Send_MotoPWM)
    ANO_DT_Send_Senser                       0x080003a9   Thumb Code   374  datatransfer.o(i.ANO_DT_Send_Senser)
    BusFault_Handler                         0x08000525   Thumb Code     4  stm32f10x_it.o(i.BusFault_Handler)
    DMA_ClearFlag                            0x08000529   Thumb Code    18  stm32f10x_dma.o(i.DMA_ClearFlag)
    DMA_Cmd                                  0x08000545   Thumb Code    24  stm32f10x_dma.o(i.DMA_Cmd)
    DMA_DeInit                               0x0800055d   Thumb Code   324  stm32f10x_dma.o(i.DMA_DeInit)
    DMA_Init                                 0x080006a9   Thumb Code    60  stm32f10x_dma.o(i.DMA_Init)
    DMA_SetCurrDataCounter                   0x080006e5   Thumb Code     4  stm32f10x_dma.o(i.DMA_SetCurrDataCounter)
    DatatransferTask                         0x080006f9   Thumb Code   178  datatransfer.o(i.DatatransferTask)
    DebugMon_Handler                         0x080007b9   Thumb Code     2  stm32f10x_it.o(i.DebugMon_Handler)
    Driver_Init                              0x080007bb   Thumb Code    36  driver.o(i.Driver_Init)
    Duty_100ms                               0x080007df   Thumb Code     2  dutytask.o(i.Duty_100ms)
    Duty_10ms                                0x080007e1   Thumb Code     8  dutytask.o(i.Duty_10ms)
    Duty_20ms                                0x080007e9   Thumb Code     2  dutytask.o(i.Duty_20ms)
    Duty_50ms                                0x080007eb   Thumb Code     8  dutytask.o(i.Duty_50ms)
    Duty_5ms                                 0x080007f3   Thumb Code     2  dutytask.o(i.Duty_5ms)
    GPIO_Init                                0x080007f5   Thumb Code   278  stm32f10x_gpio.o(i.GPIO_Init)
    GPIO_PinRemapConfig                      0x0800090d   Thumb Code   138  stm32f10x_gpio.o(i.GPIO_PinRemapConfig)
    GPIO_ResetBits                           0x0800099d   Thumb Code     4  stm32f10x_gpio.o(i.GPIO_ResetBits)
    GPIO_SetBits                             0x080009a1   Thumb Code     4  stm32f10x_gpio.o(i.GPIO_SetBits)
    Get_Distance_Front                       0x080009a5   Thumb Code   148  measure.o(i.Get_Distance_Front)
    HardFault_Handler                        0x08000a4d   Thumb Code     4  stm32f10x_it.o(i.HardFault_Handler)
    LED_Init                                 0x08000a51   Thumb Code    46  led.o(i.LED_Init)
    MemManage_Handler                        0x08000a85   Thumb Code     4  stm32f10x_it.o(i.MemManage_Handler)
    MotorLeft                                0x08000a89   Thumb Code    40  motor.o(i.MotorLeft)
    MotorRight                               0x08000ab9   Thumb Code    42  motor.o(i.MotorRight)
    NMI_Handler                              0x08000aed   Thumb Code     2  stm32f10x_it.o(i.NMI_Handler)
    NVIC_Init                                0x08000af1   Thumb Code   100  misc.o(i.NVIC_Init)
    NVIC_PriorityGroupConfig                 0x08000b61   Thumb Code    10  misc.o(i.NVIC_PriorityGroupConfig)
    NVIC_RESETPRIMASK                        0x08000b75   Thumb Code     4  system.o(i.NVIC_RESETPRIMASK)
    NVIC_SETPRIMASK                          0x08000b79   Thumb Code     4  system.o(i.NVIC_SETPRIMASK)
    PWM_Init                                 0x08000b7d   Thumb Code   170  timer.o(i.PWM_Init)
    PendSV_Handler                           0x08000c31   Thumb Code     2  stm32f10x_it.o(i.PendSV_Handler)
    Pos_Control                              0x08000c35   Thumb Code   144  pid.o(i.Pos_Control)
    RCC_AHBPeriphClockCmd                    0x08000cd9   Thumb Code    26  stm32f10x_rcc.o(i.RCC_AHBPeriphClockCmd)
    RCC_APB1PeriphClockCmd                   0x08000cf9   Thumb Code    26  stm32f10x_rcc.o(i.RCC_APB1PeriphClockCmd)
    RCC_APB2PeriphClockCmd                   0x08000d19   Thumb Code    26  stm32f10x_rcc.o(i.RCC_APB2PeriphClockCmd)
    RCC_GetClocksFreq                        0x08000d39   Thumb Code   192  stm32f10x_rcc.o(i.RCC_GetClocksFreq)
    SVC_Handler                              0x08000e0d   Thumb Code     2  stm32f10x_it.o(i.SVC_Handler)
    SysTick_CLKSourceConfig                  0x08000ef9   Thumb Code    40  misc.o(i.SysTick_CLKSourceConfig)
    SysTick_Handler                          0x08000f21   Thumb Code     8  delay.o(i.SysTick_Handler)
    SysTick_Init                             0x08000f29   Thumb Code   122  delay.o(i.SysTick_Init)
    SystemInit                               0x08000fb9   Thumb Code    78  system_stm32f10x.o(i.SystemInit)
    TIM2_IRQHandler                          0x08001259   Thumb Code   178  timer.o(i.TIM2_IRQHandler)
    TIM3_IRQHandler                          0x08001315   Thumb Code   176  timer.o(i.TIM3_IRQHandler)
    TIM5_IRQHandler                          0x080013d1   Thumb Code   176  timer.o(i.TIM5_IRQHandler)
    TIM_ARRPreloadConfig                     0x0800148d   Thumb Code    24  stm32f10x_tim.o(i.TIM_ARRPreloadConfig)
    TIM_ClearITPendingBit                    0x080014a5   Thumb Code     6  stm32f10x_tim.o(i.TIM_ClearITPendingBit)
    TIM_Cmd                                  0x080014ab   Thumb Code    24  stm32f10x_tim.o(i.TIM_Cmd)
    TIM_CtrlPWMOutputs                       0x080014c3   Thumb Code    30  stm32f10x_tim.o(i.TIM_CtrlPWMOutputs)
    TIM_GetCapture3                          0x080014e1   Thumb Code     6  stm32f10x_tim.o(i.TIM_GetCapture3)
    TIM_GetITStatus                          0x080014e7   Thumb Code    34  stm32f10x_tim.o(i.TIM_GetITStatus)
    TIM_ICInit                               0x08001509   Thumb Code   150  stm32f10x_tim.o(i.TIM_ICInit)
    TIM_ITConfig                             0x080015b5   Thumb Code    18  stm32f10x_tim.o(i.TIM_ITConfig)
    TIM_OC1Init                              0x080015c9   Thumb Code   132  stm32f10x_tim.o(i.TIM_OC1Init)
    TIM_OC1PreloadConfig                     0x08001661   Thumb Code    18  stm32f10x_tim.o(i.TIM_OC1PreloadConfig)
    TIM_OC2Init                              0x08001675   Thumb Code   154  stm32f10x_tim.o(i.TIM_OC2Init)
    TIM_OC2PolarityConfig                    0x08001719   Thumb Code    26  stm32f10x_tim.o(i.TIM_OC2PolarityConfig)
    TIM_OC2PreloadConfig                     0x08001733   Thumb Code    26  stm32f10x_tim.o(i.TIM_OC2PreloadConfig)
    TIM_OC3PolarityConfig                    0x0800174d   Thumb Code    26  stm32f10x_tim.o(i.TIM_OC3PolarityConfig)
    TIM_SetCompare1                          0x08001767   Thumb Code     4  stm32f10x_tim.o(i.TIM_SetCompare1)
    TIM_SetCompare2                          0x0800176b   Thumb Code     4  stm32f10x_tim.o(i.TIM_SetCompare2)
    TIM_SetCounter                           0x0800176f   Thumb Code     4  stm32f10x_tim.o(i.TIM_SetCounter)
    TIM_SetIC1Prescaler                      0x08001773   Thumb Code    18  stm32f10x_tim.o(i.TIM_SetIC1Prescaler)
    TIM_SetIC2Prescaler                      0x08001785   Thumb Code    26  stm32f10x_tim.o(i.TIM_SetIC2Prescaler)
    TIM_SetIC3Prescaler                      0x0800179f   Thumb Code    18  stm32f10x_tim.o(i.TIM_SetIC3Prescaler)
    TIM_SetIC4Prescaler                      0x080017b1   Thumb Code    26  stm32f10x_tim.o(i.TIM_SetIC4Prescaler)
    TIM_TimeBaseInit                         0x080017cd   Thumb Code   122  stm32f10x_tim.o(i.TIM_TimeBaseInit)
    USART1_IRQHandler                        0x08001871   Thumb Code    52  usart1.o(i.USART1_IRQHandler)
    USART_Cmd                                0x080018ad   Thumb Code    24  stm32f10x_usart.o(i.USART_Cmd)
    USART_DMACmd                             0x080018c5   Thumb Code    18  stm32f10x_usart.o(i.USART_DMACmd)
    USART_GetITStatus                        0x080018d7   Thumb Code    84  stm32f10x_usart.o(i.USART_GetITStatus)
    USART_ITConfig                           0x0800192b   Thumb Code    74  stm32f10x_usart.o(i.USART_ITConfig)
    USART_Init                               0x08001975   Thumb Code   210  stm32f10x_usart.o(i.USART_Init)
    UsageFault_Handler                       0x08001a4d   Thumb Code     4  stm32f10x_it.o(i.UsageFault_Handler)
    Usart1_Init                              0x08001a51   Thumb Code   284  usart1.o(i.Usart1_Init)
    Usart1_Send                              0x08001b81   Thumb Code    58  usart1.o(i.Usart1_Send)
    Wave_Init                                0x08001bc5   Thumb Code   566  timer.o(i.Wave_Init)
    _sys_exit                                0x08001e11   Thumb Code     4  usart1.o(i._sys_exit)
    delay_us                                 0x08001e15   Thumb Code    76  delay.o(i.delay_us)
    kalmanfilter                             0x08001e65   Thumb Code   190  fliter.o(i.kalmanfilter)
    limitfilter                              0x08001f4d   Thumb Code    18  fliter.o(i.limitfilter)
    main                                     0x08001f5f   Thumb Code     8  main.o(i.main)
    taskloop                                 0x08001f69   Thumb Code    86  dutytask.o(i.taskloop)
    __aeabi_dadd                             0x08001fc5   Thumb Code     0  daddsub_clz.o(x$fpl$dadd)
    _dadd                                    0x08001fc5   Thumb Code   332  daddsub_clz.o(x$fpl$dadd)
    __aeabi_d2iz                             0x08002115   Thumb Code     0  dfix.o(x$fpl$dfix)
    _dfix                                    0x08002115   Thumb Code    94  dfix.o(x$fpl$dfix)
    __aeabi_i2d                              0x08002173   Thumb Code     0  dflt_clz.o(x$fpl$dflt)
    _dflt                                    0x08002173   Thumb Code    46  dflt_clz.o(x$fpl$dflt)
    __aeabi_dmul                             0x080021a1   Thumb Code     0  dmul.o(x$fpl$dmul)
    _dmul                                    0x080021a1   Thumb Code   332  dmul.o(x$fpl$dmul)
    __fpl_dnaninf                            0x080022f5   Thumb Code   156  dnaninf.o(x$fpl$dnaninf)
    __fpl_dretinf                            0x08002391   Thumb Code    12  dretinf.o(x$fpl$dretinf)
    __aeabi_dsub                             0x0800239d   Thumb Code     0  daddsub_clz.o(x$fpl$dsub)
    _dsub                                    0x0800239d   Thumb Code   464  daddsub_clz.o(x$fpl$dsub)
    __aeabi_fadd                             0x08002571   Thumb Code     0  faddsub_clz.o(x$fpl$fadd)
    _fadd                                    0x08002571   Thumb Code   196  faddsub_clz.o(x$fpl$fadd)
    __aeabi_fdiv                             0x08002635   Thumb Code     0  fdiv.o(x$fpl$fdiv)
    _fdiv                                    0x08002635   Thumb Code   384  fdiv.o(x$fpl$fdiv)
    __aeabi_f2iz                             0x080027b9   Thumb Code     0  ffix.o(x$fpl$ffix)
    _ffix                                    0x080027b9   Thumb Code    54  ffix.o(x$fpl$ffix)
    __aeabi_i2f                              0x080027f1   Thumb Code     0  fflt_clz.o(x$fpl$fflt)
    _fflt                                    0x080027f1   Thumb Code    48  fflt_clz.o(x$fpl$fflt)
    __aeabi_fmul                             0x08002821   Thumb Code     0  fmul.o(x$fpl$fmul)
    _fmul                                    0x08002821   Thumb Code   258  fmul.o(x$fpl$fmul)
    __fpl_fnaninf                            0x08002923   Thumb Code   140  fnaninf.o(x$fpl$fnaninf)
    __fpl_fretinf                            0x080029af   Thumb Code    10  fretinf.o(x$fpl$fretinf)
    __aeabi_fsub                             0x080029b9   Thumb Code     0  faddsub_clz.o(x$fpl$fsub)
    _fsub                                    0x080029b9   Thumb Code   234  faddsub_clz.o(x$fpl$fsub)
    __I$use$fp                               0x08002aa2   Number         0  usenofp.o(x$fpl$usenofp)
    Region$$Table$$Base                      0x08002aa4   Number         0  anon$$obj.o(Region$$Table)
    Region$$Table$$Limit                     0x08002ac4   Number         0  anon$$obj.o(Region$$Table)
    SystemCoreClock                          0x20000000   Data           4  system_stm32f10x.o(.data)
    AHBPrescTable                            0x20000004   Data          16  system_stm32f10x.o(.data)
    TIM2CH2_CAPTURE_STA                      0x2000002a   Data           1  timer.o(.data)
    TIM2CH2_CAPTURE_VAL                      0x2000002c   Data           2  timer.o(.data)
    TIM3CH3_CAPTURE_STA                      0x2000002e   Data           1  timer.o(.data)
    TIM3CH3_CAPTURE_VAL                      0x20000030   Data           2  timer.o(.data)
    TIM5CH3_CAPTURE_STA                      0x20000032   Data           1  timer.o(.data)
    TIM5CH3_CAPTURE_VAL                      0x20000034   Data           2  timer.o(.data)
    distance                                 0x20000048   Data           6  measure.o(.data)
    USART1_RXBUFF                            0x20000078   Data         256  usart1.o(.bss)
    USART1_TXBUFF                            0x20000178   Data         256  usart1.o(.bss)
    data_to_send                             0x20000278   Data          50  datatransfer.o(.bss)
    __Motordata                              0x200002aa   Data          16  datatransfer.o(.bss)
    __Sensordata                             0x200002ba   Data          18  datatransfer.o(.bss)
    __libspace_start                         0x200002cc   Data          96  libspace.o(.bss)
    __temporary_stack_top$libspace           0x2000032c   Data           0  libspace.o(.bss)



==============================================================================

Memory Map of the image

  Image Entry point : 0x08000131

  Load Region LR_IROM1 (Base: 0x08000000, Size: 0x00002b3c, Max: 0x00040000, ABSOLUTE)

    Execution Region ER_IROM1 (Exec base: 0x08000000, Load base: 0x08000000, Size: 0x00002ac4, Max: 0x00040000, ABSOLUTE)

    Exec Addr    Load Addr    Size         Type   Attr      Idx    E Section Name        Object

    0x08000000   0x08000000   0x00000130   Data   RO          251    RESET               startup_stm32f10x_hd.o
    0x08000130   0x08000130   0x00000008   Code   RO         3636  * !!!main             c_w.l(__main.o)
    0x08000138   0x08000138   0x00000034   Code   RO         3840    !!!scatter          c_w.l(__scatter.o)
    0x0800016c   0x0800016c   0x0000001a   Code   RO         3842    !!handler_copy      c_w.l(__scatter_copy.o)
    0x08000186   0x08000186   0x00000002   PAD
    0x08000188   0x08000188   0x0000001c   Code   RO         3844    !!handler_zi        c_w.l(__scatter_zi.o)
    0x080001a4   0x080001a4   0x00000002   Code   RO         3714    .ARM.Collect$$libinit$$00000000  c_w.l(libinit.o)
    0x080001a6   0x080001a6   0x00000000   Code   RO         3721    .ARM.Collect$$libinit$$00000002  c_w.l(libinit2.o)
    0x080001a6   0x080001a6   0x00000000   Code   RO         3723    .ARM.Collect$$libinit$$00000004  c_w.l(libinit2.o)
    0x080001a6   0x080001a6   0x00000000   Code   RO         3726    .ARM.Collect$$libinit$$0000000A  c_w.l(libinit2.o)
    0x080001a6   0x080001a6   0x00000000   Code   RO         3728    .ARM.Collect$$libinit$$0000000C  c_w.l(libinit2.o)
    0x080001a6   0x080001a6   0x00000000   Code   RO         3730    .ARM.Collect$$libinit$$0000000E  c_w.l(libinit2.o)
    0x080001a6   0x080001a6   0x00000000   Code   RO         3733    .ARM.Collect$$libinit$$00000011  c_w.l(libinit2.o)
    0x080001a6   0x080001a6   0x00000000   Code   RO         3735    .ARM.Collect$$libinit$$00000013  c_w.l(libinit2.o)
    0x080001a6   0x080001a6   0x00000000   Code   RO         3737    .ARM.Collect$$libinit$$00000015  c_w.l(libinit2.o)
    0x080001a6   0x080001a6   0x00000000   Code   RO         3739    .ARM.Collect$$libinit$$00000017  c_w.l(libinit2.o)
    0x080001a6   0x080001a6   0x00000000   Code   RO         3741    .ARM.Collect$$libinit$$00000019  c_w.l(libinit2.o)
    0x080001a6   0x080001a6   0x00000000   Code   RO         3743    .ARM.Collect$$libinit$$0000001B  c_w.l(libinit2.o)
    0x080001a6   0x080001a6   0x00000000   Code   RO         3745    .ARM.Collect$$libinit$$0000001D  c_w.l(libinit2.o)
    0x080001a6   0x080001a6   0x00000000   Code   RO         3747    .ARM.Collect$$libinit$$0000001F  c_w.l(libinit2.o)
    0x080001a6   0x080001a6   0x00000000   Code   RO         3749    .ARM.Collect$$libinit$$00000021  c_w.l(libinit2.o)
    0x080001a6   0x080001a6   0x00000000   Code   RO         3751    .ARM.Collect$$libinit$$00000023  c_w.l(libinit2.o)
    0x080001a6   0x080001a6   0x00000000   Code   RO         3753    .ARM.Collect$$libinit$$00000025  c_w.l(libinit2.o)
    0x080001a6   0x080001a6   0x00000000   Code   RO         3757    .ARM.Collect$$libinit$$0000002C  c_w.l(libinit2.o)
    0x080001a6   0x080001a6   0x00000000   Code   RO         3759    .ARM.Collect$$libinit$$0000002E  c_w.l(libinit2.o)
    0x080001a6   0x080001a6   0x00000000   Code   RO         3761    .ARM.Collect$$libinit$$00000030  c_w.l(libinit2.o)
    0x080001a6   0x080001a6   0x00000000   Code   RO         3763    .ARM.Collect$$libinit$$00000032  c_w.l(libinit2.o)
    0x080001a6   0x080001a6   0x00000002   Code   RO         3764    .ARM.Collect$$libinit$$00000033  c_w.l(libinit2.o)
    0x080001a8   0x080001a8   0x00000002   Code   RO         3782    .ARM.Collect$$libshutdown$$00000000  c_w.l(libshutdown.o)
    0x080001aa   0x080001aa   0x00000000   Code   RO         3792    .ARM.Collect$$libshutdown$$00000002  c_w.l(libshutdown2.o)
    0x080001aa   0x080001aa   0x00000000   Code   RO         3794    .ARM.Collect$$libshutdown$$00000004  c_w.l(libshutdown2.o)
    0x080001aa   0x080001aa   0x00000000   Code   RO         3797    .ARM.Collect$$libshutdown$$00000007  c_w.l(libshutdown2.o)
    0x080001aa   0x080001aa   0x00000000   Code   RO         3800    .ARM.Collect$$libshutdown$$0000000A  c_w.l(libshutdown2.o)
    0x080001aa   0x080001aa   0x00000000   Code   RO         3802    .ARM.Collect$$libshutdown$$0000000C  c_w.l(libshutdown2.o)
    0x080001aa   0x080001aa   0x00000000   Code   RO         3805    .ARM.Collect$$libshutdown$$0000000F  c_w.l(libshutdown2.o)
    0x080001aa   0x080001aa   0x00000002   Code   RO         3806    .ARM.Collect$$libshutdown$$00000010  c_w.l(libshutdown2.o)
    0x080001ac   0x080001ac   0x00000000   Code   RO         3680    .ARM.Collect$$rtentry$$00000000  c_w.l(__rtentry.o)
    0x080001ac   0x080001ac   0x00000000   Code   RO         3691    .ARM.Collect$$rtentry$$00000002  c_w.l(__rtentry2.o)
    0x080001ac   0x080001ac   0x00000006   Code   RO         3703    .ARM.Collect$$rtentry$$00000004  c_w.l(__rtentry4.o)
    0x080001b2   0x080001b2   0x00000000   Code   RO         3693    .ARM.Collect$$rtentry$$00000009  c_w.l(__rtentry2.o)
    0x080001b2   0x080001b2   0x00000004   Code   RO         3694    .ARM.Collect$$rtentry$$0000000A  c_w.l(__rtentry2.o)
    0x080001b6   0x080001b6   0x00000000   Code   RO         3696    .ARM.Collect$$rtentry$$0000000C  c_w.l(__rtentry2.o)
    0x080001b6   0x080001b6   0x00000008   Code   RO         3697    .ARM.Collect$$rtentry$$0000000D  c_w.l(__rtentry2.o)
    0x080001be   0x080001be   0x00000002   Code   RO         3718    .ARM.Collect$$rtexit$$00000000  c_w.l(rtexit.o)
    0x080001c0   0x080001c0   0x00000000   Code   RO         3766    .ARM.Collect$$rtexit$$00000002  c_w.l(rtexit2.o)
    0x080001c0   0x080001c0   0x00000004   Code   RO         3767    .ARM.Collect$$rtexit$$00000003  c_w.l(rtexit2.o)
    0x080001c4   0x080001c4   0x00000006   Code   RO         3768    .ARM.Collect$$rtexit$$00000004  c_w.l(rtexit2.o)
    0x080001ca   0x080001ca   0x00000002   PAD
    0x080001cc   0x080001cc   0x00000040   Code   RO          252    .text               startup_stm32f10x_hd.o
    0x0800020c   0x0800020c   0x00000002   Code   RO         3632    .text               c_w.l(use_no_semi_2.o)
    0x0800020e   0x0800020e   0x00000006   Code   RO         3634    .text               c_w.l(heapauxi.o)
    0x08000214   0x08000214   0x00000002   Code   RO         3678    .text               c_w.l(use_no_semi.o)
    0x08000216   0x08000216   0x0000004a   Code   RO         3705    .text               c_w.l(sys_stackheap_outer.o)
    0x08000260   0x08000260   0x00000012   Code   RO         3707    .text               c_w.l(exit.o)
    0x08000272   0x08000272   0x00000002   PAD
    0x08000274   0x08000274   0x00000008   Code   RO         3715    .text               c_w.l(libspace.o)
    0x0800027c   0x0800027c   0x0000012c   Code   RO         3534    i.ANO_DT_Send_MotoPWM  datatransfer.o
    0x080003a8   0x080003a8   0x0000017c   Code   RO         3537    i.ANO_DT_Send_Senser  datatransfer.o
    0x08000524   0x08000524   0x00000004   Code   RO          147    i.BusFault_Handler  stm32f10x_it.o
    0x08000528   0x08000528   0x0000001c   Code   RO         1007    i.DMA_ClearFlag     stm32f10x_dma.o
    0x08000544   0x08000544   0x00000018   Code   RO         1009    i.DMA_Cmd           stm32f10x_dma.o
    0x0800055c   0x0800055c   0x0000014c   Code   RO         1010    i.DMA_DeInit        stm32f10x_dma.o
    0x080006a8   0x080006a8   0x0000003c   Code   RO         1015    i.DMA_Init          stm32f10x_dma.o
    0x080006e4   0x080006e4   0x00000004   Code   RO         1016    i.DMA_SetCurrDataCounter  stm32f10x_dma.o
    0x080006e8   0x080006e8   0x00000010   Code   RO         3539    i.Data_Send         datatransfer.o
    0x080006f8   0x080006f8   0x000000c0   Code   RO         3540    i.DatatransferTask  datatransfer.o
    0x080007b8   0x080007b8   0x00000002   Code   RO          148    i.DebugMon_Handler  stm32f10x_it.o
    0x080007ba   0x080007ba   0x00000024   Code   RO         3411    i.Driver_Init       driver.o
    0x080007de   0x080007de   0x00000002   Code   RO         3441    i.Duty_100ms        dutytask.o
    0x080007e0   0x080007e0   0x00000008   Code   RO         3442    i.Duty_10ms         dutytask.o
    0x080007e8   0x080007e8   0x00000002   Code   RO         3443    i.Duty_20ms         dutytask.o
    0x080007ea   0x080007ea   0x00000008   Code   RO         3444    i.Duty_50ms         dutytask.o
    0x080007f2   0x080007f2   0x00000002   Code   RO         3445    i.Duty_5ms          dutytask.o
    0x080007f4   0x080007f4   0x00000116   Code   RO         1433    i.GPIO_Init         stm32f10x_gpio.o
    0x0800090a   0x0800090a   0x00000002   PAD
    0x0800090c   0x0800090c   0x00000090   Code   RO         1435    i.GPIO_PinRemapConfig  stm32f10x_gpio.o
    0x0800099c   0x0800099c   0x00000004   Code   RO         1440    i.GPIO_ResetBits    stm32f10x_gpio.o
    0x080009a0   0x080009a0   0x00000004   Code   RO         1441    i.GPIO_SetBits      stm32f10x_gpio.o
    0x080009a4   0x080009a4   0x000000a8   Code   RO         3503    i.Get_Distance_Front  measure.o
    0x08000a4c   0x08000a4c   0x00000004   Code   RO          149    i.HardFault_Handler  stm32f10x_it.o
    0x08000a50   0x08000a50   0x00000034   Code   RO         3295    i.LED_Init          led.o
    0x08000a84   0x08000a84   0x00000004   Code   RO          150    i.MemManage_Handler  stm32f10x_it.o
    0x08000a88   0x08000a88   0x00000030   Code   RO         3593    i.MotorLeft         motor.o
    0x08000ab8   0x08000ab8   0x00000034   Code   RO         3594    i.MotorRight        motor.o
    0x08000aec   0x08000aec   0x00000002   Code   RO          151    i.NMI_Handler       stm32f10x_it.o
    0x08000aee   0x08000aee   0x00000002   PAD
    0x08000af0   0x08000af0   0x00000070   Code   RO          256    i.NVIC_Init         misc.o
    0x08000b60   0x08000b60   0x00000014   Code   RO          257    i.NVIC_PriorityGroupConfig  misc.o
    0x08000b74   0x08000b74   0x00000004   Code   RO         3423    i.NVIC_RESETPRIMASK  system.o
    0x08000b78   0x08000b78   0x00000004   Code   RO         3424    i.NVIC_SETPRIMASK   system.o
    0x08000b7c   0x08000b7c   0x000000b4   Code   RO         3325    i.PWM_Init          timer.o
    0x08000c30   0x08000c30   0x00000002   Code   RO          152    i.PendSV_Handler    stm32f10x_it.o
    0x08000c32   0x08000c32   0x00000002   PAD
    0x08000c34   0x08000c34   0x000000a4   Code   RO         3484    i.Pos_Control       pid.o
    0x08000cd8   0x08000cd8   0x00000020   Code   RO         1848    i.RCC_AHBPeriphClockCmd  stm32f10x_rcc.o
    0x08000cf8   0x08000cf8   0x00000020   Code   RO         1849    i.RCC_APB1PeriphClockCmd  stm32f10x_rcc.o
    0x08000d18   0x08000d18   0x00000020   Code   RO         1851    i.RCC_APB2PeriphClockCmd  stm32f10x_rcc.o
    0x08000d38   0x08000d38   0x000000d4   Code   RO         1859    i.RCC_GetClocksFreq  stm32f10x_rcc.o
    0x08000e0c   0x08000e0c   0x00000002   Code   RO          153    i.SVC_Handler       stm32f10x_it.o
    0x08000e0e   0x08000e0e   0x00000008   Code   RO          204    i.SetSysClock       system_stm32f10x.o
    0x08000e16   0x08000e16   0x00000002   PAD
    0x08000e18   0x08000e18   0x000000e0   Code   RO          205    i.SetSysClockTo72   system_stm32f10x.o
    0x08000ef8   0x08000ef8   0x00000028   Code   RO          260    i.SysTick_CLKSourceConfig  misc.o
    0x08000f20   0x08000f20   0x00000008   Code   RO         3249    i.SysTick_Handler   delay.o
    0x08000f28   0x08000f28   0x00000090   Code   RO         3250    i.SysTick_Init      delay.o
    0x08000fb8   0x08000fb8   0x00000060   Code   RO          207    i.SystemInit        system_stm32f10x.o
    0x08001018   0x08001018   0x00000080   Code   RO         2467    i.TI1_Config        stm32f10x_tim.o
    0x08001098   0x08001098   0x00000098   Code   RO         2468    i.TI2_Config        stm32f10x_tim.o
    0x08001130   0x08001130   0x00000090   Code   RO         2469    i.TI3_Config        stm32f10x_tim.o
    0x080011c0   0x080011c0   0x00000098   Code   RO         2470    i.TI4_Config        stm32f10x_tim.o
    0x08001258   0x08001258   0x000000bc   Code   RO         3326    i.TIM2_IRQHandler   timer.o
    0x08001314   0x08001314   0x000000bc   Code   RO         3327    i.TIM3_IRQHandler   timer.o
    0x080013d0   0x080013d0   0x000000bc   Code   RO         3328    i.TIM5_IRQHandler   timer.o
    0x0800148c   0x0800148c   0x00000018   Code   RO         2471    i.TIM_ARRPreloadConfig  stm32f10x_tim.o
    0x080014a4   0x080014a4   0x00000006   Code   RO         2478    i.TIM_ClearITPendingBit  stm32f10x_tim.o
    0x080014aa   0x080014aa   0x00000018   Code   RO         2483    i.TIM_Cmd           stm32f10x_tim.o
    0x080014c2   0x080014c2   0x0000001e   Code   RO         2485    i.TIM_CtrlPWMOutputs  stm32f10x_tim.o
    0x080014e0   0x080014e0   0x00000006   Code   RO         2500    i.TIM_GetCapture3   stm32f10x_tim.o
    0x080014e6   0x080014e6   0x00000022   Code   RO         2504    i.TIM_GetITStatus   stm32f10x_tim.o
    0x08001508   0x08001508   0x000000ac   Code   RO         2506    i.TIM_ICInit        stm32f10x_tim.o
    0x080015b4   0x080015b4   0x00000012   Code   RO         2508    i.TIM_ITConfig      stm32f10x_tim.o
    0x080015c6   0x080015c6   0x00000002   PAD
    0x080015c8   0x080015c8   0x00000098   Code   RO         2512    i.TIM_OC1Init       stm32f10x_tim.o
    0x08001660   0x08001660   0x00000012   Code   RO         2515    i.TIM_OC1PreloadConfig  stm32f10x_tim.o
    0x08001672   0x08001672   0x00000002   PAD
    0x08001674   0x08001674   0x000000a4   Code   RO         2517    i.TIM_OC2Init       stm32f10x_tim.o
    0x08001718   0x08001718   0x0000001a   Code   RO         2519    i.TIM_OC2PolarityConfig  stm32f10x_tim.o
    0x08001732   0x08001732   0x0000001a   Code   RO         2520    i.TIM_OC2PreloadConfig  stm32f10x_tim.o
    0x0800174c   0x0800174c   0x0000001a   Code   RO         2524    i.TIM_OC3PolarityConfig  stm32f10x_tim.o
    0x08001766   0x08001766   0x00000004   Code   RO         2544    i.TIM_SetCompare1   stm32f10x_tim.o
    0x0800176a   0x0800176a   0x00000004   Code   RO         2545    i.TIM_SetCompare2   stm32f10x_tim.o
    0x0800176e   0x0800176e   0x00000004   Code   RO         2548    i.TIM_SetCounter    stm32f10x_tim.o
    0x08001772   0x08001772   0x00000012   Code   RO         2549    i.TIM_SetIC1Prescaler  stm32f10x_tim.o
    0x08001784   0x08001784   0x0000001a   Code   RO         2550    i.TIM_SetIC2Prescaler  stm32f10x_tim.o
    0x0800179e   0x0800179e   0x00000012   Code   RO         2551    i.TIM_SetIC3Prescaler  stm32f10x_tim.o
    0x080017b0   0x080017b0   0x0000001a   Code   RO         2552    i.TIM_SetIC4Prescaler  stm32f10x_tim.o
    0x080017ca   0x080017ca   0x00000002   PAD
    0x080017cc   0x080017cc   0x000000a4   Code   RO         2554    i.TIM_TimeBaseInit  stm32f10x_tim.o
    0x08001870   0x08001870   0x0000003c   Code   RO         3367    i.USART1_IRQHandler  usart1.o
    0x080018ac   0x080018ac   0x00000018   Code   RO         3019    i.USART_Cmd         stm32f10x_usart.o
    0x080018c4   0x080018c4   0x00000012   Code   RO         3020    i.USART_DMACmd      stm32f10x_usart.o
    0x080018d6   0x080018d6   0x00000054   Code   RO         3023    i.USART_GetITStatus  stm32f10x_usart.o
    0x0800192a   0x0800192a   0x0000004a   Code   RO         3025    i.USART_ITConfig    stm32f10x_usart.o
    0x08001974   0x08001974   0x000000d8   Code   RO         3026    i.USART_Init        stm32f10x_usart.o
    0x08001a4c   0x08001a4c   0x00000004   Code   RO          154    i.UsageFault_Handler  stm32f10x_it.o
    0x08001a50   0x08001a50   0x00000130   Code   RO         3368    i.Usart1_Init       usart1.o
    0x08001b80   0x08001b80   0x00000044   Code   RO         3369    i.Usart1_Send       usart1.o
    0x08001bc4   0x08001bc4   0x0000024c   Code   RO         3329    i.Wave_Init         timer.o
    0x08001e10   0x08001e10   0x00000004   Code   RO         3370    i._sys_exit         usart1.o
    0x08001e14   0x08001e14   0x00000050   Code   RO         3252    i.delay_us          delay.o
    0x08001e64   0x08001e64   0x000000e8   Code   RO         3611    i.kalmanfilter      fliter.o
    0x08001f4c   0x08001f4c   0x00000012   Code   RO         3612    i.limitfilter       fliter.o
    0x08001f5e   0x08001f5e   0x00000008   Code   RO            1    i.main              main.o
    0x08001f66   0x08001f66   0x00000002   PAD
    0x08001f68   0x08001f68   0x0000005c   Code   RO         3446    i.taskloop          dutytask.o
    0x08001fc4   0x08001fc4   0x00000150   Code   RO         3638    x$fpl$dadd          fz_ws.l(daddsub_clz.o)
    0x08002114   0x08002114   0x0000005e   Code   RO         3644    x$fpl$dfix          fz_ws.l(dfix.o)
    0x08002172   0x08002172   0x0000002e   Code   RO         3649    x$fpl$dflt          fz_ws.l(dflt_clz.o)
    0x080021a0   0x080021a0   0x00000154   Code   RO         3654    x$fpl$dmul          fz_ws.l(dmul.o)
    0x080022f4   0x080022f4   0x0000009c   Code   RO         3681    x$fpl$dnaninf       fz_ws.l(dnaninf.o)
    0x08002390   0x08002390   0x0000000c   Code   RO         3683    x$fpl$dretinf       fz_ws.l(dretinf.o)
    0x0800239c   0x0800239c   0x000001d4   Code   RO         3640    x$fpl$dsub          fz_ws.l(daddsub_clz.o)
    0x08002570   0x08002570   0x000000c4   Code   RO         3656    x$fpl$fadd          fz_ws.l(faddsub_clz.o)
    0x08002634   0x08002634   0x00000184   Code   RO         3663    x$fpl$fdiv          fz_ws.l(fdiv.o)
    0x080027b8   0x080027b8   0x00000036   Code   RO         3666    x$fpl$ffix          fz_ws.l(ffix.o)
    0x080027ee   0x080027ee   0x00000002   PAD
    0x080027f0   0x080027f0   0x00000030   Code   RO         3671    x$fpl$fflt          fz_ws.l(fflt_clz.o)
    0x08002820   0x08002820   0x00000102   Code   RO         3676    x$fpl$fmul          fz_ws.l(fmul.o)
    0x08002922   0x08002922   0x0000008c   Code   RO         3685    x$fpl$fnaninf       fz_ws.l(fnaninf.o)
    0x080029ae   0x080029ae   0x0000000a   Code   RO         3687    x$fpl$fretinf       fz_ws.l(fretinf.o)
    0x080029b8   0x080029b8   0x000000ea   Code   RO         3658    x$fpl$fsub          fz_ws.l(faddsub_clz.o)
    0x08002aa2   0x08002aa2   0x00000000   Code   RO         3689    x$fpl$usenofp       fz_ws.l(usenofp.o)
    0x08002aa2   0x08002aa2   0x00000002   PAD
    0x08002aa4   0x08002aa4   0x00000020   Data   RO         3838    Region$$Table       anon$$obj.o


    Execution Region RW_IRAM1 (Exec base: 0x20000000, Load base: 0x08002ac4, Size: 0x00000930, Max: 0x0000c000, ABSOLUTE)

    Exec Addr    Load Addr    Size         Type   Attr      Idx    E Section Name        Object

    0x20000000   0x08002ac4   0x00000014   Data   RW          208    .data               system_stm32f10x.o
    0x20000014   0x08002ad8   0x00000014   Data   RW         1879    .data               stm32f10x_rcc.o
    0x20000028   0x08002aec   0x00000001   Data   RW         3253    .data               delay.o
    0x20000029   0x08002aed   0x00000001   PAD
    0x2000002a   0x08002aee   0x0000000c   Data   RW         3330    .data               timer.o
    0x20000036   0x08002afa   0x00000002   PAD
    0x20000038   0x08002afc   0x00000004   Data   RW         3447    .data               dutytask.o
    0x2000003c   0x08002b00   0x0000000c   Data   RW         3486    .data               pid.o
    0x20000048   0x08002b0c   0x00000006   Data   RW         3506    .data               measure.o
    0x2000004e   0x08002b12   0x00000001   Data   RW         3542    .data               datatransfer.o
    0x2000004f   0x08002b13   0x00000001   PAD
    0x20000050   0x08002b14   0x00000025   Data   RW         3613    .data               fliter.o
    0x20000075   0x08002b39   0x00000003   PAD
    0x20000078        -       0x00000200   Zero   RW         3372    .bss                usart1.o
    0x20000278        -       0x00000054   Zero   RW         3541    .bss                datatransfer.o
    0x200002cc        -       0x00000060   Zero   RW         3716    .bss                c_w.l(libspace.o)
    0x2000032c   0x08002b39   0x00000004   PAD
    0x20000330        -       0x00000200   Zero   RW          250    HEAP                startup_stm32f10x_hd.o
    0x20000530        -       0x00000400   Zero   RW          249    STACK               startup_stm32f10x_hd.o


==============================================================================

Image component sizes


      Code (inc. data)   RO Data    RW Data    ZI Data      Debug   Object Name

         0          0          0          0          0         32   core_cm3.o
       888         26          0          1         84       4650   datatransfer.o
       232         26          0          1          0      17103   delay.o
        36          0          0          0          0        486   driver.o
       114          6          0          4          0       2871   dutytask.o
       250         42          0         37          0       1569   fliter.o
        52          6          0          0          0        507   led.o
         8          0          0          0          0      58435   main.o
       168         20          0          6          0       1252   measure.o
       172         22          0          0          0     206997   misc.o
       100         18          0          0          0       1105   motor.o
       164         20          0         12          0       1130   pid.o
        64         26        304          0       1536        832   startup_stm32f10x_hd.o
       448         18          0          0          0       4655   stm32f10x_dma.o
       430          6          0          0          0       4010   stm32f10x_gpio.o
        24          0          0          0          0       3520   stm32f10x_it.o
       308         38          0         20          0       5166   stm32f10x_rcc.o
      1566        180          0          0          0      17332   stm32f10x_tim.o
       416          6          0          0          0       5205   stm32f10x_usart.o
         8          0          0          0          0        906   system.o
       328         28          0         20          0       2217   system_stm32f10x.o
      1332         66          0         12          0       3939   timer.o
       436         38          0          0        512       4402   usart1.o

    ----------------------------------------------------------------------
      7560        592        336        120       2132     348321   Object Totals
         0          0         32          0          0          0   (incl. Generated)
        16          0          0          7          0          0   (incl. Padding)

    ----------------------------------------------------------------------

      Code (inc. data)   RO Data    RW Data    ZI Data      Debug   Library Member Name

         8          0          0          0          0         68   __main.o
         0          0          0          0          0          0   __rtentry.o
        12          0          0          0          0          0   __rtentry2.o
         6          0          0          0          0          0   __rtentry4.o
        52          8          0          0          0          0   __scatter.o
        26          0          0          0          0          0   __scatter_copy.o
        28          0          0          0          0          0   __scatter_zi.o
        18          0          0          0          0         80   exit.o
         6          0          0          0          0        152   heapauxi.o
         2          0          0          0          0          0   libinit.o
         2          0          0          0          0          0   libinit2.o
         2          0          0          0          0          0   libshutdown.o
         2          0          0          0          0          0   libshutdown2.o
         8          4          0          0         96         68   libspace.o
         2          0          0          0          0          0   rtexit.o
        10          0          0          0          0          0   rtexit2.o
        74          0          0          0          0         80   sys_stackheap_outer.o
         2          0          0          0          0         68   use_no_semi.o
         2          0          0          0          0         68   use_no_semi_2.o
       804         16          0          0          0        272   daddsub_clz.o
        94          4          0          0          0         92   dfix.o
        46          0          0          0          0         68   dflt_clz.o
       340         12          0          0          0        104   dmul.o
       156          4          0          0          0         92   dnaninf.o
        12          0          0          0          0         68   dretinf.o
       430          8          0          0          0        168   faddsub_clz.o
       388         76          0          0          0         96   fdiv.o
        54          4          0          0          0         84   ffix.o
        48          0          0          0          0         68   fflt_clz.o
       258          4          0          0          0         84   fmul.o
       140          4          0          0          0         84   fnaninf.o
        10          0          0          0          0         68   fretinf.o
         0          0          0          0          0          0   usenofp.o

    ----------------------------------------------------------------------
      3052        144          0          0        100       1932   Library Totals
        10          0          0          0          4          0   (incl. Padding)

    ----------------------------------------------------------------------

      Code (inc. data)   RO Data    RW Data    ZI Data      Debug   Library Name

       262         12          0          0         96        584   c_w.l
      2780        132          0          0          0       1348   fz_ws.l

    ----------------------------------------------------------------------
      3052        144          0          0        100       1932   Library Totals

    ----------------------------------------------------------------------

==============================================================================


      Code (inc. data)   RO Data    RW Data    ZI Data      Debug   

     10612        736        336        120       2232     344841   Grand Totals
     10612        736        336        120       2232     344841   ELF Image Totals
     10612        736        336        120          0          0   ROM Totals

==============================================================================

    Total RO  Size (Code + RO Data)                10948 (  10.69kB)
    Total RW  Size (RW Data + ZI Data)              2352 (   2.30kB)
    Total ROM Size (Code + RO Data + RW Data)      11068 (  10.81kB)

==============================================================================

